185.119.81.98 - - [30/Nov/2022:00:10:00 +0000] kevin.burke.dev "POST /wp-login.php HTTP/1.1" 200 6006 0.047 "https://kevin.burke.dev/wp-login.php" "Mozilla/5.0 (Windows NT 6.1) AppleWebKit/537.36 (KHTML, like Gecko) Chrome/46.0.2490.86 Safari/537.36"
36.150.60.24 - - [30/Nov/2022:00:10:03 +0000] kevin.burke.dev "GET / HTTP/1.1" 301 5 0.129 "-" "Mozilla/5.0 (Macintosh; Intel Mac OS X 10_11) AppleWebKit/601.1.27 (KHTML, like Gecko) Chrome/47.0.2526.106 Safari/601.1.27"
207.46.13.27 - - [30/Nov/2022:00:10:07 +0000] kevin.burke.dev "GET / HTTP/1.1" 200 26369 0.101 "-" "Mozilla/5.0 AppleWebKit/537.36 (KHTML, like Gecko; compatible; bingbot/2.0; +http://www.bing.com/bingbot.htm) Chrome/103.0.5060.134 Safari/537.36"
2600:1012:b003:d6d2:745b:3e22:3649:5585 - - [30/Nov/2022:00:10:07 +0000] kevin.burke.dev "GET /wp-includes/css/dist/block-library/style.min.css?ver=6.0.1 HTTP/1.1" 200 88932 0.057 "-" "Mozilla/5.0 (Linux; Android 13; SM-S906U) AppleWebKit/537.36 (KHTML, like Gecko) Chrome/104.0.0.0 Mobile Safari/537.36"
2600:1012:b003:d6d2:745b:3e22:3649:5585 - - [30/Nov/2022:00:10:07 +0000] kevin.burke.dev "GET /wp-content/themes/flat-ui/style.css?ver=20190507 HTTP/1.1" 200 12464 0.000 "-" "Mozilla/5.0 (Linux; Android 13; SM-S906U) AppleWebKit/537.36 (KHTML, like Gecko) Chrome/104.0.0.0 Mobile Safari/537.36"
2600:1012:b003:d6d2:745b:3e22:3649:5585 - - [30/Nov/2022:00:10:07 +0000] kevin.burke.dev "GET /wp-content/themes/flat-ui/css/blog.css?ver=6.0.1 HTTP/1.1" 200 7644 0.000 "https://kevin.burke.dev/kevin/how-to-get-a-human-operator-on-the-california-edd-paid-family-leave-line/" "Mozilla/5.0 (Linux; Android 13; SM-S906U) AppleWebKit/537.36 (KHTML, like Gecko) Chrome/104.0.0.0 Mobile Safari/537.36"
2600:1012:b003:d6d2:745b:3e22:3649:5585 - - [30/Nov/2022:00:10:07 +0000] kevin.burke.dev "GET /wp-content/themes/twentytwelve/css/blocks.css?ver=20190406 HTTP/1.1" 200 10553 0.000 "https://kevin.burke.dev/kevin/how-to-get-a-human-operator-on-the-california-edd-paid-family-leave-line/" "Mozilla/5.0 (Linux; Android 13; SM-S906U) AppleWebKit/537.36 (KHTML, like Gecko) Chrome/104.0.0.0 Mobile Safari/537.36"
2600:1012:b003:d6d2:745b:3e22:3649:5585 - - [30/Nov/2022:00:10:07 +0000] kevin.burke.dev "GET /wp-content/themes/flat-ui/js/vendor/modernizr-2.6.2.min.js?ver=1.0 HTTP/1.1" 200 15414 0.000 "https://kevin.burke.dev/kevin/how-to-get-a-human-operator-on-the-california-edd-paid-family-leave-line/" "Mozilla/5.0 (Linux; Android 13; SM-S906U) AppleWebKit/537.36 (KHTML, like Gecko) Chrome/104.0.0.0 Mobile Safari/537.36"
2600:1012:b003:d6d2:745b:3e22:3649:5585 - - [30/Nov/2022:00:10:07 +0000] kevin.burke.dev "GET /wp-includes/js/jquery/jquery-migrate.min.js?ver=3.3.2 HTTP/1.1" 200 11224 0.000 "https://kevin.burke.dev/kevin/how-to-get-a-human-operator-on-the-california-edd-paid-family-leave-line/" "Mozilla/5.0 (Linux; Android 13; SM-S906U) AppleWebKit/537.36 (KHTML, like Gecko) Chrome/104.0.0.0 Mobile Safari/537.36"
2600:1012:b003:d6d2:745b:3e22:3649:5585 - - [30/Nov/2022:00:10:07 +0000] kevin.burke.dev "GET /wp-includes/js/jquery/jquery.min.js?ver=3.6.0 HTTP/1.1" 200 89521 0.047 "https://kevin.burke.dev/kevin/how-to-get-a-human-operator-on-the-california-edd-paid-family-leave-line/" "Mozilla/5.0 (Linux; Android 13; SM-S906U) AppleWebKit/537.36 (KHTML, like Gecko) Chrome/104.0.0.0 Mobile Safari/537.36"
2600:1012:b003:d6d2:745b:3e22:3649:5585 - - [30/Nov/2022:00:10:08 +0000] kevin.burke.dev "GET /wp-content/themes/flat-ui/js/main.js?ver=1.0 HTTP/1.1" 200 1354 0.000 "https://kevin.burke.dev/kevin/how-to-get-a-human-operator-on-the-california-edd-paid-family-leave-line/" "Mozilla/5.0 (Linux; Android 13; SM-S906U) AppleWebKit/537.36 (KHTML, like Gecko) Chrome/104.0.0.0 Mobile Safari/537.36"
2600:1012:b003:d6d2:745b:3e22:3649:5585 - - [30/Nov/2022:00:10:08 +0000] kevin.burke.dev "GET /wp-includes/js/comment-reply.min.js?ver=6.0.1 HTTP/1.1" 200 2981 0.000 "https://kevin.burke.dev/kevin/how-to-get-a-human-operator-on-the-california-edd-paid-family-leave-line/" "Mozilla/5.0 (Linux; Android 13; SM-S906U) AppleWebKit/537.36 (KHTML, like Gecko) Chrome/104.0.0.0 Mobile Safari/537.36"
2600:1012:b003:d6d2:745b:3e22:3649:5585 - - [30/Nov/2022:00:10:08 +0000] kevin.burke.dev "GET /wp-content/themes/twentytwelve/js/navigation.js?ver=20141205 HTTP/1.1" 200 1552 0.000 "https://kevin.burke.dev/kevin/how-to-get-a-human-operator-on-the-california-edd-paid-family-leave-line/" "Mozilla/5.0 (Linux; Android 13; SM-S906U) AppleWebKit/537.36 (KHTML, like Gecko) Chrome/104.0.0.0 Mobile Safari/537.36"
2600:1012:b003:d6d2:745b:3e22:3649:5585 - - [30/Nov/2022:00:10:08 +0000] kevin.burke.dev "GET /wp-content/themes/flat-ui/img/kevin-mask-2-small.png HTTP/1.1" 200 16868 0.000 "https://kevin.burke.dev/kevin/how-to-get-a-human-operator-on-the-california-edd-paid-family-leave-line/" "Mozilla/5.0 (Linux; Android 13; SM-S906U) AppleWebKit/537.36 (KHTML, like Gecko) Chrome/104.0.0.0 Mobile Safari/537.36"
2600:1012:b003:d6d2:745b:3e22:3649:5585 - - [30/Nov/2022:00:10:08 +0000] kevin.burke.dev "GET /wp-includes/js/wp-emoji-release.min.js?ver=6.0.1 HTTP/1.1" 200 18617 0.000 "https://kevin.burke.dev/kevin/how-to-get-a-human-operator-on-the-california-edd-paid-family-leave-line/" "Mozilla/5.0 (Linux; Android 13; SM-S906U) AppleWebKit/537.36 (KHTML, like Gecko) Chrome/104.0.0.0 Mobile Safari/537.36"
2600:1012:b003:d6d2:745b:3e22:3649:5585 - - [30/Nov/2022:00:10:08 +0000] kevin.burke.dev "GET /favicon.ico HTTP/1.1" 404 548 0.000 "https://kevin.burke.dev/kevin/how-to-get-a-human-operator-on-the-california-edd-paid-family-leave-line/" "Mozilla/5.0 (Linux; Android 13; SM-S906U) AppleWebKit/537.36 (KHTML, like Gecko) Chrome/104.0.0.0 Mobile Safari/537.36"
66.249.75.70 - - [30/Nov/2022:00:10:26 +0000] kev.inburke.com "GET /kevin/invalid-username-or-password-useless/?utm_content=buffer9a2e5&utm_medium=social&utm_source=twitter.com&utm_campaign=buffer HTTP/1.1" 301 162 0.000 "-" "Mozilla/5.0 (Linux; Android 6.0.1; Nexus 5X Build/MMB29P) AppleWebKit/537.36 (KHTML, like Gecko) Chrome/107.0.5304.110 Mobile Safari/537.36 (compatible; Googlebot/2.1; +http://www.google.com/bot.html)"
66.249.77.90 - - [30/Nov/2022:00:10:27 +0000] kevin.burke.dev "GET /kevin/invalid-username-or-password-useless/?utm_content=buffer9a2e5&utm_medium=social&utm_source=twitter.com&utm_campaign=buffer HTTP/1.1" 200 85311 0.079 "-" "Mozilla/5.0 (Linux; Android 6.0.1; Nexus 5X Build/MMB29P) AppleWebKit/537.36 (KHTML, like Gecko) Chrome/107.0.5304.110 Mobile Safari/537.36 (compatible; Googlebot/2.1; +http://www.google.com/bot.html)"
2a01:4f8:262:139c::2 - - [30/Nov/2022:00:11:01 +0000] kevin.burke.dev "POST /xmlrpc.php HTTP/1.1" 200 415 0.207 "-" "Mozilla/5.0 (Windows NT 10.0; Win64; x64; rv:96.0) Gecko/20100101 Firefox/96"
37.139.53.60 - - [30/Nov/2022:00:11:02 +0000] kevin.burke.dev "GET /kevin/bob-geren-and-effective-management/comment-page-1/ HTTP/1.0" 200 30292 0.056 "https://kevin.burke.dev/kevin/bob-geren-and-effective-management/comment-page-1/#comment-218706/" "Mozilla/5.0 (Windows NT 6.3) AppleWebKit/537.36 (KHTML, like Gecko) Chrome/90.0.4430.72 Safari/537.36"
37.139.53.60 - - [30/Nov/2022:00:11:03 +0000] kevin.burke.dev "POST /wp-comments-post.php HTTP/1.0" 499 0 0.001 "https://kevin.burke.dev/kevin/bob-geren-and-effective-management/comment-page-1/#comment-218706/" "Mozilla/5.0 (Windows NT 6.3) AppleWebKit/537.36 (KHTML, like Gecko) Chrome/90.0.4430.72 Safari/537.36"
207.46.13.27 - - [30/Nov/2022:00:11:06 +0000] kevin.burke.dev "GET / HTTP/1.1" 200 26369 0.040 "-" "Mozilla/5.0 (compatible; bingbot/2.0; +http://www.bing.com/bingbot.htm)"
2604:a880:4:1d0::ce:c000 - - [30/Nov/2022:00:11:24 +0000] summersaquaticpt.com "POST /wp-cron.php?doing_wp_cron=1669767083.9784550666809082031250 HTTP/1.1" 200 5 0.001 "-" "WordPress/5.9.5; https://summersaquaticpt.com"
34.133.220.74 - - [30/Nov/2022:00:11:24 +0000] summersaquaticpt.com "POST /wp-login.php HTTP/1.1" 200 7910 0.188 "-" "Mozilla/5.0 (Windows NT 6.1) AppleWebKit/537.36 (KHTML, like Gecko) Chrome/70.0.3538.77 Safari/537.36"
107.189.3.40 - - [30/Nov/2022:00:11:29 +0000] www.summersaquaticpt.com "GET /wp-login.php HTTP/1.1" 301 162 0.000 "-" "Mozilla/5.0 (Windows NT 6.1) AppleWebKit/537.36 (KHTML, like Gecko) Chrome/35.0.1916.153 Safari/537.36"
107.189.3.40 - - [30/Nov/2022:00:11:35 +0000] summersaquaticpt.com "GET /wp-login.php HTTP/1.1" 200 7495 0.082 "-" "Mozilla/5.0 (Windows NT 6.1) AppleWebKit/537.36 (KHTML, like Gecko) Chrome/35.0.1916.153 Safari/537.36"
199.195.253.123 - - [30/Nov/2022:00:11:36 +0000] inburke.com "GET /wp-login.php HTTP/1.1" 301 162 0.000 "-" "Mozilla/5.0 (Windows NT 6.3; WOW64) AppleWebKit/537.36 (KHTML, like Gecko) Chrome/36.0.1985.125 Safari/537.36"
185.191.171.12 - - [30/Nov/2022:00:11:36 +0000] kev.inburke.com "GET /kevin/logrole-api-client-speed/?hn HTTP/1.1" 301 162 0.000 "-" "Mozilla/5.0 (compatible; SemrushBot/7~bl; +http://www.semrush.com/bot.html)"
185.191.171.10 - - [30/Nov/2022:00:11:38 +0000] kevin.burke.dev "GET /kevin/logrole-api-client-speed/?hn HTTP/1.1" 200 38402 0.058 "-" "Mozilla/5.0 (compatible; SemrushBot/7~bl; +http://www.semrush.com/bot.html)"
199.195.253.123 - - [30/Nov/2022:00:11:40 +0000] kevin.burke.dev "GET /wp-login.php HTTP/1.1" 200 5732 0.032 "-" "Mozilla/5.0 (Windows NT 6.3; WOW64) AppleWebKit/537.36 (KHTML, like Gecko) Chrome/36.0.1985.125 Safari/537.36"
107.189.3.40 - - [30/Nov/2022:00:11:41 +0000] www.summersaquaticpt.com "POST /wp-login.php HTTP/1.1" 301 162 0.000 "-" "Mozilla/5.0 (Windows NT 6.1) AppleWebKit/537.36 (KHTML, like Gecko) Chrome/35.0.1916.153 Safari/537.36"
135.125.217.54 - - [30/Nov/2022:00:11:43 +0000] 146.190.2.153 "POST / HTTP/1.1" 301 162 0.000 "-" "Mozilla/5.0 (X11; Linux x86_64) AppleWebKit/537.36 (KHTML, like Gecko) Chrome/81.0.4044.129 Safari/537.36"
135.125.217.54 - - [30/Nov/2022:00:11:43 +0000] 146.190.2.153 "GET /.env HTTP/1.1" 301 162 0.000 "-" "Mozilla/5.0 (X11; Linux x86_64) AppleWebKit/537.36 (KHTML, like Gecko) Chrome/81.0.4044.129 Safari/537.36"
199.195.253.123 - - [30/Nov/2022:00:11:45 +0000] inburke.com "POST /wp-login.php HTTP/1.1" 301 162 0.000 "-" "Mozilla/5.0 (Windows NT 6.3; WOW64) AppleWebKit/537.36 (KHTML, like Gecko) Chrome/36.0.1985.125 Safari/537.36"
107.189.3.40 - - [30/Nov/2022:00:11:45 +0000] summersaquaticpt.com "GET /wp-login.php HTTP/1.1" 200 7495 0.081 "-" "Mozilla/5.0 (Windows NT 6.1) AppleWebKit/537.36 (KHTML, like Gecko) Chrome/35.0.1916.153 Safari/537.36"
65.36.124.173 - - [30/Nov/2022:00:11:47 +0000] mlskickofftimes.com "GET /favicon.ico HTTP/1.1" 404 87 0.002 "-" "Client/22549 CFNetwork/1399 Darwin/22.1.0"
107.189.3.40 - - [30/Nov/2022:00:11:51 +0000] www.summersaquaticpt.com "GET /wp-admin/ HTTP/1.1" 301 162 0.000 "-" "Mozilla/5.0 (Windows NT 6.1) AppleWebKit/537.36 (KHTML, like Gecko) Chrome/35.0.1916.153 Safari/537.36"
107.189.3.40 - - [30/Nov/2022:00:11:55 +0000] summersaquaticpt.com "GET /wp-admin/ HTTP/1.1" 302 5 0.123 "-" "Mozilla/5.0 (Windows NT 6.1) AppleWebKit/537.36 (KHTML, like Gecko) Chrome/35.0.1916.153 Safari/537.36"
103.154.185.167 - - [30/Nov/2022:00:11:57 +0000] kevin.burke.dev "POST /xmlrpc.php HTTP/1.1" 200 415 0.580 "-" "Mozilla/5.0 (Windows NT 10.0; Win64; x64; rv:96.0) Gecko/20100101 Firefox/96"
185.191.171.6 - - [30/Nov/2022:00:11:57 +0000] kev.inburke.com "GET /kevin/how-long-does-it-take-for-shuffled-poker-chips-to-return-to-their-original-state/ HTTP/1.1" 301 162 0.000 "-" "Mozilla/5.0 (compatible; SemrushBot/7~bl; +http://www.semrush.com/bot.html)"
185.191.171.7 - - [30/Nov/2022:00:11:58 +0000] kevin.burke.dev "GET /kevin/how-long-does-it-take-for-shuffled-poker-chips-to-return-to-their-original-state/ HTTP/1.1" 200 30704 0.044 "-" "Mozilla/5.0 (compatible; SemrushBot/7~bl; +http://www.semrush.com/bot.html)"
185.191.171.26 - - [30/Nov/2022:00:11:59 +0000] kev.inburke.com "GET /kevin/go-1-7-parallel-tests HTTP/1.1" 301 162 0.000 "-" "Mozilla/5.0 (compatible; SemrushBot/7~bl; +http://www.semrush.com/bot.html)"
185.191.171.43 - - [30/Nov/2022:00:12:01 +0000] kevin.burke.dev "GET /kevin/go-1-7-parallel-tests HTTP/1.1" 301 5 0.042 "-" "Mozilla/5.0 (compatible; SemrushBot/7~bl; +http://www.semrush.com/bot.html)"
80.88.88.149 - - [30/Nov/2022:00:12:04 +0000] kevin.burke.dev "POST /wp-login.php HTTP/1.1" 200 6143 0.211 "-" "Mozilla/5.0 (Windows NT 6.3; Win64; x64) AppleWebKit/537.36 (KHTML, like Gecko) Chrome/57.0.2987.133 Safari/537.36"
107.189.3.40 - - [30/Nov/2022:00:12:05 +0000] summersaquaticpt.com "GET /wp-login.php?redirect_to=https%3A%2F%2Fsummersaquaticpt.com%2Fwp-admin%2F&reauth=1 HTTP/1.1" 200 7495 0.085 "-" "Mozilla/5.0 (Windows NT 6.1) AppleWebKit/537.36 (KHTML, like Gecko) Chrome/35.0.1916.153 Safari/537.36"
207.46.13.27 - - [30/Nov/2022:00:12:06 +0000] kevin.burke.dev "GET / HTTP/1.1" 200 26369 0.042 "-" "Mozilla/5.0 (compatible; bingbot/2.0; +http://www.bing.com/bingbot.htm)"
104.244.77.192 - - [30/Nov/2022:00:12:15 +0000] burke.dev "GET /wp-login.php HTTP/1.1" 301 162 0.000 "-" "Mozilla/5.0 (Macintosh; Intel Mac OS X 10_9_0) AppleWebKit/537.36 (KHTML, like Gecko) Chrome/36.0.1985.125 Safari/537.36"
240e:47c:3028:56c:58fb:afff:fec5:8178 - - [30/Nov/2022:00:12:23 +0000] kevin.burke.dev "GET /kevin/invalid-username-or-password-useless/ HTTP/1.1" 200 85184 0.422 "-" "Qing/0.9.102;Android 13;OPPO;PEEM00;deviceId:OAIDc5bf9d9eca034373e886058de325a62e;deviceName:OPPO PEEM00;clientId:38882;;appCode:App_TT;;os:Android 13;brand:OPPO;model:PEEM00;appName:TeamTalk;lang:zh-CN;ver:4.1.4;fontNum:0.0;scale:1.0;oem:OPPOTest;theme:black;Mozilla/5.0 (Linux; Android 13; PEEM00 Build/TP1A.220624.014; wv) AppleWebKit/537.36 (KHTML, like Gecko) Version/4.0 Chrome/107.0.5304.141 Mobile Safari/537.36;"
240e:47c:3028:56c:58fb:afff:fec5:8178 - - [30/Nov/2022:00:12:23 +0000] kevin.burke.dev "GET /wp-includes/css/dist/block-library/style.min.css?ver=6.0.1 HTTP/1.1" 200 88932 0.000 "https://kevin.burke.dev/kevin/invalid-username-or-password-useless/" "Qing/0.9.102;Android 13;OPPO;PEEM00;deviceId:OAIDc5bf9d9eca034373e886058de325a62e;deviceName:OPPO PEEM00;clientId:38882;;appCode:App_TT;;os:Android 13;brand:OPPO;model:PEEM00;appName:TeamTalk;lang:zh-CN;ver:4.1.4;fontNum:0.0;scale:1.0;oem:OPPOTest;theme:black;Mozilla/5.0 (Linux; Android 13; PEEM00 Build/TP1A.220624.014; wv) AppleWebKit/537.36 (KHTML, like Gecko) Version/4.0 Chrome/107.0.5304.141 Mobile Safari/537.36;"
240e:47c:3028:56c:58fb:afff:fec5:8178 - - [30/Nov/2022:00:12:23 +0000] kevin.burke.dev "GET /wp-content/themes/flat-ui/style.css?ver=20190507 HTTP/1.1" 200 12464 0.000 "https://kevin.burke.dev/kevin/invalid-username-or-password-useless/" "Qing/0.9.102;Android 13;OPPO;PEEM00;deviceId:OAIDc5bf9d9eca034373e886058de325a62e;deviceName:OPPO PEEM00;clientId:38882;;appCode:App_TT;;os:Android 13;brand:OPPO;model:PEEM00;appName:TeamTalk;lang:zh-CN;ver:4.1.4;fontNum:0.0;scale:1.0;oem:OPPOTest;theme:black;Mozilla/5.0 (Linux; Android 13; PEEM00 Build/TP1A.220624.014; wv) AppleWebKit/537.36 (KHTML, like Gecko) Version/4.0 Chrome/107.0.5304.141 Mobile Safari/537.36;"
240e:47c:3028:56c:58fb:afff:fec5:8178 - - [30/Nov/2022:00:12:23 +0000] kevin.burke.dev "GET /wp-content/themes/flat-ui/css/blog.css?ver=6.0.1 HTTP/1.1" 200 7644 0.000 "https://kevin.burke.dev/kevin/invalid-username-or-password-useless/" "Qing/0.9.102;Android 13;OPPO;PEEM00;deviceId:OAIDc5bf9d9eca034373e886058de325a62e;deviceName:OPPO PEEM00;clientId:38882;;appCode:App_TT;;os:Android 13;brand:OPPO;model:PEEM00;appName:TeamTalk;lang:zh-CN;ver:4.1.4;fontNum:0.0;scale:1.0;oem:OPPOTest;theme:black;Mozilla/5.0 (Linux; Android 13; PEEM00 Build/TP1A.220624.014; wv) AppleWebKit/537.36 (KHTML, like Gecko) Version/4.0 Chrome/107.0.5304.141 Mobile Safari/537.36;"
240e:47c:3028:56c:58fb:afff:fec5:8178 - - [30/Nov/2022:00:12:23 +0000] kevin.burke.dev "GET /wp-content/themes/twentytwelve/css/blocks.css?ver=20190406 HTTP/1.1" 200 10553 0.000 "https://kevin.burke.dev/kevin/invalid-username-or-password-useless/" "Qing/0.9.102;Android 13;OPPO;PEEM00;deviceId:OAIDc5bf9d9eca034373e886058de325a62e;deviceName:OPPO PEEM00;clientId:38882;;appCode:App_TT;;os:Android 13;brand:OPPO;model:PEEM00;appName:TeamTalk;lang:zh-CN;ver:4.1.4;fontNum:0.0;scale:1.0;oem:OPPOTest;theme:black;Mozilla/5.0 (Linux; Android 13; PEEM00 Build/TP1A.220624.014; wv) AppleWebKit/537.36 (KHTML, like Gecko) Version/4.0 Chrome/107.0.5304.141 Mobile Safari/537.36;"
240e:47c:3028:56c:58fb:afff:fec5:8178 - - [30/Nov/2022:00:12:23 +0000] kevin.burke.dev "GET /wp-content/themes/flat-ui/js/vendor/modernizr-2.6.2.min.js?ver=1.0 HTTP/1.1" 200 15414 0.000 "https://kevin.burke.dev/kevin/invalid-username-or-password-useless/" "Qing/0.9.102;Android 13;OPPO;PEEM00;deviceId:OAIDc5bf9d9eca034373e886058de325a62e;deviceName:OPPO PEEM00;clientId:38882;;appCode:App_TT;;os:Android 13;brand:OPPO;model:PEEM00;appName:TeamTalk;lang:zh-CN;ver:4.1.4;fontNum:0.0;scale:1.0;oem:OPPOTest;theme:black;Mozilla/5.0 (Linux; Android 13; PEEM00 Build/TP1A.220624.014; wv) AppleWebKit/537.36 (KHTML, like Gecko) Version/4.0 Chrome/107.0.5304.141 Mobile Safari/537.36;"
240e:47c:3028:56c:58fb:afff:fec5:8178 - - [30/Nov/2022:00:12:23 +0000] kevin.burke.dev "GET /wp-includes/js/jquery/jquery-migrate.min.js?ver=3.3.2 HTTP/1.1" 200 11224 0.000 "https://kevin.burke.dev/kevin/invalid-username-or-password-useless/" "Qing/0.9.102;Android 13;OPPO;PEEM00;deviceId:OAIDc5bf9d9eca034373e886058de325a62e;deviceName:OPPO PEEM00;clientId:38882;;appCode:App_TT;;os:Android 13;brand:OPPO;model:PEEM00;appName:TeamTalk;lang:zh-CN;ver:4.1.4;fontNum:0.0;scale:1.0;oem:OPPOTest;theme:black;Mozilla/5.0 (Linux; Android 13; PEEM00 Build/TP1A.220624.014; wv) AppleWebKit/537.36 (KHTML, like Gecko) Version/4.0 Chrome/107.0.5304.141 Mobile Safari/537.36;"
240e:47c:3028:56c:58fb:afff:fec5:8178 - - [30/Nov/2022:00:12:24 +0000] kevin.burke.dev "GET /wp-includes/js/jquery/jquery.min.js?ver=3.6.0 HTTP/1.1" 200 89521 0.402 "https://kevin.burke.dev/kevin/invalid-username-or-password-useless/" "Qing/0.9.102;Android 13;OPPO;PEEM00;deviceId:OAIDc5bf9d9eca034373e886058de325a62e;deviceName:OPPO PEEM00;clientId:38882;;appCode:App_TT;;os:Android 13;brand:OPPO;model:PEEM00;appName:TeamTalk;lang:zh-CN;ver:4.1.4;fontNum:0.0;scale:1.0;oem:OPPOTest;theme:black;Mozilla/5.0 (Linux; Android 13; PEEM00 Build/TP1A.220624.014; wv) AppleWebKit/537.36 (KHTML, like Gecko) Version/4.0 Chrome/107.0.5304.141 Mobile Safari/537.36;"
240e:47c:3028:56c:58fb:afff:fec5:8178 - - [30/Nov/2022:00:12:24 +0000] kevin.burke.dev "GET /wp-content/themes/flat-ui/js/main.js?ver=1.0 HTTP/1.1" 200 1354 0.000 "https://kevin.burke.dev/kevin/invalid-username-or-password-useless/" "Qing/0.9.102;Android 13;OPPO;PEEM00;deviceId:OAIDc5bf9d9eca034373e886058de325a62e;deviceName:OPPO PEEM00;clientId:38882;;appCode:App_TT;;os:Android 13;brand:OPPO;model:PEEM00;appName:TeamTalk;lang:zh-CN;ver:4.1.4;fontNum:0.0;scale:1.0;oem:OPPOTest;theme:black;Mozilla/5.0 (Linux; Android 13; PEEM00 Build/TP1A.220624.014; wv) AppleWebKit/537.36 (KHTML, like Gecko) Version/4.0 Chrome/107.0.5304.141 Mobile Safari/537.36;"
240e:47c:3028:56c:58fb:afff:fec5:8178 - - [30/Nov/2022:00:12:24 +0000] kevin.burke.dev "GET /wp-includes/js/comment-reply.min.js?ver=6.0.1 HTTP/1.1" 200 2981 0.000 "https://kevin.burke.dev/kevin/invalid-username-or-password-useless/" "Qing/0.9.102;Android 13;OPPO;PEEM00;deviceId:OAIDc5bf9d9eca034373e886058de325a62e;deviceName:OPPO PEEM00;clientId:38882;;appCode:App_TT;;os:Android 13;brand:OPPO;model:PEEM00;appName:TeamTalk;lang:zh-CN;ver:4.1.4;fontNum:0.0;scale:1.0;oem:OPPOTest;theme:black;Mozilla/5.0 (Linux; Android 13; PEEM00 Build/TP1A.220624.014; wv) AppleWebKit/537.36 (KHTML, like Gecko) Version/4.0 Chrome/107.0.5304.141 Mobile Safari/537.36;"
240e:47c:3028:56c:58fb:afff:fec5:8178 - - [30/Nov/2022:00:12:24 +0000] kevin.burke.dev "GET /wp-content/themes/flat-ui/img/kevin-mask-2-small.png HTTP/1.1" 200 16868 0.000 "https://kevin.burke.dev/kevin/invalid-username-or-password-useless/" "Qing/0.9.102;Android 13;OPPO;PEEM00;deviceId:OAIDc5bf9d9eca034373e886058de325a62e;deviceName:OPPO PEEM00;clientId:38882;;appCode:App_TT;;os:Android 13;brand:OPPO;model:PEEM00;appName:TeamTalk;lang:zh-CN;ver:4.1.4;fontNum:0.0;scale:1.0;oem:OPPOTest;theme:black;Mozilla/5.0 (Linux; Android 13; PEEM00 Build/TP1A.220624.014; wv) AppleWebKit/537.36 (KHTML, like Gecko) Version/4.0 Chrome/107.0.5304.141 Mobile Safari/537.36;"
240e:47c:3028:56c:58fb:afff:fec5:8178 - - [30/Nov/2022:00:12:24 +0000] kevin.burke.dev "GET /wp-content/themes/twentytwelve/js/navigation.js?ver=20141205 HTTP/1.1" 200 1552 0.000 "https://kevin.burke.dev/kevin/invalid-username-or-password-useless/" "Qing/0.9.102;Android 13;OPPO;PEEM00;deviceId:OAIDc5bf9d9eca034373e886058de325a62e;deviceName:OPPO PEEM00;clientId:38882;;appCode:App_TT;;os:Android 13;brand:OPPO;model:PEEM00;appName:TeamTalk;lang:zh-CN;ver:4.1.4;fontNum:0.0;scale:1.0;oem:OPPOTest;theme:black;Mozilla/5.0 (Linux; Android 13; PEEM00 Build/TP1A.220624.014; wv) AppleWebKit/537.36 (KHTML, like Gecko) Version/4.0 Chrome/107.0.5304.141 Mobile Safari/537.36;"
240e:47c:3028:56c:58fb:afff:fec5:8178 - - [30/Nov/2022:00:12:24 +0000] kevin.burke.dev "GET /wp-includes/js/wp-emoji-release.min.js?ver=6.0.1 HTTP/1.1" 200 18617 0.000 "https://kevin.burke.dev/kevin/invalid-username-or-password-useless/" "Qing/0.9.102;Android 13;OPPO;PEEM00;deviceId:OAIDc5bf9d9eca034373e886058de325a62e;deviceName:OPPO PEEM00;clientId:38882;;appCode:App_TT;;os:Android 13;brand:OPPO;model:PEEM00;appName:TeamTalk;lang:zh-CN;ver:4.1.4;fontNum:0.0;scale:1.0;oem:OPPOTest;theme:black;Mozilla/5.0 (Linux; Android 13; PEEM00 Build/TP1A.220624.014; wv) AppleWebKit/537.36 (KHTML, like Gecko) Version/4.0 Chrome/107.0.5304.141 Mobile Safari/537.36;"
104.244.77.192 - - [30/Nov/2022:00:12:36 +0000] kevin.burke.dev "GET /wp-login.php HTTP/1.1" 200 5732 0.034 "-" "Mozilla/5.0 (Macintosh; Intel Mac OS X 10_9_0) AppleWebKit/537.36 (KHTML, like Gecko) Chrome/36.0.1985.125 Safari/537.36"
240e:47c:3028:56c:58fb:afff:fec5:8178 - - [30/Nov/2022:00:12:37 +0000] kevin.burke.dev "GET /favicon.ico HTTP/1.1" 404 548 0.000 "https://kevin.burke.dev/kevin/invalid-username-or-password-useless/" "Qing/0.9.102;Android 13;OPPO;PEEM00;deviceId:OAIDc5bf9d9eca034373e886058de325a62e;deviceName:OPPO PEEM00;clientId:38882;;appCode:App_TT;;os:Android 13;brand:OPPO;model:PEEM00;appName:TeamTalk;lang:zh-CN;ver:4.1.4;fontNum:0.0;scale:1.0;oem:OPPOTest;theme:black;Mozilla/5.0 (Linux; Android 13; PEEM00 Build/TP1A.220624.014; wv) AppleWebKit/537.36 (KHTML, like Gecko) Version/4.0 Chrome/107.0.5304.141 Mobile Safari/537.36;"
240e:47c:3028:56c:58fb:afff:fec5:8178 - - [30/Nov/2022:00:12:40 +0000] kevin.burke.dev "GET /kevin/invalid-username-or-password-useless/ HTTP/1.1" 200 85214 0.560 "-" "Qing/0.9.102;Android 13;OPPO;PEEM00;deviceId:OAIDc5bf9d9eca034373e886058de325a62e;deviceName:OPPO PEEM00;clientId:38882;;appCode:App_TT;;os:Android 13;brand:OPPO;model:PEEM00;appName:TeamTalk;lang:zh-CN;ver:4.1.4;fontNum:0.0;scale:1.0;oem:OPPOTest;theme:black;Mozilla/5.0 (Linux; Android 13; PEEM00 Build/TP1A.220624.014; wv) AppleWebKit/537.36 (KHTML, like Gecko) Version/4.0 Chrome/107.0.5304.141 Mobile Safari/537.36;"
2600:387:6:80f::3b - - [30/Nov/2022:00:12:46 +0000] kevin.burke.dev "GET /kevin/how-to-get-a-human-operator-on-the-california-edd-paid-family-leave-line/ HTTP/1.1" 200 69874 0.062 "https://www.google.com/" "Mozilla/5.0 (iPhone; CPU iPhone OS 15_6 like Mac OS X) AppleWebKit/605.1.15 (KHTML, like Gecko) Version/15.6 Mobile/15E148 Safari/604.1"
2600:387:6:80f::3b - - [30/Nov/2022:00:12:47 +0000] kevin.burke.dev "GET /wp-content/themes/flat-ui/js/vendor/modernizr-2.6.2.min.js?ver=1.0 HTTP/1.1" 200 15414 0.000 "https://kevin.burke.dev/kevin/how-to-get-a-human-operator-on-the-california-edd-paid-family-leave-line/" "Mozilla/5.0 (iPhone; CPU iPhone OS 15_6 like Mac OS X) AppleWebKit/605.1.15 (KHTML, like Gecko) Version/15.6 Mobile/15E148 Safari/604.1"
2600:387:6:80f::3b - - [30/Nov/2022:00:12:47 +0000] kevin.burke.dev "GET /wp-includes/js/wp-emoji-release.min.js?ver=6.0.1 HTTP/1.1" 200 18617 0.000 "https://kevin.burke.dev/kevin/how-to-get-a-human-operator-on-the-california-edd-paid-family-leave-line/" "Mozilla/5.0 (iPhone; CPU iPhone OS 15_6 like Mac OS X) AppleWebKit/605.1.15 (KHTML, like Gecko) Version/15.6 Mobile/15E148 Safari/604.1"
2600:387:6:80f::3b - - [30/Nov/2022:00:12:47 +0000] kevin.burke.dev "GET /wp-content/themes/flat-ui/style.css?ver=20190507 HTTP/1.1" 200 12464 0.000 "https://kevin.burke.dev/kevin/how-to-get-a-human-operator-on-the-california-edd-paid-family-leave-line/" "Mozilla/5.0 (iPhone; CPU iPhone OS 15_6 like Mac OS X) AppleWebKit/605.1.15 (KHTML, like Gecko) Version/15.6 Mobile/15E148 Safari/604.1"
2600:387:6:80f::3b - - [30/Nov/2022:00:12:47 +0000] kevin.burke.dev "GET /wp-includes/css/dist/block-library/style.min.css?ver=6.0.1 HTTP/1.1" 200 88932 0.000 "https://kevin.burke.dev/kevin/how-to-get-a-human-operator-on-the-california-edd-paid-family-leave-line/" "Mozilla/5.0 (iPhone; CPU iPhone OS 15_6 like Mac OS X) AppleWebKit/605.1.15 (KHTML, like Gecko) Version/15.6 Mobile/15E148 Safari/604.1"
2600:387:6:80f::3b - - [30/Nov/2022:00:12:47 +0000] kevin.burke.dev "GET /wp-content/themes/flat-ui/css/blog.css?ver=6.0.1 HTTP/1.1" 200 7644 0.000 "https://kevin.burke.dev/kevin/how-to-get-a-human-operator-on-the-california-edd-paid-family-leave-line/" "Mozilla/5.0 (iPhone; CPU iPhone OS 15_6 like Mac OS X) AppleWebKit/605.1.15 (KHTML, like Gecko) Version/15.6 Mobile/15E148 Safari/604.1"
2600:387:6:80f::3b - - [30/Nov/2022:00:12:47 +0000] kevin.burke.dev "GET /wp-content/themes/twentytwelve/css/blocks.css?ver=20190406 HTTP/1.1" 200 10553 0.000 "https://kevin.burke.dev/kevin/how-to-get-a-human-operator-on-the-california-edd-paid-family-leave-line/" "Mozilla/5.0 (iPhone; CPU iPhone OS 15_6 like Mac OS X) AppleWebKit/605.1.15 (KHTML, like Gecko) Version/15.6 Mobile/15E148 Safari/604.1"
2600:387:6:80f::3b - - [30/Nov/2022:00:12:47 +0000] kevin.burke.dev "GET /wp-includes/js/jquery/jquery.min.js?ver=3.6.0 HTTP/1.1" 200 89521 0.000 "https://kevin.burke.dev/kevin/how-to-get-a-human-operator-on-the-california-edd-paid-family-leave-line/" "Mozilla/5.0 (iPhone; CPU iPhone OS 15_6 like Mac OS X) AppleWebKit/605.1.15 (KHTML, like Gecko) Version/15.6 Mobile/15E148 Safari/604.1"
198.98.60.32 - - [30/Nov/2022:00:12:48 +0000] kev.inburke.com "GET /wp-login.php HTTP/1.1" 301 162 0.000 "-" "Mozilla/5.0 (Macintosh; Intel Mac OS X 10.8; rv:31.0) Gecko/20100101 Firefox/31.0"
2600:387:6:80f::3b - - [30/Nov/2022:00:12:48 +0000] kevin.burke.dev "GET /wp-content/themes/twentytwelve/js/navigation.js?ver=20141205 HTTP/1.1" 200 1552 0.000 "https://kevin.burke.dev/kevin/how-to-get-a-human-operator-on-the-california-edd-paid-family-leave-line/" "Mozilla/5.0 (iPhone; CPU iPhone OS 15_6 like Mac OS X) AppleWebKit/605.1.15 (KHTML, like Gecko) Version/15.6 Mobile/15E148 Safari/604.1"
2600:387:6:80f::3b - - [30/Nov/2022:00:12:48 +0000] kevin.burke.dev "GET /wp-includes/js/comment-reply.min.js?ver=6.0.1 HTTP/1.1" 200 2981 0.000 "https://kevin.burke.dev/kevin/how-to-get-a-human-operator-on-the-california-edd-paid-family-leave-line/" "Mozilla/5.0 (iPhone; CPU iPhone OS 15_6 like Mac OS X) AppleWebKit/605.1.15 (KHTML, like Gecko) Version/15.6 Mobile/15E148 Safari/604.1"
2600:387:6:80f::3b - - [30/Nov/2022:00:12:48 +0000] kevin.burke.dev "GET /wp-content/themes/flat-ui/js/main.js?ver=1.0 HTTP/1.1" 200 1354 0.000 "https://kevin.burke.dev/kevin/how-to-get-a-human-operator-on-the-california-edd-paid-family-leave-line/" "Mozilla/5.0 (iPhone; CPU iPhone OS 15_6 like Mac OS X) AppleWebKit/605.1.15 (KHTML, like Gecko) Version/15.6 Mobile/15E148 Safari/604.1"
2600:387:6:80f::3b - - [30/Nov/2022:00:12:48 +0000] kevin.burke.dev "GET /wp-includes/js/jquery/jquery-migrate.min.js?ver=3.3.2 HTTP/1.1" 200 11224 0.000 "https://kevin.burke.dev/kevin/how-to-get-a-human-operator-on-the-california-edd-paid-family-leave-line/" "Mozilla/5.0 (iPhone; CPU iPhone OS 15_6 like Mac OS X) AppleWebKit/605.1.15 (KHTML, like Gecko) Version/15.6 Mobile/15E148 Safari/604.1"
2600:387:6:80f::3b - - [30/Nov/2022:00:12:48 +0000] kevin.burke.dev "GET /wp-content/themes/flat-ui/img/kevin-mask-2-small.png HTTP/1.1" 200 16868 0.000 "https://kevin.burke.dev/kevin/how-to-get-a-human-operator-on-the-california-edd-paid-family-leave-line/" "Mozilla/5.0 (iPhone; CPU iPhone OS 15_6 like Mac OS X) AppleWebKit/605.1.15 (KHTML, like Gecko) Version/15.6 Mobile/15E148 Safari/604.1"
54.37.100.109 - - [30/Nov/2022:00:12:49 +0000] kevin.burke.dev "GET / HTTP/1.1" 200 26369 0.046 "-" "Mozilla/5.0 (X11; Linux x86_64) AppleWebKit/537.36 (KHTML, like Gecko) Chrome/80.0.3987.132 Safari/537.36"
107.77.214.95 - - [30/Nov/2022:00:12:50 +0000] kevin.burke.dev "GET /favicon.ico HTTP/1.1" 404 146 0.000 "https://kevin.burke.dev/kevin/how-to-get-a-human-operator-on-the-california-edd-paid-family-leave-line/" "Mozilla/5.0 (iPhone; CPU iPhone OS 15_6 like Mac OS X) AppleWebKit/605.1.15 (KHTML, like Gecko) Version/15.6 Mobile/15E148 Safari/604.1"
240e:47c:3028:56c:58fb:afff:fec5:8178 - - [30/Nov/2022:00:12:54 +0000] kevin.burke.dev "GET /favicon.ico HTTP/1.1" 404 548 0.000 "https://kevin.burke.dev/kevin/invalid-username-or-password-useless/" "Qing/0.9.102;Android 13;OPPO;PEEM00;deviceId:OAIDc5bf9d9eca034373e886058de325a62e;deviceName:OPPO PEEM00;clientId:38882;;appCode:App_TT;;os:Android 13;brand:OPPO;model:PEEM00;appName:TeamTalk;lang:zh-CN;ver:4.1.4;fontNum:0.0;scale:1.0;oem:OPPOTest;theme:black;Mozilla/5.0 (Linux; Android 13; PEEM00 Build/TP1A.220624.014; wv) AppleWebKit/537.36 (KHTML, like Gecko) Version/4.0 Chrome/107.0.5304.141 Mobile Safari/537.36;"
240e:47c:3028:56c:58fb:afff:fec5:8178 - - [30/Nov/2022:00:13:06 +0000] kevin.burke.dev "GET /kevin/invalid-username-or-password-useless/ HTTP/1.1" 200 85213 0.081 "-" "Qing/0.9.102;Android 13;OPPO;PEEM00;deviceId:OAIDc5bf9d9eca034373e886058de325a62e;deviceName:OPPO PEEM00;clientId:38882;;appCode:App_TT;;os:Android 13;brand:OPPO;model:PEEM00;appName:TeamTalk;lang:zh-CN;ver:4.1.4;fontNum:0.0;scale:1.0;oem:OPPOTest;theme:black;Mozilla/5.0 (Linux; Android 13; PEEM00 Build/TP1A.220624.014; wv) AppleWebKit/537.36 (KHTML, like Gecko) Version/4.0 Chrome/107.0.5304.141 Mobile Safari/537.36;"
207.46.13.27 - - [30/Nov/2022:00:13:07 +0000] kevin.burke.dev "GET / HTTP/1.1" 200 26369 0.047 "-" "Mozilla/5.0 AppleWebKit/537.36 (KHTML, like Gecko; compatible; bingbot/2.0; +http://www.bing.com/bingbot.htm) Chrome/103.0.5060.134 Safari/537.36"
65.36.124.173 - - [30/Nov/2022:00:13:10 +0000] mlskickofftimes.com "GET /favicon.ico HTTP/1.1" 404 87 0.002 "-" "Client/22549 CFNetwork/1399 Darwin/22.1.0"
45.79.64.21 - - [30/Nov/2022:00:13:17 +0000] kevin.burke.dev "GET /feed/ HTTP/1.1" 304 0 0.040 "-" "Unread RSS Reader - https://www.goldenhillsoftware.com/unread/"
198.98.60.32 - - [30/Nov/2022:00:13:19 +0000] kevin.burke.dev "GET /wp-login.php HTTP/1.1" 200 5732 0.029 "-" "Mozilla/5.0 (Macintosh; Intel Mac OS X 10.8; rv:31.0) Gecko/20100101 Firefox/31.0"
41.90.71.6 - - [30/Nov/2022:00:13:44 +0000] kev.inburke.com "GET /feed/ HTTP/1.1" 301 162 0.000 "-" "Mozilla/5.0 (Macintosh; Intel Mac OS X 10.15; rv:109.0) Gecko/20100101 Firefox/109.0 Thunderbird/109.0a1"
217.64.127.195 - - [30/Nov/2022:00:13:45 +0000] kevin.burke.dev "POST /xmlrpc.php HTTP/1.1" 200 415 0.030 "-" "Mozilla/5.0 (Windows NT 10.0; Win64; x64) AppleWebKit/537.36 (KHTML, like Gecko) Chrome/100.0.4896.127 Safari/537.36"
41.90.71.6 - - [30/Nov/2022:00:13:45 +0000] kevin.burke.dev "GET /feed/ HTTP/1.1" 304 0 0.044 "-" "Mozilla/5.0 (Macintosh; Intel Mac OS X 10.15; rv:109.0) Gecko/20100101 Firefox/109.0 Thunderbird/109.0a1"
198.98.60.32 - - [30/Nov/2022:00:13:46 +0000] kev.inburke.com "POST /wp-login.php HTTP/1.1" 301 162 0.000 "-" "Mozilla/5.0 (Macintosh; Intel Mac OS X 10.8; rv:31.0) Gecko/20100101 Firefox/31.0"
121.36.224.178 - - [30/Nov/2022:00:13:50 +0000] summersaquaticpt.com "POST /xmlrpc.php HTTP/1.1" 200 415 0.205 "-" "Mozilla/5.0 (Windows NT 10.0; Win64; x64) Chrome/92.0.4515.159 Safari/537.36"
193.37.254.19 - - [30/Nov/2022:00:13:50 +0000] kevin.burke.dev "POST /xmlrpc.php HTTP/1.1" 200 415 0.027 "-" "Mozilla/5.0 (Windows NT 10.0; Win64; x64) AppleWebKit/537.36 (KHTML, like Gecko) Chrome/100.0.4896.127 Safari/537.36"
2600:1012:b003:d6d2:745b:3e22:3649:5585 - - [30/Nov/2022:00:13:55 +0000] kevin.burke.dev "GET /kevin/how-to-get-a-human-operator-on-the-california-edd-paid-family-leave-line/ HTTP/1.1" 200 69844 0.102 "https://www.google.com/" "Mozilla/5.0 (Linux; Android 13; SM-S906U) AppleWebKit/537.36 (KHTML, like Gecko) Chrome/104.0.0.0 Mobile Safari/537.36"
113.31.105.130 - - [30/Nov/2022:00:13:59 +0000] kevin.burke.dev "GET / HTTP/1.1" 301 5 0.029 "-" "Dalvik/2.1.0 (Linux; U; Android 9.0; ZTE BA520 Build/MRA58K)"
205.185.120.53 - - [30/Nov/2022:00:14:00 +0000] www.burke.dev "GET /wp-login.php HTTP/1.1" 301 162 0.000 "-" "Mozilla/5.0 (Windows NT 6.2; WOW64) AppleWebKit/537.36 (KHTML, like Gecko) Chrome/36.0.1985.125 Safari/537.36"
113.31.105.130 - - [30/Nov/2022:00:14:00 +0000] kevin.burke.dev "GET / HTTP/1.1" 200 26369 0.047 "-" "Dalvik/2.1.0 (Linux; U; Android 9.0; ZTE BA520 Build/MRA58K)"
113.31.105.130 - - [30/Nov/2022:00:14:00 +0000] kevin.burke.dev "GET / HTTP/1.1" 200 26369 0.042 "-" "Dalvik/2.1.0 (Linux; U; Android 9.0; ZTE BA520 Build/MRA58K)"
43.201.80.11 - - [30/Nov/2022:00:14:03 +0000] stage.burke.dev "POST /xmlrpc.php HTTP/1.1" 200 415 0.171 "-" "Mozilla/5.0 (Windows NT 10.0; Win64; x64; rv:96.0) Gecko/20100101 Firefox/96"
113.31.118.49 - - [30/Nov/2022:00:14:06 +0000] kevin.burke.dev "GET / HTTP/1.1" 301 5 0.026 "-" "Mozilla/5.0 (Macintosh; U; PPC; en-US; rv:1.2b) Gecko/20021016"
113.31.105.130 - - [30/Nov/2022:00:14:07 +0000] kevin.burke.dev "GET / HTTP/1.1" 301 5 0.031 "-" "Mozilla/5.0 (Macintosh; Intel Mac OS X 10_11) AppleWebKit/601.1.27 (KHTML, like Gecko) Chrome/47.0.2526.106 Safari/601.1.27"
198.98.60.32 - - [30/Nov/2022:00:14:08 +0000] kevin.burke.dev "GET /wp-login.php HTTP/1.1" 200 5732 0.026 "-" "Mozilla/5.0 (Macintosh; Intel Mac OS X 10.8; rv:31.0) Gecko/20100101 Firefox/31.0"
113.31.105.130 - - [30/Nov/2022:00:14:11 +0000] kevin.burke.dev "GET / HTTP/1.1" 200 26369 0.045 "-" "Mozilla/5.0 (Macintosh; Intel Mac OS X 10_11) AppleWebKit/601.1.27 (KHTML, like Gecko) Chrome/47.0.2526.106 Safari/601.1.27"
205.185.120.53 - - [30/Nov/2022:00:14:24 +0000] kevin.burke.dev "GET /wp-login.php HTTP/1.1" 200 5732 0.025 "-" "Mozilla/5.0 (Windows NT 6.2; WOW64) AppleWebKit/537.36 (KHTML, like Gecko) Chrome/36.0.1985.125 Safari/537.36"
198.98.60.32 - - [30/Nov/2022:00:14:34 +0000] kev.inburke.com "GET /wp-admin/ HTTP/1.1" 301 162 0.000 "-" "Mozilla/5.0 (Macintosh; Intel Mac OS X 10.8; rv:31.0) Gecko/20100101 Firefox/31.0"
206.189.163.232 - - [30/Nov/2022:00:14:41 +0000] kevin.burke.dev "POST /xmlrpc.php HTTP/1.1" 200 415 0.027 "-" "Mozilla/5.0 (Windows NT 10.0; Win64; x64; rv:96.0) Gecko/20100101 Firefox/96"
113.31.118.49 - - [30/Nov/2022:00:14:42 +0000] kevin.burke.dev "GET /favicon.ico HTTP/1.1" 404 146 0.000 "-" "Dalvik/2.1.0 (Linux; U; Android 9.0; ZTE BA520 Build/MRA58K)"
64.71.157.109 - - [30/Nov/2022:00:14:42 +0000] kevin.burke.dev "GET /feed/ HTTP/1.1" 304 0 0.046 "-" "Feedbin feed-id:1019485 - 42 subscribers"
205.185.120.53 - - [30/Nov/2022:00:14:43 +0000] www.burke.dev "POST /wp-login.php HTTP/1.1" 301 162 0.000 "-" "Mozilla/5.0 (Windows NT 6.2; WOW64) AppleWebKit/537.36 (KHTML, like Gecko) Chrome/36.0.1985.125 Safari/537.36"
113.31.118.49 - - [30/Nov/2022:00:14:44 +0000] kevin.burke.dev "GET /favicon.ico HTTP/1.1" 404 146 0.000 "-" "Dalvik/2.1.0 (Linux; U; Android 9.0; ZTE BA520 Build/MRA58K)"
69.162.124.230 - - [30/Nov/2022:00:14:48 +0000] kevin.burke.dev "HEAD / HTTP/1.1" 200 0 0.023 "https://kevin.burke.dev" "Mozilla/5.0+(compatible; UptimeRobot/2.0; http://www.uptimerobot.com/)"
205.185.120.53 - - [30/Nov/2022:00:14:53 +0000] kevin.burke.dev "GET /wp-login.php HTTP/1.1" 200 5732 0.034 "-" "Mozilla/5.0 (Windows NT 6.2; WOW64) AppleWebKit/537.36 (KHTML, like Gecko) Chrome/36.0.1985.125 Safari/537.36"
198.98.60.32 - - [30/Nov/2022:00:14:55 +0000] kevin.burke.dev "GET /wp-admin/ HTTP/1.1" 302 5 0.027 "-" "Mozilla/5.0 (Macintosh; Intel Mac OS X 10.8; rv:31.0) Gecko/20100101 Firefox/31.0"
207.46.13.27 - - [30/Nov/2022:00:14:57 +0000] kevin.burke.dev "GET / HTTP/1.1" 200 26369 0.047 "-" "Mozilla/5.0 (compatible; bingbot/2.0; +http://www.bing.com/bingbot.htm)"
207.46.13.27 - - [30/Nov/2022:00:14:58 +0000] kevin.burke.dev "GET / HTTP/1.1" 200 26369 0.039 "-" "Mozilla/5.0 AppleWebKit/537.36 (KHTML, like Gecko; compatible; bingbot/2.0; +http://www.bing.com/bingbot.htm) Chrome/103.0.5060.134 Safari/537.36"
185.119.81.99 - - [30/Nov/2022:00:15:02 +0000] kevin.burke.dev "GET /wp-login.php HTTP/1.1" 200 5732 0.063 "-" "Mozilla/5.0 (Windows NT 6.3; Win64; x64) AppleWebKit/537.36 (KHTML, like Gecko) Chrome/90.0.4430.212 Safari/537.36"
185.119.81.99 - - [30/Nov/2022:00:15:03 +0000] kevin.burke.dev "POST /wp-login.php HTTP/1.1" 200 6006 0.114 "https://kevin.burke.dev/wp-login.php" "Mozilla/5.0 (Windows NT 6.3; Win64; x64) AppleWebKit/537.36 (KHTML, like Gecko) Chrome/90.0.4430.212 Safari/537.36"
47.34.161.223 - - [30/Nov/2022:00:15:03 +0000] kevin.burke.dev "GET / HTTP/1.1" 200 26369 0.084 "-" "Mozilla/5.0 (iPhone; CPU iPhone OS 16_1_1 like Mac OS X) AppleWebKit/605.1.15 (KHTML, like Gecko) Version/16.1 Mobile/15E148 Safari/604.1"
47.34.161.223 - - [30/Nov/2022:00:15:03 +0000] kevin.burke.dev "GET /wp-content/themes/img/toggle.png HTTP/1.1" 404 146 0.000 "https://kevin.burke.dev/" "Mozilla/5.0 (iPhone; CPU iPhone OS 16_1_1 like Mac OS X) AppleWebKit/605.1.15 (KHTML, like Gecko) Version/16.1 Mobile/15E148 Safari/604.1"
100.36.44.113 - - [30/Nov/2022:00:15:04 +0000] kevin.burke.dev "GET /kevin/amazons-albs-insecure-internal-traffic/ HTTP/1.1" 200 35265 0.108 "https://www.google.com/" "Mozilla/5.0 (Windows NT 10.0; Win64; x64) AppleWebKit/537.36 (KHTML, like Gecko) Chrome/107.0.0.0 Safari/537.36"
100.36.44.113 - - [30/Nov/2022:00:15:04 +0000] kevin.burke.dev "GET /wp-includes/css/dist/block-library/style.min.css?ver=6.0.1 HTTP/1.1" 200 88932 0.000 "https://kevin.burke.dev/kevin/amazons-albs-insecure-internal-traffic/" "Mozilla/5.0 (Windows NT 10.0; Win64; x64) AppleWebKit/537.36 (KHTML, like Gecko) Chrome/107.0.0.0 Safari/537.36"
100.36.44.113 - - [30/Nov/2022:00:15:05 +0000] kevin.burke.dev "GET /wp-content/themes/flat-ui/style.css?ver=20190507 HTTP/1.1" 200 12464 0.000 "https://kevin.burke.dev/kevin/amazons-albs-insecure-internal-traffic/" "Mozilla/5.0 (Windows NT 10.0; Win64; x64) AppleWebKit/537.36 (KHTML, like Gecko) Chrome/107.0.0.0 Safari/537.36"
100.36.44.113 - - [30/Nov/2022:00:15:05 +0000] kevin.burke.dev "GET /wp-content/themes/flat-ui/css/blog.css?ver=6.0.1 HTTP/1.1" 200 7644 0.000 "https://kevin.burke.dev/kevin/amazons-albs-insecure-internal-traffic/" "Mozilla/5.0 (Windows NT 10.0; Win64; x64) AppleWebKit/537.36 (KHTML, like Gecko) Chrome/107.0.0.0 Safari/537.36"
100.36.44.113 - - [30/Nov/2022:00:15:05 +0000] kevin.burke.dev "GET /wp-content/themes/twentytwelve/css/blocks.css?ver=20190406 HTTP/1.1" 200 10553 0.000 "https://kevin.burke.dev/kevin/amazons-albs-insecure-internal-traffic/" "Mozilla/5.0 (Windows NT 10.0; Win64; x64) AppleWebKit/537.36 (KHTML, like Gecko) Chrome/107.0.0.0 Safari/537.36"
100.36.44.113 - - [30/Nov/2022:00:15:05 +0000] kevin.burke.dev "GET /wp-content/themes/flat-ui/js/vendor/modernizr-2.6.2.min.js?ver=1.0 HTTP/1.1" 200 15414 0.000 "https://kevin.burke.dev/kevin/amazons-albs-insecure-internal-traffic/" "Mozilla/5.0 (Windows NT 10.0; Win64; x64) AppleWebKit/537.36 (KHTML, like Gecko) Chrome/107.0.0.0 Safari/537.36"
100.36.44.113 - - [30/Nov/2022:00:15:05 +0000] kevin.burke.dev "GET /wp-includes/js/jquery/jquery.min.js?ver=3.6.0 HTTP/1.1" 200 89521 0.000 "https://kevin.burke.dev/kevin/amazons-albs-insecure-internal-traffic/" "Mozilla/5.0 (Windows NT 10.0; Win64; x64) AppleWebKit/537.36 (KHTML, like Gecko) Chrome/107.0.0.0 Safari/537.36"
100.36.44.113 - - [30/Nov/2022:00:15:05 +0000] kevin.burke.dev "GET /wp-includes/js/jquery/jquery-migrate.min.js?ver=3.3.2 HTTP/1.1" 200 11224 0.000 "https://kevin.burke.dev/kevin/amazons-albs-insecure-internal-traffic/" "Mozilla/5.0 (Windows NT 10.0; Win64; x64) AppleWebKit/537.36 (KHTML, like Gecko) Chrome/107.0.0.0 Safari/537.36"
100.36.44.113 - - [30/Nov/2022:00:15:05 +0000] kevin.burke.dev "GET /wp-content/themes/flat-ui/js/main.js?ver=1.0 HTTP/1.1" 200 1354 0.000 "https://kevin.burke.dev/kevin/amazons-albs-insecure-internal-traffic/" "Mozilla/5.0 (Windows NT 10.0; Win64; x64) AppleWebKit/537.36 (KHTML, like Gecko) Chrome/107.0.0.0 Safari/537.36"
100.36.44.113 - - [30/Nov/2022:00:15:05 +0000] kevin.burke.dev "GET /wp-includes/js/comment-reply.min.js?ver=6.0.1 HTTP/1.1" 200 2981 0.000 "https://kevin.burke.dev/kevin/amazons-albs-insecure-internal-traffic/" "Mozilla/5.0 (Windows NT 10.0; Win64; x64) AppleWebKit/537.36 (KHTML, like Gecko) Chrome/107.0.0.0 Safari/537.36"
100.36.44.113 - - [30/Nov/2022:00:15:05 +0000] kevin.burke.dev "GET /wp-content/themes/twentytwelve/js/navigation.js?ver=20141205 HTTP/1.1" 200 1552 0.000 "https://kevin.burke.dev/kevin/amazons-albs-insecure-internal-traffic/" "Mozilla/5.0 (Windows NT 10.0; Win64; x64) AppleWebKit/537.36 (KHTML, like Gecko) Chrome/107.0.0.0 Safari/537.36"
100.36.44.113 - - [30/Nov/2022:00:15:05 +0000] kevin.burke.dev "GET /wp-content/themes/flat-ui/img/kevin-mask-2-small.png HTTP/1.1" 200 16868 0.000 "https://kevin.burke.dev/kevin/amazons-albs-insecure-internal-traffic/" "Mozilla/5.0 (Windows NT 10.0; Win64; x64) AppleWebKit/537.36 (KHTML, like Gecko) Chrome/107.0.0.0 Safari/537.36"
100.36.44.113 - - [30/Nov/2022:00:15:05 +0000] kevin.burke.dev "GET /wp-content/themes/flat-ui/font/genericons-regular-webfont.woff HTTP/1.1" 200 9240 0.000 "https://kevin.burke.dev/wp-content/themes/flat-ui/style.css?ver=20190507" "Mozilla/5.0 (Windows NT 10.0; Win64; x64) AppleWebKit/537.36 (KHTML, like Gecko) Chrome/107.0.0.0 Safari/537.36"
100.36.44.113 - - [30/Nov/2022:00:15:05 +0000] kevin.burke.dev "GET /wp-includes/js/wp-emoji-release.min.js?ver=6.0.1 HTTP/1.1" 200 18617 0.000 "https://kevin.burke.dev/kevin/amazons-albs-insecure-internal-traffic/" "Mozilla/5.0 (Windows NT 10.0; Win64; x64) AppleWebKit/537.36 (KHTML, like Gecko) Chrome/107.0.0.0 Safari/537.36"
100.36.44.113 - - [30/Nov/2022:00:15:06 +0000] kevin.burke.dev "GET /favicon.ico HTTP/1.1" 404 548 0.000 "https://kevin.burke.dev/kevin/amazons-albs-insecure-internal-traffic/" "Mozilla/5.0 (Windows NT 10.0; Win64; x64) AppleWebKit/537.36 (KHTML, like Gecko) Chrome/107.0.0.0 Safari/537.36"
37.139.53.75 - - [30/Nov/2022:00:15:12 +0000] kevin.burke.dev "GET /kevin/bob-geren-and-effective-management/comment-page-1/ HTTP/1.0" 200 30291 0.048 "https://kevin.burke.dev/kevin/bob-geren-and-effective-management/comment-page-1/#comment-218706/" "Mozilla/5.0 (Windows NT 10.0) AppleWebKit/537.36 (KHTML, like Gecko) Chrome/90.0.4430.85 Safari/537.36 Edg/90.0.818.46"
205.185.120.53 - - [30/Nov/2022:00:15:13 +0000] www.burke.dev "GET /wp-admin/ HTTP/1.1" 301 162 0.000 "-" "Mozilla/5.0 (Windows NT 6.2; WOW64) AppleWebKit/537.36 (KHTML, like Gecko) Chrome/36.0.1985.125 Safari/537.36"
198.98.60.32 - - [30/Nov/2022:00:15:13 +0000] kevin.burke.dev "GET /wp-login.php?redirect_to=https%3A%2F%2Fkevin.burke.dev%2Fwp-admin%2F&reauth=1 HTTP/1.1" 200 5732 0.026 "-" "Mozilla/5.0 (Macintosh; Intel Mac OS X 10.8; rv:31.0) Gecko/20100101 Firefox/31.0"
37.139.53.75 - - [30/Nov/2022:00:15:14 +0000] kevin.burke.dev "POST /wp-comments-post.php HTTP/1.0" 499 0 0.000 "https://kevin.burke.dev/kevin/bob-geren-and-effective-management/comment-page-1/#comment-218706/" "Mozilla/5.0 (Windows NT 10.0) AppleWebKit/537.36 (KHTML, like Gecko) Chrome/90.0.4430.85 Safari/537.36 Edg/90.0.818.46"
104.175.47.68 - - [30/Nov/2022:00:15:16 +0000] kevin.burke.dev "GET /kevin/how-to-get-a-human-operator-on-the-california-edd-paid-family-leave-line/ HTTP/1.1" 200 69873 0.060 "https://www.google.com/" "Mozilla/5.0 (Macintosh; Intel Mac OS X 10_15_7) AppleWebKit/537.36 (KHTML, like Gecko) Chrome/99.0.4844.51 Safari/537.36 OPR/85.0.4341.18"
104.175.47.68 - - [30/Nov/2022:00:15:17 +0000] kevin.burke.dev "GET /wp-content/themes/flat-ui/style.css?ver=20190507 HTTP/1.1" 200 12464 0.000 "https://kevin.burke.dev/kevin/how-to-get-a-human-operator-on-the-california-edd-paid-family-leave-line/" "Mozilla/5.0 (Macintosh; Intel Mac OS X 10_15_7) AppleWebKit/537.36 (KHTML, like Gecko) Chrome/99.0.4844.51 Safari/537.36 OPR/85.0.4341.18"
104.175.47.68 - - [30/Nov/2022:00:15:17 +0000] kevin.burke.dev "GET /wp-includes/css/dist/block-library/style.min.css?ver=6.0.1 HTTP/1.1" 200 88932 0.032 "https://kevin.burke.dev/kevin/how-to-get-a-human-operator-on-the-california-edd-paid-family-leave-line/" "Mozilla/5.0 (Macintosh; Intel Mac OS X 10_15_7) AppleWebKit/537.36 (KHTML, like Gecko) Chrome/99.0.4844.51 Safari/537.36 OPR/85.0.4341.18"
104.175.47.68 - - [30/Nov/2022:00:15:17 +0000] kevin.burke.dev "GET /wp-content/themes/flat-ui/css/blog.css?ver=6.0.1 HTTP/1.1" 200 7644 0.000 "https://kevin.burke.dev/kevin/how-to-get-a-human-operator-on-the-california-edd-paid-family-leave-line/" "Mozilla/5.0 (Macintosh; Intel Mac OS X 10_15_7) AppleWebKit/537.36 (KHTML, like Gecko) Chrome/99.0.4844.51 Safari/537.36 OPR/85.0.4341.18"
104.175.47.68 - - [30/Nov/2022:00:15:17 +0000] kevin.burke.dev "GET /wp-content/themes/twentytwelve/css/blocks.css?ver=20190406 HTTP/1.1" 200 10553 0.000 "https://kevin.burke.dev/kevin/how-to-get-a-human-operator-on-the-california-edd-paid-family-leave-line/" "Mozilla/5.0 (Macintosh; Intel Mac OS X 10_15_7) AppleWebKit/537.36 (KHTML, like Gecko) Chrome/99.0.4844.51 Safari/537.36 OPR/85.0.4341.18"
104.175.47.68 - - [30/Nov/2022:00:15:17 +0000] kevin.burke.dev "GET /wp-includes/js/jquery/jquery.min.js?ver=3.6.0 HTTP/1.1" 200 89521 0.000 "https://kevin.burke.dev/kevin/how-to-get-a-human-operator-on-the-california-edd-paid-family-leave-line/" "Mozilla/5.0 (Macintosh; Intel Mac OS X 10_15_7) AppleWebKit/537.36 (KHTML, like Gecko) Chrome/99.0.4844.51 Safari/537.36 OPR/85.0.4341.18"
104.175.47.68 - - [30/Nov/2022:00:15:17 +0000] kevin.burke.dev "GET /wp-includes/js/jquery/jquery-migrate.min.js?ver=3.3.2 HTTP/1.1" 200 11224 0.000 "https://kevin.burke.dev/kevin/how-to-get-a-human-operator-on-the-california-edd-paid-family-leave-line/" "Mozilla/5.0 (Macintosh; Intel Mac OS X 10_15_7) AppleWebKit/537.36 (KHTML, like Gecko) Chrome/99.0.4844.51 Safari/537.36 OPR/85.0.4341.18"
104.175.47.68 - - [30/Nov/2022:00:15:17 +0000] kevin.burke.dev "GET /wp-content/themes/flat-ui/js/vendor/modernizr-2.6.2.min.js?ver=1.0 HTTP/1.1" 200 15414 0.000 "https://kevin.burke.dev/kevin/how-to-get-a-human-operator-on-the-california-edd-paid-family-leave-line/" "Mozilla/5.0 (Macintosh; Intel Mac OS X 10_15_7) AppleWebKit/537.36 (KHTML, like Gecko) Chrome/99.0.4844.51 Safari/537.36 OPR/85.0.4341.18"
104.175.47.68 - - [30/Nov/2022:00:15:18 +0000] kevin.burke.dev "GET /wp-content/themes/flat-ui/js/main.js?ver=1.0 HTTP/1.1" 200 1354 0.000 "https://kevin.burke.dev/kevin/how-to-get-a-human-operator-on-the-california-edd-paid-family-leave-line/" "Mozilla/5.0 (Macintosh; Intel Mac OS X 10_15_7) AppleWebKit/537.36 (KHTML, like Gecko) Chrome/99.0.4844.51 Safari/537.36 OPR/85.0.4341.18"
104.175.47.68 - - [30/Nov/2022:00:15:18 +0000] kevin.burke.dev "GET /wp-includes/js/comment-reply.min.js?ver=6.0.1 HTTP/1.1" 200 2981 0.000 "https://kevin.burke.dev/kevin/how-to-get-a-human-operator-on-the-california-edd-paid-family-leave-line/" "Mozilla/5.0 (Macintosh; Intel Mac OS X 10_15_7) AppleWebKit/537.36 (KHTML, like Gecko) Chrome/99.0.4844.51 Safari/537.36 OPR/85.0.4341.18"
104.175.47.68 - - [30/Nov/2022:00:15:18 +0000] kevin.burke.dev "GET /wp-content/themes/twentytwelve/js/navigation.js?ver=20141205 HTTP/1.1" 200 1552 0.000 "https://kevin.burke.dev/kevin/how-to-get-a-human-operator-on-the-california-edd-paid-family-leave-line/" "Mozilla/5.0 (Macintosh; Intel Mac OS X 10_15_7) AppleWebKit/537.36 (KHTML, like Gecko) Chrome/99.0.4844.51 Safari/537.36 OPR/85.0.4341.18"
104.175.47.68 - - [30/Nov/2022:00:15:18 +0000] kevin.burke.dev "GET /wp-content/themes/flat-ui/img/kevin-mask-2-small.png HTTP/1.1" 200 16868 0.000 "https://kevin.burke.dev/kevin/how-to-get-a-human-operator-on-the-california-edd-paid-family-leave-line/" "Mozilla/5.0 (Macintosh; Intel Mac OS X 10_15_7) AppleWebKit/537.36 (KHTML, like Gecko) Chrome/99.0.4844.51 Safari/537.36 OPR/85.0.4341.18"
104.175.47.68 - - [30/Nov/2022:00:15:18 +0000] kevin.burke.dev "GET /wp-includes/js/wp-emoji-release.min.js?ver=6.0.1 HTTP/1.1" 200 18617 0.000 "https://kevin.burke.dev/kevin/how-to-get-a-human-operator-on-the-california-edd-paid-family-leave-line/" "Mozilla/5.0 (Macintosh; Intel Mac OS X 10_15_7) AppleWebKit/537.36 (KHTML, like Gecko) Chrome/99.0.4844.51 Safari/537.36 OPR/85.0.4341.18"
104.175.47.68 - - [30/Nov/2022:00:15:18 +0000] kevin.burke.dev "GET /wp-content/themes/flat-ui/font/genericons-regular-webfont.woff HTTP/1.1" 200 9240 0.000 "https://kevin.burke.dev/wp-content/themes/flat-ui/style.css?ver=20190507" "Mozilla/5.0 (Macintosh; Intel Mac OS X 10_15_7) AppleWebKit/537.36 (KHTML, like Gecko) Chrome/99.0.4844.51 Safari/537.36 OPR/85.0.4341.18"
104.175.47.68 - - [30/Nov/2022:00:15:20 +0000] kevin.burke.dev "GET /favicon.ico HTTP/1.1" 404 548 0.000 "https://kevin.burke.dev/kevin/how-to-get-a-human-operator-on-the-california-edd-paid-family-leave-line/" "Mozilla/5.0 (Macintosh; Intel Mac OS X 10_15_7) AppleWebKit/537.36 (KHTML, like Gecko) Chrome/99.0.4844.51 Safari/537.36 OPR/85.0.4341.18"
2a03:b0c0:3:d0::120d:c001 - - [30/Nov/2022:00:15:31 +0000] kevin.burke.dev "POST /wp-login.php HTTP/1.1" 200 6143 0.187 "-" "Mozilla/5.0 (Windows NT 6.1) AppleWebKit/537.36 (KHTML, like Gecko) Chrome/59.0.3071.115 Safari/537.36"
205.185.120.53 - - [30/Nov/2022:00:15:33 +0000] kevin.burke.dev "GET /wp-admin/ HTTP/1.1" 302 5 0.025 "-" "Mozilla/5.0 (Windows NT 6.2; WOW64) AppleWebKit/537.36 (KHTML, like Gecko) Chrome/36.0.1985.125 Safari/537.36"
