64.124.8.37 - - [30/Nov/2022:00:49:08 +0000] kevin.burke.dev "GET /kevin/is-it-true-that-to-do-the-best-work-you-need-to-hire-the-best-people/comment-page-1/ HTTP/1.1" 200 31778 0.051 "-" "Mozilla/5.0 (X11; Linux x86_64) AppleWebKit/537.36 (KHTML, like Gecko) Chrome/61.0.3163.79 Safari/537.36"
173.56.90.214 - - [30/Nov/2022:00:49:27 +0000] kevin.burke.dev "GET /feed/ HTTP/1.1" 304 0 0.036 "-" "NetNewsWire (RSS Reader; https://netnewswire.com/)"
92.247.181.9 - - [30/Nov/2022:00:49:29 +0000] kevin.burke.dev "GET /feed/ HTTP/1.1" 304 0 0.037 "https://kevin.burke.dev/" "Mozilla/5.0 (compatible; inoreader.com; 5 subscribers)"
66.249.75.92 - - [30/Nov/2022:00:49:30 +0000] kev.inburke.com "GET /kevin/node-js-string-encoding/ HTTP/1.1" 301 162 0.000 "-" "Mozilla/5.0 (Linux; Android 6.0.1; Nexus 5X Build/MMB29P) AppleWebKit/537.36 (KHTML, like Gecko) Chrome/107.0.5304.110 Mobile Safari/537.36 (compatible; Googlebot/2.1; +http://www.google.com/bot.html)"
207.46.13.27 - - [30/Nov/2022:00:49:30 +0000] kevin.burke.dev "GET / HTTP/1.1" 200 26369 0.037 "-" "Mozilla/5.0 AppleWebKit/537.36 (KHTML, like Gecko; compatible; bingbot/2.0; +http://www.bing.com/bingbot.htm) Chrome/103.0.5060.134 Safari/537.36"
146.56.99.136 - - [30/Nov/2022:00:49:44 +0000] kevin.burke.dev "POST /wp-login.php HTTP/1.1" 200 6151 0.593 "-" "Mozilla/5.0 (Windows NT 6.1; Win64; x64) AppleWebKit/537.36 (KHTML, like Gecko) Chrome/66.0.3359.117 Safari/537.36"
69.162.124.230 - - [30/Nov/2022:00:49:48 +0000] kevin.burke.dev "HEAD / HTTP/1.1" 200 0 0.028 "https://kevin.burke.dev" "Mozilla/5.0+(compatible; UptimeRobot/2.0; http://www.uptimerobot.com/)"
2a03:4000:b:30c::1 - - [30/Nov/2022:00:49:55 +0000] kev.inburke.com "GET /feed/ HTTP/1.1" 301 162 0.000 "-" "Tiny Tiny RSS/UNKNOWN (Unsupported, Git error) (https://tt-rss.org/)"
2a03:4000:b:30c::1 - - [30/Nov/2022:00:49:55 +0000] kevin.burke.dev "GET /feed/ HTTP/1.1" 304 0 0.048 "-" "Tiny Tiny RSS/UNKNOWN (Unsupported, Git error) (https://tt-rss.org/)"
185.191.171.45 - - [30/Nov/2022:00:49:58 +0000] kev.inburke.com "GET /old_kevin/you-know-you-think-like-a-libertarian-when/ HTTP/1.1" 301 162 0.000 "-" "Mozilla/5.0 (compatible; SemrushBot/7~bl; +http://www.semrush.com/bot.html)"
185.191.171.43 - - [30/Nov/2022:00:49:58 +0000] kevin.burke.dev "GET /old_kevin/you-know-you-think-like-a-libertarian-when/ HTTP/1.1" 200 25255 0.040 "-" "Mozilla/5.0 (compatible; SemrushBot/7~bl; +http://www.semrush.com/bot.html)"
107.181.112.187 - - [30/Nov/2022:00:50:01 +0000] kev.inburke.com "GET /kevin/six-years-of-hacker-news-comments-about-twilio/ HTTP/1.1" 301 162 0.000 "https://kev.inburke.com/" "Mozilla/5.0 (X11; Fedora; Linux x86_64; rv:102.0) Gecko/20100101 Firefox/102.0"
34.78.120.99 - - [30/Nov/2022:00:50:01 +0000] kevin.burke.dev "GET / HTTP/1.1" 200 26369 0.069 "-" "python-requests/2.28.1"
107.181.112.187 - - [30/Nov/2022:00:50:02 +0000] kevin.burke.dev "GET /kevin/six-years-of-hacker-news-comments-about-twilio/ HTTP/1.1" 200 31246 0.098 "https://kev.inburke.com/kevin/six-years-of-hacker-news-comments-about-twilio/" "Mozilla/5.0 (X11; Fedora; Linux x86_64; rv:102.0) Gecko/20100101 Firefox/102.0"
107.181.112.187 - - [30/Nov/2022:00:50:02 +0000] kevin.burke.dev "POST /wp-comments-post.php HTTP/1.1" 302 5 0.263 "https://kevin.burke.dev/kevin/six-years-of-hacker-news-comments-about-twilio/" "Mozilla/5.0 (X11; Fedora; Linux x86_64; rv:102.0) Gecko/20100101 Firefox/102.0"
107.181.112.187 - - [30/Nov/2022:00:50:03 +0000] kevin.burke.dev "GET /kevin/six-years-of-hacker-news-comments-about-twilio/comment-page-1/ HTTP/1.1" 200 31285 0.089 "https://kevin.burke.dev/wp-comments-post.php" "Mozilla/5.0 (X11; Fedora; Linux x86_64; rv:102.0) Gecko/20100101 Firefox/102.0"
107.181.112.187 - - [30/Nov/2022:00:50:03 +0000] kev.inburke.com "GET /kevin/six-years-of-hacker-news-comments-about-twilio/ HTTP/1.1" 301 162 0.000 "-" "Mozilla/5.0 (X11; Fedora; Linux x86_64; rv:102.0) Gecko/20100101 Firefox/102.0"
107.181.112.187 - - [30/Nov/2022:00:50:04 +0000] kevin.burke.dev "GET /kevin/six-years-of-hacker-news-comments-about-twilio/ HTTP/1.1" 200 31246 0.176 "https://kev.inburke.com/kevin/six-years-of-hacker-news-comments-about-twilio/" "Mozilla/5.0 (X11; Fedora; Linux x86_64; rv:102.0) Gecko/20100101 Firefox/102.0"
185.119.81.106 - - [30/Nov/2022:00:50:04 +0000] kevin.burke.dev "GET /wp-login.php HTTP/1.1" 200 5732 0.048 "-" "Mozilla/5.0 (Windows NT 6.1; Win64; x64) AppleWebKit/537.36 (KHTML, like Gecko) Chrome/75.0.3770.100 Safari/537.36"
185.119.81.106 - - [30/Nov/2022:00:50:05 +0000] kevin.burke.dev "POST /wp-login.php HTTP/1.1" 200 6169 0.044 "https://kevin.burke.dev/wp-login.php" "Mozilla/5.0 (Windows NT 6.1; Win64; x64) AppleWebKit/537.36 (KHTML, like Gecko) Chrome/75.0.3770.100 Safari/537.36"
34.93.61.237 - - [30/Nov/2022:00:50:08 +0000] kev.inburke.com "POST /wp-plain.php HTTP/1.1" 301 162 0.000 "www.google.com" "Mozilla/5.0 (Linux; Android 7.0; SM-G892A Bulid/NRD90M; wv) AppleWebKit/537.36 (KHTML, like Gecko) Version/4.0 Chrome/60.0.3112.107 Moblie Safari/537.36"
34.93.61.237 - - [30/Nov/2022:00:50:08 +0000] kev.inburke.com "GET /wp-content/plugins/dzs-zoomsounds/savepng.php?location=1877.php HTTP/1.1" 301 162 0.000 "-" "Mozilla/5.0 (Windows NT 10.0; Win64; x64) AppleWebKit/537.36 (KHTML, like Gecko) Chrome/85.0.4183.102 Safari/537.36"
34.93.61.237 - - [30/Nov/2022:00:50:08 +0000] kev.inburke.com "POST /ALFA_DATA/alfacgiapi/perl.alfa HTTP/1.1" 301 162 0.000 "www.google.com" "Mozlila/5.0 (Linux; Android 7.0; SM-G892A Bulid/NRD90M; wv) AppleWebKit/537.36 (KHTML, like Gecko) Version/4.0 Chrome/60.0.3112.107 Moblie Safari/537.36"
34.93.61.237 - - [30/Nov/2022:00:50:08 +0000] kev.inburke.com "GET / HTTP/1.1" 301 162 0.000 "-" "Mozlila/5.0 (Linux; Android 7.0; SM-G892A Bulid/NRD90M; wv) AppleWebKit/537.36 (KHTML, like Gecko) Version/4.0 Chrome/60.0.3112.107 Moblie Safari/537.36"
34.93.61.237 - - [30/Nov/2022:00:50:08 +0000] kev.inburke.com "GET /vtlmuehm.php?Fox=d3wL7 HTTP/1.1" 301 162 0.000 "www.google.com" "Mozilla/5.0 (Linux; Android 7.0; SM-G892A Bulid/NRD90M; wv) AppleWebKit/537.36 (KHTML, like Gecko) Version/4.0 Chrome/60.0.3112.107 Moblie Safari/537.36"
34.93.61.237 - - [30/Nov/2022:00:50:09 +0000] kevin.burke.dev "GET /wp-content/plugins/dzs-zoomsounds/savepng.php?location=1877.php HTTP/1.1" 404 548 0.000 "-" "Mozilla/5.0 (Windows NT 10.0; Win64; x64) AppleWebKit/537.36 (KHTML, like Gecko) Chrome/85.0.4183.102 Safari/537.36"
34.93.61.237 - - [30/Nov/2022:00:50:09 +0000] kev.inburke.com "POST /wp-plain.php HTTP/1.1" 301 162 0.000 "www.google.com" "Mozilla/5.0 (Linux; Android 7.0; SM-G892A Bulid/NRD90M; wv) AppleWebKit/537.36 (KHTML, like Gecko) Version/4.0 Chrome/60.0.3112.107 Moblie Safari/537.36"
34.93.61.237 - - [30/Nov/2022:00:50:09 +0000] kevin.burke.dev "POST /ALFA_DATA/alfacgiapi/perl.alfa HTTP/1.1" 404 19591 0.217 "www.google.com" "Mozlila/5.0 (Linux; Android 7.0; SM-G892A Bulid/NRD90M; wv) AppleWebKit/537.36 (KHTML, like Gecko) Version/4.0 Chrome/60.0.3112.107 Moblie Safari/537.36"
34.93.61.237 - - [30/Nov/2022:00:50:09 +0000] kevin.burke.dev "GET / HTTP/1.1" 200 26369 0.215 "-" "Mozlila/5.0 (Linux; Android 7.0; SM-G892A Bulid/NRD90M; wv) AppleWebKit/537.36 (KHTML, like Gecko) Version/4.0 Chrome/60.0.3112.107 Moblie Safari/537.36"
34.93.61.237 - - [30/Nov/2022:00:50:09 +0000] kev.inburke.com "GET /cmcowvsj.php?Fox=d3wL7 HTTP/1.1" 301 162 0.000 "www.google.com" "Mozilla/5.0 (Linux; Android 7.0; SM-G892A Bulid/NRD90M; wv) AppleWebKit/537.36 (KHTML, like Gecko) Version/4.0 Chrome/60.0.3112.107 Moblie Safari/537.36"
34.93.61.237 - - [30/Nov/2022:00:50:10 +0000] kev.inburke.com "POST /alfacgiapi/perl.alfa HTTP/1.1" 301 162 0.000 "www.google.com" "Mozlila/5.0 (Linux; Android 7.0; SM-G892A Bulid/NRD90M; wv) AppleWebKit/537.36 (KHTML, like Gecko) Version/4.0 Chrome/60.0.3112.107 Moblie Safari/537.36"
34.93.61.237 - - [30/Nov/2022:00:50:10 +0000] kevin.burke.dev "GET /wp-content/plugins/apikey/apikey.php?test=hello HTTP/1.1" 404 548 0.000 "-" "Mozlila/5.0 (Linux; Android 7.0; SM-G892A Bulid/NRD90M; wv) AppleWebKit/537.36 (KHTML, like Gecko) Version/4.0 Chrome/60.0.3112.107 Moblie Safari/537.36"
34.93.61.237 - - [30/Nov/2022:00:50:10 +0000] kevin.burke.dev "GET /plugins/content/apismtp/apismtp.php?test=hello HTTP/1.1" 404 548 0.000 "-" "Mozlila/5.0 (Linux; Android 7.0; SM-G892A Bulid/NRD90M; wv) AppleWebKit/537.36 (KHTML, like Gecko) Version/4.0 Chrome/60.0.3112.107 Moblie Safari/537.36"
34.93.61.237 - - [30/Nov/2022:00:50:10 +0000] kevin.burke.dev "POST /alfacgiapi/perl.alfa HTTP/1.1" 404 19591 0.056 "www.google.com" "Mozlila/5.0 (Linux; Android 7.0; SM-G892A Bulid/NRD90M; wv) AppleWebKit/537.36 (KHTML, like Gecko) Version/4.0 Chrome/60.0.3112.107 Moblie Safari/537.36"
34.93.61.237 - - [30/Nov/2022:00:50:10 +0000] kevin.burke.dev "GET /wp-content/plugins/apikey/apikey.php.suspected?test=hello HTTP/1.1" 404 19591 0.102 "-" "Mozlila/5.0 (Linux; Android 7.0; SM-G892A Bulid/NRD90M; wv) AppleWebKit/537.36 (KHTML, like Gecko) Version/4.0 Chrome/60.0.3112.107 Moblie Safari/537.36"
34.93.61.237 - - [30/Nov/2022:00:50:11 +0000] kevin.burke.dev "GET /plugins/content/apismtp/apismtp.php.suspected?test=hello HTTP/1.1" 404 19591 0.057 "-" "Mozlila/5.0 (Linux; Android 7.0; SM-G892A Bulid/NRD90M; wv) AppleWebKit/537.36 (KHTML, like Gecko) Version/4.0 Chrome/60.0.3112.107 Moblie Safari/537.36"
54.36.149.16 - - [30/Nov/2022:00:50:13 +0000] kev.inburke.com "GET /robots.txt HTTP/1.1" 301 162 0.000 "-" "Mozilla/5.0 (compatible; AhrefsBot/7.0; +http://ahrefs.com/robot/)"
54.36.149.16 - - [30/Nov/2022:00:50:14 +0000] kevin.burke.dev "GET /robots.txt HTTP/1.1" 200 124 0.074 "-" "Mozilla/5.0 (compatible; AhrefsBot/7.0; +http://ahrefs.com/robot/)"
162.241.120.248 - - [30/Nov/2022:00:50:25 +0000] kevin.burke.dev "POST /xmlrpc.php HTTP/1.1" 200 415 0.090 "-" "Mozilla/5.0 (Windows NT 10.0; Win64; x64; rv:96.0) Gecko/20100101 Firefox/96"
114.119.159.70 - - [30/Nov/2022:00:50:31 +0000] kevin.burke.dev "GET /kevin/what-i-will-be-reading-next-week HTTP/1.1" 301 5 0.055 "https://kevin.burke.dev/category/sports" "Mozilla/5.0 (Linux; Android 7.0;) AppleWebKit/537.36 (KHTML, like Gecko) Mobile Safari/537.36 (compatible; PetalBot;+https://webmaster.petalsearch.com/site/petalbot)"
114.119.159.70 - - [30/Nov/2022:00:50:31 +0000] kevin.burke.dev "GET /kevin/what-i-will-be-reading-next-week/ HTTP/1.1" 200 28552 0.068 "https://kevin.burke.dev/category/sports" "Mozilla/5.0 (Linux; Android 7.0;) AppleWebKit/537.36 (KHTML, like Gecko) Mobile Safari/537.36 (compatible; PetalBot;+https://webmaster.petalsearch.com/site/petalbot)"
64.124.8.42 - - [30/Nov/2022:00:50:39 +0000] kevin.burke.dev "GET /kevin/one-way-to-spend-your-years-in-college/ HTTP/1.1" 200 25400 0.047 "-" "Mozilla/5.0 (X11; Linux x86_64) AppleWebKit/537.36 (KHTML, like Gecko) Chrome/61.0.3163.79 Safari/537.36"
107.181.112.187 - - [30/Nov/2022:00:50:49 +0000] kev.inburke.com "GET /kevin/six-years-of-hacker-news-comments-about-twilio/ HTTP/1.1" 301 162 0.000 "-" "Mozilla/5.0 (Windows NT 10.0; WOW64) AppleWebKit/537.36 (KHTML, like Gecko) Chrome/103.0.0.0 YaBrowser/22.7.0 Yowser/2.5 Safari/537.36"
107.181.112.187 - - [30/Nov/2022:00:50:49 +0000] kevin.burke.dev "GET /kevin/six-years-of-hacker-news-comments-about-twilio/ HTTP/1.1" 200 31245 0.039 "https://kev.inburke.com/kevin/six-years-of-hacker-news-comments-about-twilio/" "Mozilla/5.0 (Windows NT 10.0; WOW64) AppleWebKit/537.36 (KHTML, like Gecko) Chrome/103.0.0.0 YaBrowser/22.7.0 Yowser/2.5 Safari/537.36"
157.230.53.253 - - [30/Nov/2022:00:50:59 +0000] kev.inburke.com "GET /feed/ HTTP/1.1" 301 162 0.000 "https://www.google.com/" "-"
157.230.53.253 - - [30/Nov/2022:00:51:01 +0000] kevin.burke.dev "GET /feed/ HTTP/1.1" 200 71734 0.098 "https://www.google.com/" "-"
2a03:2880:13ff:5::face:b00c - - [30/Nov/2022:00:51:07 +0000] kevin.burke.dev "GET /wp-content/themes/flat-ui/img/kevin-mask-2-small.png HTTP/1.1" 200 16868 0.000 "-" "facebookexternalhit/1.1 (+http://www.facebook.com/externalhit_uatext.php)"
34.78.120.99 - - [30/Nov/2022:00:51:10 +0000] kevin.burke.dev "GET / HTTP/1.1" 200 26369 0.050 "-" "python-requests/2.28.1"
207.46.13.27 - - [30/Nov/2022:00:51:21 +0000] kevin.burke.dev "GET / HTTP/1.1" 200 26369 0.034 "-" "Mozilla/5.0 AppleWebKit/537.36 (KHTML, like Gecko; compatible; bingbot/2.0; +http://www.bing.com/bingbot.htm) Chrome/103.0.5060.134 Safari/537.36"
207.46.13.27 - - [30/Nov/2022:00:51:22 +0000] kevin.burke.dev "GET / HTTP/1.1" 200 26369 0.042 "-" "Mozilla/5.0 (compatible; bingbot/2.0; +http://www.bing.com/bingbot.htm)"
64.124.8.42 - - [30/Nov/2022:00:51:23 +0000] kevin.burke.dev "GET /kevin/links-for-2011-01-13/ HTTP/1.1" 200 26526 0.034 "-" "Mozilla/5.0 (X11; Linux x86_64) AppleWebKit/537.36 (KHTML, like Gecko) Chrome/61.0.3163.79 Safari/537.36"
2804:b44:1000::35 - - [30/Nov/2022:00:51:36 +0000] kevin.burke.dev "POST /xmlrpc.php HTTP/1.1" 200 415 0.225 "-" "Mozilla/5.0 (Windows NT 10.0; Win64; x64; rv:96.0) Gecko/20100101 Firefox/96"
2600:1700:1430:4818:c812:c26f:9ebe:3bf5 - - [30/Nov/2022:00:51:53 +0000] mlskickofftimes.com "GET /favicon.ico HTTP/1.1" 404 87 0.002 "-" "Mozilla/5.0 (iPhone; CPU iPhone OS 16_1 like Mac OS X) AppleWebKit/605.1.15 (KHTML, like Gecko) Version/16.1 Mobile/15E148 Safari/604.1"
62.210.215.110 - - [30/Nov/2022:00:52:00 +0000] kev.inburke.com "GET /tag/iphone/feed/ HTTP/1.1" 301 162 0.000 "-" "Mozilla/5.0 (X11; Linux i686) AppleWebKit/537.36 (KHTML, like Gecko) Chrome/30.0.1599.66 Safari/537.36"
62.210.215.110 - - [30/Nov/2022:00:52:01 +0000] kevin.burke.dev "GET /tag/iphone/feed/ HTTP/1.1" 200 4983 0.058 "-" "Mozilla/5.0 (X11; Linux i686) AppleWebKit/537.36 (KHTML, like Gecko) Chrome/30.0.1599.66 Safari/537.36"
161.35.52.207 - - [30/Nov/2022:00:52:14 +0000] summersaquaticpt.com "POST /wp-login.php HTTP/1.1" 200 7912 0.170 "-" "Mozilla/5.0 (Windows NT 6.3; Win64; x64) AppleWebKit/537.36 (KHTML, like Gecko) Chrome/77.0.3865.90 Safari/537.36"
66.249.77.88 - - [30/Nov/2022:00:52:17 +0000] kevin.burke.dev "GET /feed/ HTTP/1.1" 304 0 0.039 "-" "Mozilla/5.0 (compatible; Googlebot/2.1; +http://www.google.com/bot.html)"
207.46.13.229 - - [30/Nov/2022:00:52:24 +0000] thomasmenter.com "GET /robots.txt HTTP/1.1" 301 162 0.000 "-" "Mozilla/5.0 (compatible; bingbot/2.0; +http://www.bing.com/bingbot.htm)"
207.46.13.229 - - [30/Nov/2022:00:52:24 +0000] buildersremedy.org "GET /robots.txt HTTP/1.1" 200 78 0.000 "-" "Mozilla/5.0 (compatible; bingbot/2.0; +http://www.bing.com/bingbot.htm)"
207.46.13.229 - - [30/Nov/2022:00:52:24 +0000] thomasmenter.com "GET /robots.txt HTTP/1.1" 301 162 0.000 "-" "Mozilla/5.0 (compatible; bingbot/2.0; +http://www.bing.com/bingbot.htm)"
207.46.13.229 - - [30/Nov/2022:00:52:24 +0000] buildersremedy.org "GET /robots.txt HTTP/1.1" 200 78 0.000 "-" "Mozilla/5.0 (compatible; bingbot/2.0; +http://www.bing.com/bingbot.htm)"
180.250.28.35 - - [30/Nov/2022:00:52:26 +0000] kevin.burke.dev "POST /wp-login.php HTTP/1.1" 200 6151 0.261 "-" "Mozilla/5.0 (Windows NT 10.0; Win64; x64) AppleWebKit/537.36 (KHTML, like Gecko) Chrome/72.0.3626.109 Safari/537.36"
46.101.134.27 - - [30/Nov/2022:00:52:29 +0000] kevin.burke.dev "GET /feed/ HTTP/1.1" 304 0 0.048 "-" "Mozilla/5.0 (compatible; Miniflux/2.0.37; +https://miniflux.app)"
157.55.39.98 - - [30/Nov/2022:00:52:31 +0000] thomasmenter.com "GET / HTTP/1.1" 301 162 0.000 "-" "Mozilla/5.0 (compatible; bingbot/2.0; +http://www.bing.com/bingbot.htm)"
113.87.77.19 - - [30/Nov/2022:00:52:31 +0000] kev.inburke.com "GET /feed/ HTTP/1.1" 301 162 0.000 "-" "Mozilla/5.0 (Windows NT 10.0; Win64; x64) AppleWebKit/537.36 (KHTML, like Gecko) Chrome/107.0.0.0 Safari/537.36 Edg/107.0.1418.56"
113.87.77.19 - - [30/Nov/2022:00:52:32 +0000] kevin.burke.dev "GET /feed/ HTTP/1.1" 304 0 0.045 "-" "Mozilla/5.0 (Windows NT 10.0; Win64; x64) AppleWebKit/537.36 (KHTML, like Gecko) Chrome/107.0.0.0 Safari/537.36 Edg/107.0.1418.56"
74.125.215.66 - - [30/Nov/2022:00:52:37 +0000] kevin.burke.dev "GET /.well-known/traffic-advice HTTP/1.1" 404 146 0.000 "-" "Chrome Privacy Preserving Prefetch Proxy"
2600:1700:1430:4818:c812:c26f:9ebe:3bf5 - - [30/Nov/2022:00:52:42 +0000] mlskickofftimes.com "GET /favicon.ico HTTP/1.1" 404 87 0.001 "-" "Mozilla/5.0 (iPhone; CPU iPhone OS 16_1 like Mac OS X) AppleWebKit/605.1.15 (KHTML, like Gecko) Version/16.1 Mobile/15E148 Safari/604.1"
64.71.157.115 - - [30/Nov/2022:00:52:42 +0000] kevin.burke.dev "GET /feed/ HTTP/1.1" 304 0 0.049 "-" "Feedbin feed-id:1019485 - 42 subscribers"
2600:1700:1430:4818:c812:c26f:9ebe:3bf5 - - [30/Nov/2022:00:52:43 +0000] mlskickofftimes.com "GET /favicon.ico HTTP/1.1" 404 87 0.001 "-" "Mozilla/5.0 (iPhone; CPU iPhone OS 16_1 like Mac OS X) AppleWebKit/605.1.15 (KHTML, like Gecko) Version/16.1 Mobile/15E148 Safari/604.1"
147.78.47.249 - - [30/Nov/2022:00:52:48 +0000] kev.inburke.com "GET /_ignition/health-check/ HTTP/1.1" 301 162 0.000 "-" "Mozilla/5.0 (Windows NT 10.0; Win64; x64) AppleWebKit/537.36 (KHTML, like Gecko) Chrome/105.0.0.0 Safari/537.36"
147.78.47.249 - - [30/Nov/2022:00:52:48 +0000] stage.inburke.com "GET /_ignition/health-check/ HTTP/1.1" 301 162 0.000 "-" "Mozilla/5.0 (Windows NT 10.0; Win64; x64) AppleWebKit/537.36 (KHTML, like Gecko) Chrome/105.0.0.0 Safari/537.36"
147.78.47.249 - - [30/Nov/2022:00:52:50 +0000] kev.inburke.com "GET /public/_ignition/health-check/ HTTP/1.1" 301 162 0.000 "-" "Mozilla/5.0 (Windows NT 10.0; Win64; x64) AppleWebKit/537.36 (KHTML, like Gecko) Chrome/105.0.0.0 Safari/537.36"
147.78.47.249 - - [30/Nov/2022:00:52:50 +0000] stage.inburke.com "GET /public/_ignition/health-check/ HTTP/1.1" 301 162 0.000 "-" "Mozilla/5.0 (Windows NT 10.0; Win64; x64) AppleWebKit/537.36 (KHTML, like Gecko) Chrome/105.0.0.0 Safari/537.36"
207.46.13.27 - - [30/Nov/2022:00:52:51 +0000] kevin.burke.dev "GET / HTTP/1.1" 200 26369 0.050 "-" "Mozilla/5.0 AppleWebKit/537.36 (KHTML, like Gecko; compatible; bingbot/2.0; +http://www.bing.com/bingbot.htm) Chrome/103.0.5060.134 Safari/537.36"
78.83.120.139 - - [30/Nov/2022:00:52:51 +0000] kevin.burke.dev "GET /feed/ HTTP/1.1" 304 0 0.046 "-" "Mozilla/5.0 (X11; Linux x86_64; rv:107.0) Gecko/20100101 Firefox/107.0"
147.78.47.249 - - [30/Nov/2022:00:52:53 +0000] kev.inburke.com "GET /wp-includes/wlwmanifest.xml HTTP/1.1" 301 162 0.000 "-" "Mozilla/5.0 (Windows NT 10.0; Win64; x64) AppleWebKit/537.36 (KHTML, like Gecko) Chrome/105.0.0.0 Safari/537.36"
147.78.47.249 - - [30/Nov/2022:00:52:53 +0000] stage.inburke.com "GET /wp-includes/wlwmanifest.xml HTTP/1.1" 301 162 0.000 "-" "Mozilla/5.0 (Windows NT 10.0; Win64; x64) AppleWebKit/537.36 (KHTML, like Gecko) Chrome/105.0.0.0 Safari/537.36"
103.129.178.69 - - [30/Nov/2022:00:52:58 +0000] summersaquaticpt.com "POST /xmlrpc.php HTTP/1.1" 200 415 0.204 "-" "Mozilla/5.0 (Windows NT 10.0; Win64; x64; rv:96.0) Gecko/20100101 Firefox/96"
34.78.120.99 - - [30/Nov/2022:00:53:01 +0000] kevin.burke.dev "GET / HTTP/1.1" 200 26369 0.097 "-" "python-requests/2.28.1"
34.78.120.99 - - [30/Nov/2022:00:53:03 +0000] kevin.burke.dev "GET / HTTP/1.1" 200 26369 0.040 "-" "python-requests/2.28.1"
34.78.120.99 - - [30/Nov/2022:00:53:04 +0000] kevin.burke.dev "GET / HTTP/1.1" 200 26369 0.035 "-" "python-requests/2.28.1"
66.249.77.88 - - [30/Nov/2022:00:53:05 +0000] kevin.burke.dev "GET /old_kevin/how-good-intentions-make-laundry-machines-worse-and-use-more-energy/ HTTP/1.1" 200 25594 0.046 "-" "Mozilla/5.0 (Linux; Android 6.0.1; Nexus 5X Build/MMB29P) AppleWebKit/537.36 (KHTML, like Gecko) Chrome/107.0.5304.110 Mobile Safari/537.36 (compatible; Googlebot/2.1; +http://www.google.com/bot.html)"
207.46.13.27 - - [30/Nov/2022:00:53:20 +0000] kevin.burke.dev "GET / HTTP/1.1" 200 26369 0.044 "-" "Mozilla/5.0 AppleWebKit/537.36 (KHTML, like Gecko; compatible; bingbot/2.0; +http://www.bing.com/bingbot.htm) Chrome/103.0.5060.134 Safari/537.36"
114.119.158.211 - - [30/Nov/2022:00:53:23 +0000] kevin.burke.dev "GET /category/education HTTP/1.1" 301 5 0.034 "https://kevin.burke.dev/old_kevin/the-difference-between-knowledge-intelligence/" "Mozilla/5.0 (Linux; Android 7.0;) AppleWebKit/537.36 (KHTML, like Gecko) Mobile Safari/537.36 (compatible; PetalBot;+https://webmaster.petalsearch.com/site/petalbot)"
114.119.158.211 - - [30/Nov/2022:00:53:24 +0000] kevin.burke.dev "GET /category/education/ HTTP/1.1" 200 63819 0.059 "https://kevin.burke.dev/old_kevin/the-difference-between-knowledge-intelligence/" "Mozilla/5.0 (Linux; Android 7.0;) AppleWebKit/537.36 (KHTML, like Gecko) Mobile Safari/537.36 (compatible; PetalBot;+https://webmaster.petalsearch.com/site/petalbot)"
54.37.79.75 - - [30/Nov/2022:00:53:24 +0000] 146.190.2.153 "POST / HTTP/1.1" 301 162 0.000 "-" "Mozilla/5.0 (X11; Linux x86_64) AppleWebKit/537.36 (KHTML, like Gecko) Chrome/81.0.4044.129 Safari/537.36"
54.37.79.75 - - [30/Nov/2022:00:53:24 +0000] 146.190.2.153 "GET /.env HTTP/1.1" 301 162 0.000 "-" "Mozilla/5.0 (X11; Linux x86_64) AppleWebKit/537.36 (KHTML, like Gecko) Chrome/81.0.4044.129 Safari/537.36"
107.189.6.184 - - [30/Nov/2022:00:53:25 +0000] www.burke.dev "GET /wp-login.php HTTP/1.1" 301 162 0.000 "-" "Mozilla/5.0 (Macintosh; Intel Mac OS X 10_8_5) AppleWebKit/537.36 (KHTML, like Gecko) Chrome/36.0.1985.125 Safari/537.36"
103.154.184.191 - - [30/Nov/2022:00:53:30 +0000] stage.burke.dev "POST /xmlrpc.php HTTP/1.1" 200 415 0.259 "-" "Mozilla/5.0 (Windows NT 10.0; Win64; x64; rv:96.0) Gecko/20100101 Firefox/96"
107.189.6.184 - - [30/Nov/2022:00:53:35 +0000] kevin.burke.dev "GET /wp-login.php HTTP/1.1" 200 5732 0.029 "-" "Mozilla/5.0 (Macintosh; Intel Mac OS X 10_8_5) AppleWebKit/537.36 (KHTML, like Gecko) Chrome/36.0.1985.125 Safari/537.36"
2a02:c7f:6002:cc00:ccf8:8e47:2f97:feb1 - - [30/Nov/2022:00:53:38 +0000] kevin.burke.dev "GET /feed/ HTTP/1.1" 304 0 0.050 "-" "Mozilla/5.0 (Linux; Android 10) AppleWebKit/537.36 (KHTML, like Gecko) Chrome/105.0.5195.136 Mobile Safari/537.36"
107.189.6.184 - - [30/Nov/2022:00:53:42 +0000] www.burke.dev "POST /wp-login.php HTTP/1.1" 301 162 0.000 "-" "Mozilla/5.0 (Macintosh; Intel Mac OS X 10_8_5) AppleWebKit/537.36 (KHTML, like Gecko) Chrome/36.0.1985.125 Safari/537.36"
2a02:c7f:6002:cc00:ccf8:8e47:2f97:feb1 - - [30/Nov/2022:00:53:47 +0000] kevin.burke.dev "GET / HTTP/1.1" 200 26369 0.046 "-" "Mozilla/5.0 (Linux; Android 10) AppleWebKit/537.36 (KHTML, like Gecko) Chrome/105.0.5195.136 Mobile Safari/537.36"
185.119.81.101 - - [30/Nov/2022:00:53:48 +0000] summersaquaticpt.com "GET /wp-login.php HTTP/1.1" 200 7495 0.068 "-" "Mozilla/5.0 (Windows NT 6.1; Win64; x64) AppleWebKit/537.36 (KHTML, like Gecko) Chrome/60.0.3112.101 Safari/537.36"
107.189.6.184 - - [30/Nov/2022:00:53:49 +0000] kevin.burke.dev "GET /wp-login.php HTTP/1.1" 200 5732 0.028 "-" "Mozilla/5.0 (Macintosh; Intel Mac OS X 10_8_5) AppleWebKit/537.36 (KHTML, like Gecko) Chrome/36.0.1985.125 Safari/537.36"
185.119.81.101 - - [30/Nov/2022:00:53:49 +0000] summersaquaticpt.com "POST /wp-login.php HTTP/1.1" 200 7884 0.077 "https://summersaquaticpt.com/wp-login.php" "Mozilla/5.0 (Windows NT 6.1; Win64; x64) AppleWebKit/537.36 (KHTML, like Gecko) Chrome/60.0.3112.101 Safari/537.36"
107.189.6.184 - - [30/Nov/2022:00:53:57 +0000] www.burke.dev "GET /wp-admin/ HTTP/1.1" 301 162 0.000 "-" "Mozilla/5.0 (Macintosh; Intel Mac OS X 10_8_5) AppleWebKit/537.36 (KHTML, like Gecko) Chrome/36.0.1985.125 Safari/537.36"
107.189.6.184 - - [30/Nov/2022:00:54:02 +0000] kevin.burke.dev "GET /wp-admin/ HTTP/1.1" 302 5 0.047 "-" "Mozilla/5.0 (Macintosh; Intel Mac OS X 10_8_5) AppleWebKit/537.36 (KHTML, like Gecko) Chrome/36.0.1985.125 Safari/537.36"
94.130.15.88 - - [30/Nov/2022:00:54:02 +0000] kevin.burke.dev "POST /xmlrpc.php HTTP/1.1" 200 415 0.193 "-" "Mozilla/5.0 (Windows NT 10.0; Win64; x64; rv:96.0) Gecko/20100101 Firefox/96"
2600:4041:5d82:a300:3d63:1f9f:f8bb:8488 - - [30/Nov/2022:00:54:05 +0000] kevin.burke.dev "GET /feed/ HTTP/1.1" 304 0 0.053 "-" "NetNewsWire (RSS Reader; https://netnewswire.com/)"
64.124.8.42 - - [30/Nov/2022:00:54:07 +0000] kevin.burke.dev "GET /old_kevin/42/ HTTP/1.1" 200 24512 0.057 "-" "Mozilla/5.0 (X11; Linux x86_64) AppleWebKit/537.36 (KHTML, like Gecko) Chrome/61.0.3163.79 Safari/537.36"
107.189.6.184 - - [30/Nov/2022:00:54:11 +0000] kevin.burke.dev "GET /wp-login.php?redirect_to=https%3A%2F%2Fkevin.burke.dev%2Fwp-admin%2F&reauth=1 HTTP/1.1" 200 5732 0.033 "-" "Mozilla/5.0 (Macintosh; Intel Mac OS X 10_8_5) AppleWebKit/537.36 (KHTML, like Gecko) Chrome/36.0.1985.125 Safari/537.36"
207.46.13.27 - - [30/Nov/2022:00:54:20 +0000] kevin.burke.dev "GET / HTTP/1.1" 200 26369 0.039 "-" "Mozilla/5.0 (compatible; bingbot/2.0; +http://www.bing.com/bingbot.htm)"
34.78.120.99 - - [30/Nov/2022:00:54:25 +0000] kevin.burke.dev "GET / HTTP/1.1" 200 26369 0.044 "-" "python-requests/2.28.1"
69.162.124.230 - - [30/Nov/2022:00:54:48 +0000] kevin.burke.dev "HEAD / HTTP/1.1" 200 0 0.030 "https://kevin.burke.dev" "Mozilla/5.0+(compatible; UptimeRobot/2.0; http://www.uptimerobot.com/)"
115.79.139.135 - - [30/Nov/2022:00:54:54 +0000] kevin.burke.dev "POST /wp-login.php HTTP/1.1" 200 6143 0.214 "-" "Mozilla/5.0 (Windows NT 6.1; Win64; x64) AppleWebKit/537.36 (KHTML, like Gecko) Chrome/78.0.3904.97 Safari/537.36"
24.53.243.156 - - [30/Nov/2022:00:55:00 +0000] kevin.burke.dev "GET /kevin/bernzomatic-kitchen-torch-sear-meat/ HTTP/1.1" 200 33138 0.129 "https://www.google.com/" "Mozilla/5.0 (iPad; CPU OS 16_1 like Mac OS X) AppleWebKit/605.1.15 (KHTML, like Gecko) CriOS/107.0.5304.101 Mobile/15E148 Safari/604.1"
24.53.243.156 - - [30/Nov/2022:00:55:01 +0000] kevin.burke.dev "GET /wp-includes/js/wp-emoji-release.min.js?ver=6.0.1 HTTP/1.1" 200 18617 0.000 "https://kevin.burke.dev/kevin/bernzomatic-kitchen-torch-sear-meat/" "Mozilla/5.0 (iPad; CPU OS 16_1 like Mac OS X) AppleWebKit/605.1.15 (KHTML, like Gecko) CriOS/107.0.5304.101 Mobile/15E148 Safari/604.1"
24.53.243.156 - - [30/Nov/2022:00:55:01 +0000] kevin.burke.dev "GET /wp-includes/js/jquery/jquery.min.js?ver=3.6.0 HTTP/1.1" 200 89521 0.000 "https://kevin.burke.dev/kevin/bernzomatic-kitchen-torch-sear-meat/" "Mozilla/5.0 (iPad; CPU OS 16_1 like Mac OS X) AppleWebKit/605.1.15 (KHTML, like Gecko) CriOS/107.0.5304.101 Mobile/15E148 Safari/604.1"
24.53.243.156 - - [30/Nov/2022:00:55:01 +0000] kevin.burke.dev "GET /wp-content/themes/flat-ui/css/blog.css?ver=6.0.1 HTTP/1.1" 200 7644 0.000 "https://kevin.burke.dev/kevin/bernzomatic-kitchen-torch-sear-meat/" "Mozilla/5.0 (iPad; CPU OS 16_1 like Mac OS X) AppleWebKit/605.1.15 (KHTML, like Gecko) CriOS/107.0.5304.101 Mobile/15E148 Safari/604.1"
24.53.243.156 - - [30/Nov/2022:00:55:01 +0000] kevin.burke.dev "GET /wp-content/themes/flat-ui/style.css?ver=20190507 HTTP/1.1" 200 12464 0.000 "https://kevin.burke.dev/kevin/bernzomatic-kitchen-torch-sear-meat/" "Mozilla/5.0 (iPad; CPU OS 16_1 like Mac OS X) AppleWebKit/605.1.15 (KHTML, like Gecko) CriOS/107.0.5304.101 Mobile/15E148 Safari/604.1"
24.53.243.156 - - [30/Nov/2022:00:55:01 +0000] kevin.burke.dev "GET /wp-content/themes/flat-ui/js/vendor/modernizr-2.6.2.min.js?ver=1.0 HTTP/1.1" 200 15414 0.000 "https://kevin.burke.dev/kevin/bernzomatic-kitchen-torch-sear-meat/" "Mozilla/5.0 (iPad; CPU OS 16_1 like Mac OS X) AppleWebKit/605.1.15 (KHTML, like Gecko) CriOS/107.0.5304.101 Mobile/15E148 Safari/604.1"
24.53.243.156 - - [30/Nov/2022:00:55:01 +0000] kevin.burke.dev "GET /wp-includes/css/dist/block-library/style.min.css?ver=6.0.1 HTTP/1.1" 200 88932 0.000 "https://kevin.burke.dev/kevin/bernzomatic-kitchen-torch-sear-meat/" "Mozilla/5.0 (iPad; CPU OS 16_1 like Mac OS X) AppleWebKit/605.1.15 (KHTML, like Gecko) CriOS/107.0.5304.101 Mobile/15E148 Safari/604.1"
24.53.243.156 - - [30/Nov/2022:00:55:01 +0000] kevin.burke.dev "GET /wp-content/themes/twentytwelve/css/blocks.css?ver=20190406 HTTP/1.1" 200 10553 0.000 "https://kevin.burke.dev/kevin/bernzomatic-kitchen-torch-sear-meat/" "Mozilla/5.0 (iPad; CPU OS 16_1 like Mac OS X) AppleWebKit/605.1.15 (KHTML, like Gecko) CriOS/107.0.5304.101 Mobile/15E148 Safari/604.1"
24.53.243.156 - - [30/Nov/2022:00:55:01 +0000] kevin.burke.dev "GET /wp-includes/js/jquery/jquery-migrate.min.js?ver=3.3.2 HTTP/1.1" 200 11224 0.000 "https://kevin.burke.dev/kevin/bernzomatic-kitchen-torch-sear-meat/" "Mozilla/5.0 (iPad; CPU OS 16_1 like Mac OS X) AppleWebKit/605.1.15 (KHTML, like Gecko) CriOS/107.0.5304.101 Mobile/15E148 Safari/604.1"
24.53.243.156 - - [30/Nov/2022:00:55:01 +0000] kevin.burke.dev "GET /wp-content/themes/flat-ui/js/main.js?ver=1.0 HTTP/1.1" 200 1354 0.000 "https://kevin.burke.dev/kevin/bernzomatic-kitchen-torch-sear-meat/" "Mozilla/5.0 (iPad; CPU OS 16_1 like Mac OS X) AppleWebKit/605.1.15 (KHTML, like Gecko) CriOS/107.0.5304.101 Mobile/15E148 Safari/604.1"
24.53.243.156 - - [30/Nov/2022:00:55:01 +0000] kevin.burke.dev "GET /wp-includes/js/comment-reply.min.js?ver=6.0.1 HTTP/1.1" 200 2981 0.000 "https://kevin.burke.dev/kevin/bernzomatic-kitchen-torch-sear-meat/" "Mozilla/5.0 (iPad; CPU OS 16_1 like Mac OS X) AppleWebKit/605.1.15 (KHTML, like Gecko) CriOS/107.0.5304.101 Mobile/15E148 Safari/604.1"
24.53.243.156 - - [30/Nov/2022:00:55:01 +0000] kevin.burke.dev "GET /wp-content/themes/twentytwelve/js/navigation.js?ver=20141205 HTTP/1.1" 200 1552 0.000 "https://kevin.burke.dev/kevin/bernzomatic-kitchen-torch-sear-meat/" "Mozilla/5.0 (iPad; CPU OS 16_1 like Mac OS X) AppleWebKit/605.1.15 (KHTML, like Gecko) CriOS/107.0.5304.101 Mobile/15E148 Safari/604.1"
24.53.243.156 - - [30/Nov/2022:00:55:01 +0000] kevin.burke.dev "GET /wp-content/themes/flat-ui/img/kevin-mask-2-small.png HTTP/1.1" 200 16868 0.000 "https://kevin.burke.dev/kevin/bernzomatic-kitchen-torch-sear-meat/" "Mozilla/5.0 (iPad; CPU OS 16_1 like Mac OS X) AppleWebKit/605.1.15 (KHTML, like Gecko) CriOS/107.0.5304.101 Mobile/15E148 Safari/604.1"
24.53.243.156 - - [30/Nov/2022:00:55:01 +0000] kevin.burke.dev "GET /wp-content/themes/flat-ui/font/genericons-regular-webfont.woff HTTP/1.1" 200 9240 0.000 "https://kevin.burke.dev/kevin/bernzomatic-kitchen-torch-sear-meat/" "Mozilla/5.0 (iPad; CPU OS 16_1 like Mac OS X) AppleWebKit/605.1.15 (KHTML, like Gecko) CriOS/107.0.5304.101 Mobile/15E148 Safari/604.1"
24.53.243.156 - - [30/Nov/2022:00:55:01 +0000] kevin.burke.dev "GET /rawblog/images/2019-06-ts8000-bottom.jpg HTTP/1.1" 200 1044738 0.172 "https://kevin.burke.dev/kevin/bernzomatic-kitchen-torch-sear-meat/" "Mozilla/5.0 (iPad; CPU OS 16_1 like Mac OS X) AppleWebKit/605.1.15 (KHTML, like Gecko) CriOS/107.0.5304.101 Mobile/15E148 Safari/604.1"
24.53.243.156 - - [30/Nov/2022:00:55:02 +0000] kevin.burke.dev "GET /favicon.ico HTTP/1.1" 404 146 0.000 "-" "Mozilla/5.0 (iPad; CPU OS 16_1 like Mac OS X) AppleWebKit/605.1.15 (KHTML, like Gecko) CriOS/107.0.5304.101 Mobile/15E148 Safari/604.1"
24.53.243.156 - - [30/Nov/2022:00:55:02 +0000] kevin.burke.dev "GET /rawblog/images/2019-06-tank-top.jpg HTTP/1.1" 200 1193152 0.408 "https://kevin.burke.dev/kevin/bernzomatic-kitchen-torch-sear-meat/" "Mozilla/5.0 (iPad; CPU OS 16_1 like Mac OS X) AppleWebKit/605.1.15 (KHTML, like Gecko) CriOS/107.0.5304.101 Mobile/15E148 Safari/604.1"
24.53.243.156 - - [30/Nov/2022:00:55:02 +0000] kevin.burke.dev "GET /rawblog/images/2019-06-tank-and-torch.jpg?cachebust HTTP/1.1" 200 1542104 0.089 "https://kevin.burke.dev/kevin/bernzomatic-kitchen-torch-sear-meat/" "Mozilla/5.0 (iPad; CPU OS 16_1 like Mac OS X) AppleWebKit/605.1.15 (KHTML, like Gecko) CriOS/107.0.5304.101 Mobile/15E148 Safari/604.1"
2a01:4f8:171:268b::2 - - [30/Nov/2022:00:55:19 +0000] kev.inburke.com "GET /feed/ HTTP/1.1" 301 162 0.000 "-" "My RSS Reader"
2a01:4f8:171:268b::2 - - [30/Nov/2022:00:55:20 +0000] kevin.burke.dev "GET /feed/ HTTP/1.1" 200 71734 0.085 "-" "My RSS Reader"
207.46.13.27 - - [30/Nov/2022:00:55:31 +0000] kevin.burke.dev "GET / HTTP/1.1" 200 26369 0.078 "-" "Mozilla/5.0 (compatible; bingbot/2.0; +http://www.bing.com/bingbot.htm)"
107.189.13.99 - - [30/Nov/2022:00:55:31 +0000] www.summersaquaticpt.com "GET /wp-login.php HTTP/1.1" 301 162 0.000 "-" "Mozilla/5.0 (Macintosh; Intel Mac OS X 10_9_3) AppleWebKit/537.76.4 (KHTML, like Gecko) Version/7.0.4 Safari/537.76.4"
2400:6180:100:d0::c3d:7001 - - [30/Nov/2022:00:55:40 +0000] stage.burke.dev "POST /xmlrpc.php HTTP/1.1" 200 415 0.259 "-" "Mozilla/5.0 (Windows NT 10.0; Win64; x64; rv:96.0) Gecko/20100101 Firefox/96"
130.61.143.194 - - [30/Nov/2022:00:55:47 +0000] kevin.burke.dev "POST /xmlrpc.php HTTP/1.1" 200 415 0.189 "-" "Mozilla/5.0 (Windows NT 10.0; Win64; x64; rv:96.0) Gecko/20100101 Firefox/96"
107.189.13.99 - - [30/Nov/2022:00:55:49 +0000] summersaquaticpt.com "GET /wp-login.php HTTP/1.1" 200 7495 0.100 "-" "Mozilla/5.0 (Macintosh; Intel Mac OS X 10_9_3) AppleWebKit/537.76.4 (KHTML, like Gecko) Version/7.0.4 Safari/537.76.4"
185.156.174.115 - - [30/Nov/2022:00:55:51 +0000] kevin.burke.dev "POST /xmlrpc.php HTTP/1.1" 200 415 0.028 "-" "Mozilla/5.0 (Windows NT 10.0; Win64; x64) AppleWebKit/537.36 (KHTML, like Gecko) Chrome/100.0.4896.127 Safari/537.36"
2a02:8084:8082:8680:c4fe:e95c:675b:631a - - [30/Nov/2022:00:55:59 +0000] kevin.burke.dev "GET /kevin/things-to-use-instead-of-jwt/ HTTP/1.1" 200 52219 0.055 "https://medium.com/kanlanc/heres-why-storing-jwt-in-local-storage-is-a-great-mistake-df01dad90f9e" "Mozilla/5.0 (Windows NT 10.0; Win64; x64) AppleWebKit/537.36 (KHTML, like Gecko) Chrome/107.0.0.0 Safari/537.36"
2a02:8084:8082:8680:c4fe:e95c:675b:631a - - [30/Nov/2022:00:56:00 +0000] kevin.burke.dev "GET /wp-includes/css/dist/block-library/style.min.css?ver=6.0.1 HTTP/1.1" 200 88932 0.000 "https://kevin.burke.dev/kevin/things-to-use-instead-of-jwt/" "Mozilla/5.0 (Windows NT 10.0; Win64; x64) AppleWebKit/537.36 (KHTML, like Gecko) Chrome/107.0.0.0 Safari/537.36"
2a02:8084:8082:8680:c4fe:e95c:675b:631a - - [30/Nov/2022:00:56:00 +0000] kevin.burke.dev "GET /wp-content/themes/flat-ui/style.css?ver=20190507 HTTP/1.1" 200 12464 0.000 "https://kevin.burke.dev/kevin/things-to-use-instead-of-jwt/" "Mozilla/5.0 (Windows NT 10.0; Win64; x64) AppleWebKit/537.36 (KHTML, like Gecko) Chrome/107.0.0.0 Safari/537.36"
2a02:8084:8082:8680:c4fe:e95c:675b:631a - - [30/Nov/2022:00:56:00 +0000] kevin.burke.dev "GET /wp-content/themes/flat-ui/css/blog.css?ver=6.0.1 HTTP/1.1" 200 7644 0.000 "https://kevin.burke.dev/kevin/things-to-use-instead-of-jwt/" "Mozilla/5.0 (Windows NT 10.0; Win64; x64) AppleWebKit/537.36 (KHTML, like Gecko) Chrome/107.0.0.0 Safari/537.36"
2a02:8084:8082:8680:c4fe:e95c:675b:631a - - [30/Nov/2022:00:56:00 +0000] kevin.burke.dev "GET /wp-content/themes/twentytwelve/css/blocks.css?ver=20190406 HTTP/1.1" 200 10553 0.000 "https://kevin.burke.dev/kevin/things-to-use-instead-of-jwt/" "Mozilla/5.0 (Windows NT 10.0; Win64; x64) AppleWebKit/537.36 (KHTML, like Gecko) Chrome/107.0.0.0 Safari/537.36"
2a02:8084:8082:8680:c4fe:e95c:675b:631a - - [30/Nov/2022:00:56:00 +0000] kevin.burke.dev "GET /wp-content/themes/flat-ui/js/vendor/modernizr-2.6.2.min.js?ver=1.0 HTTP/1.1" 200 15414 0.000 "https://kevin.burke.dev/kevin/things-to-use-instead-of-jwt/" "Mozilla/5.0 (Windows NT 10.0; Win64; x64) AppleWebKit/537.36 (KHTML, like Gecko) Chrome/107.0.0.0 Safari/537.36"
2a02:8084:8082:8680:c4fe:e95c:675b:631a - - [30/Nov/2022:00:56:00 +0000] kevin.burke.dev "GET /wp-includes/js/jquery/jquery-migrate.min.js?ver=3.3.2 HTTP/1.1" 200 11224 0.000 "https://kevin.burke.dev/kevin/things-to-use-instead-of-jwt/" "Mozilla/5.0 (Windows NT 10.0; Win64; x64) AppleWebKit/537.36 (KHTML, like Gecko) Chrome/107.0.0.0 Safari/537.36"
2a02:8084:8082:8680:c4fe:e95c:675b:631a - - [30/Nov/2022:00:56:00 +0000] kevin.burke.dev "GET /wp-includes/js/jquery/jquery.min.js?ver=3.6.0 HTTP/1.1" 200 89521 0.320 "https://kevin.burke.dev/kevin/things-to-use-instead-of-jwt/" "Mozilla/5.0 (Windows NT 10.0; Win64; x64) AppleWebKit/537.36 (KHTML, like Gecko) Chrome/107.0.0.0 Safari/537.36"
2a02:8084:8082:8680:c4fe:e95c:675b:631a - - [30/Nov/2022:00:56:01 +0000] kevin.burke.dev "GET /wp-content/themes/flat-ui/js/main.js?ver=1.0 HTTP/1.1" 200 1354 0.000 "https://kevin.burke.dev/kevin/things-to-use-instead-of-jwt/" "Mozilla/5.0 (Windows NT 10.0; Win64; x64) AppleWebKit/537.36 (KHTML, like Gecko) Chrome/107.0.0.0 Safari/537.36"
2a02:8084:8082:8680:c4fe:e95c:675b:631a - - [30/Nov/2022:00:56:01 +0000] kevin.burke.dev "GET /wp-includes/js/comment-reply.min.js?ver=6.0.1 HTTP/1.1" 200 2981 0.000 "https://kevin.burke.dev/kevin/things-to-use-instead-of-jwt/" "Mozilla/5.0 (Windows NT 10.0; Win64; x64) AppleWebKit/537.36 (KHTML, like Gecko) Chrome/107.0.0.0 Safari/537.36"
2a02:8084:8082:8680:c4fe:e95c:675b:631a - - [30/Nov/2022:00:56:01 +0000] kevin.burke.dev "GET /wp-includes/js/wp-emoji-release.min.js?ver=6.0.1 HTTP/1.1" 200 18617 0.000 "https://kevin.burke.dev/kevin/things-to-use-instead-of-jwt/" "Mozilla/5.0 (Windows NT 10.0; Win64; x64) AppleWebKit/537.36 (KHTML, like Gecko) Chrome/107.0.0.0 Safari/537.36"
2a02:8084:8082:8680:c4fe:e95c:675b:631a - - [30/Nov/2022:00:56:01 +0000] kevin.burke.dev "GET /wp-content/themes/twentytwelve/js/navigation.js?ver=20141205 HTTP/1.1" 200 1552 0.000 "https://kevin.burke.dev/kevin/things-to-use-instead-of-jwt/" "Mozilla/5.0 (Windows NT 10.0; Win64; x64) AppleWebKit/537.36 (KHTML, like Gecko) Chrome/107.0.0.0 Safari/537.36"
2a02:8084:8082:8680:c4fe:e95c:675b:631a - - [30/Nov/2022:00:56:01 +0000] kevin.burke.dev "GET /wp-content/themes/flat-ui/img/kevin-mask-2-small.png HTTP/1.1" 200 16868 0.000 "https://kevin.burke.dev/kevin/things-to-use-instead-of-jwt/" "Mozilla/5.0 (Windows NT 10.0; Win64; x64) AppleWebKit/537.36 (KHTML, like Gecko) Chrome/107.0.0.0 Safari/537.36"
2a02:8084:8082:8680:c4fe:e95c:675b:631a - - [30/Nov/2022:00:56:01 +0000] kevin.burke.dev "GET /wp-content/themes/flat-ui/font/genericons-regular-webfont.woff HTTP/1.1" 200 9240 0.000 "https://kevin.burke.dev/wp-content/themes/flat-ui/style.css?ver=20190507" "Mozilla/5.0 (Windows NT 10.0; Win64; x64) AppleWebKit/537.36 (KHTML, like Gecko) Chrome/107.0.0.0 Safari/537.36"
45.79.64.21 - - [30/Nov/2022:00:56:15 +0000] kevin.burke.dev "GET /feed/ HTTP/1.1" 304 0 0.053 "-" "Unread RSS Reader - https://www.goldenhillsoftware.com/unread/"
207.46.13.27 - - [30/Nov/2022:00:56:21 +0000] kevin.burke.dev "GET / HTTP/1.1" 200 26369 0.046 "-" "Mozilla/5.0 (compatible; bingbot/2.0; +http://www.bing.com/bingbot.htm)"
34.78.120.99 - - [30/Nov/2022:00:56:32 +0000] kevin.burke.dev "GET / HTTP/1.1" 200 26369 0.071 "-" "python-requests/2.28.1"
107.189.1.148 - - [30/Nov/2022:00:56:35 +0000] www.summersaquaticpt.com "GET /wp-login.php HTTP/1.1" 301 162 0.000 "-" "Mozilla/5.0 (Macintosh; Intel Mac OS X 10_9_2) AppleWebKit/537.36 (KHTML, like Gecko) Chrome/36.0.1985.125 Safari/537.36"
107.189.1.148 - - [30/Nov/2022:00:56:36 +0000] summersaquaticpt.com "GET /wp-login.php HTTP/1.1" 200 7495 0.070 "-" "Mozilla/5.0 (Macintosh; Intel Mac OS X 10_9_2) AppleWebKit/537.36 (KHTML, like Gecko) Chrome/36.0.1985.125 Safari/537.36"
107.189.1.148 - - [30/Nov/2022:00:56:36 +0000] www.summersaquaticpt.com "POST /wp-login.php HTTP/1.1" 301 162 0.000 "-" "Mozilla/5.0 (Macintosh; Intel Mac OS X 10_9_2) AppleWebKit/537.36 (KHTML, like Gecko) Chrome/36.0.1985.125 Safari/537.36"
107.189.1.148 - - [30/Nov/2022:00:56:36 +0000] summersaquaticpt.com "GET /wp-login.php HTTP/1.1" 200 7495 0.089 "-" "Mozilla/5.0 (Macintosh; Intel Mac OS X 10_9_2) AppleWebKit/537.36 (KHTML, like Gecko) Chrome/36.0.1985.125 Safari/537.36"
107.189.1.148 - - [30/Nov/2022:00:56:36 +0000] www.summersaquaticpt.com "GET /wp-admin/ HTTP/1.1" 301 162 0.000 "-" "Mozilla/5.0 (Macintosh; Intel Mac OS X 10_9_2) AppleWebKit/537.36 (KHTML, like Gecko) Chrome/36.0.1985.125 Safari/537.36"
107.189.1.148 - - [30/Nov/2022:00:56:37 +0000] summersaquaticpt.com "GET /wp-admin/ HTTP/1.1" 302 5 0.180 "-" "Mozilla/5.0 (Macintosh; Intel Mac OS X 10_9_2) AppleWebKit/537.36 (KHTML, like Gecko) Chrome/36.0.1985.125 Safari/537.36"
107.189.1.148 - - [30/Nov/2022:00:56:37 +0000] summersaquaticpt.com "GET /wp-login.php?redirect_to=https%3A%2F%2Fsummersaquaticpt.com%2Fwp-admin%2F&reauth=1 HTTP/1.1" 200 7495 0.081 "-" "Mozilla/5.0 (Macintosh; Intel Mac OS X 10_9_2) AppleWebKit/537.36 (KHTML, like Gecko) Chrome/36.0.1985.125 Safari/537.36"
51.222.253.14 - - [30/Nov/2022:00:56:45 +0000] kevin.burke.dev "GET /old_kevin/more-books-out-of-the-library/ HTTP/1.1" 200 25009 0.038 "-" "Mozilla/5.0 (compatible; AhrefsBot/7.0; +http://ahrefs.com/robot/)"
54.37.79.75 - - [30/Nov/2022:00:56:48 +0000] 164.92.69.181 "POST / HTTP/1.1" 301 162 0.000 "-" "Mozilla/5.0 (X11; Linux x86_64) AppleWebKit/537.36 (KHTML, like Gecko) Chrome/81.0.4044.129 Safari/537.36"
54.37.79.75 - - [30/Nov/2022:00:56:48 +0000] 164.92.69.181 "GET /.env HTTP/1.1" 301 162 0.000 "-" "Mozilla/5.0 (X11; Linux x86_64) AppleWebKit/537.36 (KHTML, like Gecko) Chrome/81.0.4044.129 Safari/537.36"
207.46.13.27 - - [30/Nov/2022:00:57:21 +0000] kevin.burke.dev "GET / HTTP/1.1" 200 26369 0.040 "-" "Mozilla/5.0 AppleWebKit/537.36 (KHTML, like Gecko; compatible; bingbot/2.0; +http://www.bing.com/bingbot.htm) Chrome/103.0.5060.134 Safari/537.36"
92.247.181.9 - - [30/Nov/2022:00:57:40 +0000] kevin.burke.dev "GET /kevin/node-require-is-dog-slow/feed/ HTTP/1.1" 304 0 0.047 "https://kevin.burke.dev/" "Mozilla/5.0 (compatible; inoreader.com; 2 subscribers)"
64.71.157.115 - - [30/Nov/2022:00:57:55 +0000] kevin.burke.dev "GET /feed/ HTTP/1.1" 200 71734 0.073 "-" "Feedbin feed-id:1938185 - 17 subscribers"
107.181.112.187 - - [30/Nov/2022:00:58:22 +0000] kevin.burke.dev "GET /kevin/open-season-on-virgin-mobile-customer-data/ HTTP/1.1" 200 150913 0.212 "-" "Mozilla/5.0 (X11; Linux x86_64) AppleWebKit/537.36 (KHTML, like Gecko) Chrome/103.0.0.0 Safari/537.36 Vivaldi/5.3.2679.68"
151.80.20.26 - - [30/Nov/2022:00:58:27 +0000] kevin.burke.dev "POST /xmlrpc.php HTTP/1.1" 200 415 0.178 "-" "Mozilla/5.0 (Windows NT 10.0; Win64; x64; rv:96.0) Gecko/20100101 Firefox/96"
172.104.131.24 - - [30/Nov/2022:00:58:42 +0000] - "ABCDEFGHIJKLMNOPQRSTUVWXYZ9999" 400 150 0.165 "-" "-"
77.168.164.36 - - [30/Nov/2022:00:59:00 +0000] kevin.burke.dev "GET / HTTP/1.1" 200 26369 0.045 "-" "Reeder/5030406 CFNetwork/1335.0.3 Darwin/21.6.0"
77.168.164.36 - - [30/Nov/2022:00:59:01 +0000] kevin.burke.dev "HEAD /favicon.ico HTTP/1.1" 404 0 0.000 "-" "Reeder/5030406 CFNetwork/1335.0.3 Darwin/21.6.0"
77.168.164.36 - - [30/Nov/2022:00:59:01 +0000] kevin.burke.dev "HEAD /apple-touch-icon.png HTTP/1.1" 404 0 0.000 "-" "Reeder/5030406 CFNetwork/1335.0.3 Darwin/21.6.0"
77.168.164.36 - - [30/Nov/2022:00:59:01 +0000] kevin.burke.dev "HEAD /apple-touch-icon-precomposed.png HTTP/1.1" 404 0 0.000 "-" "Reeder/5030406 CFNetwork/1335.0.3 Darwin/21.6.0"
54.211.141.220 - - [30/Nov/2022:00:59:01 +0000] kevin.burke.dev "GET /kevin/aws-alb-validation-tls-reply/ HTTP/1.1" 200 28214 0.062 "-" "Iframely/1.3.1 (+https://iframely.com/docs/about)"
207.46.13.27 - - [30/Nov/2022:00:59:11 +0000] kevin.burke.dev "GET / HTTP/1.1" 200 26369 0.036 "-" "Mozilla/5.0 (compatible; bingbot/2.0; +http://www.bing.com/bingbot.htm)"
207.46.13.27 - - [30/Nov/2022:00:59:12 +0000] kevin.burke.dev "GET / HTTP/1.1" 200 26369 0.045 "-" "Mozilla/5.0 AppleWebKit/537.36 (KHTML, like Gecko; compatible; bingbot/2.0; +http://www.bing.com/bingbot.htm) Chrome/103.0.5060.134 Safari/537.36"
173.56.90.214 - - [30/Nov/2022:00:59:20 +0000] kevin.burke.dev "GET /feed/ HTTP/1.1" 304 0 0.042 "-" "NetNewsWire (RSS Reader; https://netnewswire.com/)"
69.162.124.230 - - [30/Nov/2022:00:59:48 +0000] kevin.burke.dev "HEAD / HTTP/1.1" 200 0 0.027 "https://kevin.burke.dev" "Mozilla/5.0+(compatible; UptimeRobot/2.0; http://www.uptimerobot.com/)"
207.46.13.27 - - [30/Nov/2022:01:00:21 +0000] kevin.burke.dev "GET / HTTP/1.1" 200 26369 0.062 "-" "Mozilla/5.0 AppleWebKit/537.36 (KHTML, like Gecko; compatible; bingbot/2.0; +http://www.bing.com/bingbot.htm) Chrome/103.0.5060.134 Safari/537.36"
198.98.50.216 - - [30/Nov/2022:01:00:22 +0000] inburke.com "GET /wp-login.php HTTP/1.1" 301 162 0.000 "-" "Mozilla/5.0 (Macintosh; Intel Mac OS X 10_9_4) AppleWebKit/537.36 (KHTML, like Gecko) Chrome/35.0.1916.153 Safari/537.36"
203.123.98.4 - - [30/Nov/2022:01:00:23 +0000] burke.services "GET /.well-known/security.txt HTTP/1.1" 404 146 0.000 "-" "Go-http-client/1.1"
203.123.98.4 - - [30/Nov/2022:01:00:23 +0000] burke.services "GET /security.txt HTTP/1.1" 404 146 0.000 "-" "Go-http-client/1.1"
203.123.98.4 - - [30/Nov/2022:01:00:24 +0000] burke.services "GET /.well-known/security.txt HTTP/1.1" 301 162 0.000 "-" "Go-http-client/1.1"
203.123.98.4 - - [30/Nov/2022:01:00:24 +0000] burke.services "GET /.well-known/security.txt HTTP/1.1" 404 146 0.000 "http://burke.services/.well-known/security.txt" "Go-http-client/1.1"
203.123.98.4 - - [30/Nov/2022:01:00:24 +0000] burke.services "GET /security.txt HTTP/1.1" 301 162 0.000 "-" "Go-http-client/1.1"
203.123.98.4 - - [30/Nov/2022:01:00:25 +0000] burke.services "GET /security.txt HTTP/1.1" 404 146 0.000 "http://burke.services/security.txt" "Go-http-client/1.1"
198.98.50.216 - - [30/Nov/2022:01:00:46 +0000] kevin.burke.dev "GET /wp-login.php HTTP/1.1" 200 5732 0.029 "-" "Mozilla/5.0 (Macintosh; Intel Mac OS X 10_9_4) AppleWebKit/537.36 (KHTML, like Gecko) Chrome/35.0.1916.153 Safari/537.36"
198.98.50.216 - - [30/Nov/2022:01:00:46 +0000] inburke.com "POST /wp-login.php HTTP/1.1" 301 162 0.000 "-" "Mozilla/5.0 (Macintosh; Intel Mac OS X 10_9_4) AppleWebKit/537.36 (KHTML, like Gecko) Chrome/35.0.1916.153 Safari/537.36"
198.98.50.216 - - [30/Nov/2022:01:00:47 +0000] kevin.burke.dev "GET /wp-login.php HTTP/1.1" 200 5732 0.023 "-" "Mozilla/5.0 (Macintosh; Intel Mac OS X 10_9_4) AppleWebKit/537.36 (KHTML, like Gecko) Chrome/35.0.1916.153 Safari/537.36"
198.98.50.216 - - [30/Nov/2022:01:00:47 +0000] inburke.com "GET /wp-admin/ HTTP/1.1" 301 162 0.000 "-" "Mozilla/5.0 (Macintosh; Intel Mac OS X 10_9_4) AppleWebKit/537.36 (KHTML, like Gecko) Chrome/35.0.1916.153 Safari/537.36"
198.98.50.216 - - [30/Nov/2022:01:00:47 +0000] kevin.burke.dev "GET /wp-admin/ HTTP/1.1" 302 5 0.030 "-" "Mozilla/5.0 (Macintosh; Intel Mac OS X 10_9_4) AppleWebKit/537.36 (KHTML, like Gecko) Chrome/35.0.1916.153 Safari/537.36"
198.98.50.216 - - [30/Nov/2022:01:00:47 +0000] kevin.burke.dev "GET /wp-login.php?redirect_to=https%3A%2F%2Fkevin.burke.dev%2Fwp-admin%2F&reauth=1 HTTP/1.1" 200 5732 0.031 "-" "Mozilla/5.0 (Macintosh; Intel Mac OS X 10_9_4) AppleWebKit/537.36 (KHTML, like Gecko) Chrome/35.0.1916.153 Safari/537.36"
74.64.131.91 - - [30/Nov/2022:01:00:51 +0000] kev.inburke.com "GET /feed/ HTTP/1.1" 301 162 0.000 "https://kev.inburke.com/feed/" "FreshRSS/1.20.1 (Linux; https://freshrss.org)"
74.64.131.91 - - [30/Nov/2022:01:00:52 +0000] kevin.burke.dev "GET /feed/ HTTP/1.1" 304 0 0.044 "https://kevin.burke.dev/feed/" "FreshRSS/1.20.1 (Linux; https://freshrss.org)"
194.230.146.153 - - [30/Nov/2022:01:01:08 +0000] kevin.burke.dev "GET /apple-touch-icon.png HTTP/1.1" 404 146 0.000 "-" "DuckDuckGo/5 (com.duckduckgo.mobile.android; Android API 30)"
194.230.146.153 - - [30/Nov/2022:01:01:09 +0000] kevin.burke.dev "GET /favicon.ico HTTP/1.1" 404 146 0.000 "-" "DuckDuckGo/5 (com.duckduckgo.mobile.android; Android API 30)"
207.46.13.27 - - [30/Nov/2022:01:01:12 +0000] kevin.burke.dev "GET / HTTP/1.1" 200 26369 0.039 "-" "Mozilla/5.0 AppleWebKit/537.36 (KHTML, like Gecko; compatible; bingbot/2.0; +http://www.bing.com/bingbot.htm) Chrome/103.0.5060.134 Safari/537.36"
82.156.174.240 - - [30/Nov/2022:01:01:17 +0000] kev.inburke.com "GET /feed/ HTTP/1.1" 301 162 0.000 "-" "Gofeed/1.0"
82.156.174.240 - - [30/Nov/2022:01:01:18 +0000] kevin.burke.dev "GET /feed/ HTTP/1.1" 200 71734 0.082 "https://kev.inburke.com/feed/" "Gofeed/1.0"
47.111.116.44 - - [30/Nov/2022:01:01:25 +0000] kevin.burke.dev "POST /wp-login.php HTTP/1.1" 200 6151 0.164 "-" "Mozilla/5.0 (Windows NT 6.3; WOW64) AppleWebKit/537.36 (KHTML, like Gecko) Chrome/47.0.2526.106 Safari/537.36"
171.221.170.113 - - [30/Nov/2022:01:01:25 +0000] kev.inburke.com "GET /feed/ HTTP/1.1" 301 162 0.000 "-" "Mozilla/5.0 (Windows NT 10.0; Win64; x64; rv:107.0) Gecko/20100101 Firefox/107.0"
171.221.170.113 - - [30/Nov/2022:01:01:26 +0000] kevin.burke.dev "GET /feed/ HTTP/1.1" 304 0 0.044 "-" "Mozilla/5.0 (Windows NT 10.0; Win64; x64; rv:107.0) Gecko/20100101 Firefox/107.0"
2600:3c03::f03c:91ff:fe9d:6425 - - [30/Nov/2022:01:01:29 +0000] kev.inburke.com "GET /feed/ HTTP/1.1" 301 162 0.000 "-" "Feed Wrangler/1.0 (2 subscribers; feed-id=413041; http://feedwrangler.net; Allow like Gecko)"
2600:3c03::f03c:91ff:fe9d:6425 - - [30/Nov/2022:01:01:30 +0000] kevin.burke.dev "GET /feed/ HTTP/1.1" 304 0 0.045 "-" "Feed Wrangler/1.0 (2 subscribers; feed-id=413041; http://feedwrangler.net; Allow like Gecko)"
193.37.254.3 - - [30/Nov/2022:01:01:35 +0000] kevin.burke.dev "POST /xmlrpc.php HTTP/1.1" 200 415 0.032 "-" "Mozilla/5.0 (Windows NT 10.0; Win64; x64) AppleWebKit/537.36 (KHTML, like Gecko) Chrome/100.0.4896.127 Safari/537.36"
2a01:7e01::f03c:91ff:fe95:7da7 - - [30/Nov/2022:01:01:37 +0000] kev.inburke.com "GET /feed/ HTTP/1.1" 301 162 0.000 "-" "Rapids"
2a01:7e01::f03c:91ff:fe95:7da7 - - [30/Nov/2022:01:01:38 +0000] kevin.burke.dev "GET /feed/ HTTP/1.1" 304 0 0.048 "-" "Rapids"
185.100.87.136 - - [30/Nov/2022:01:01:43 +0000] 164.92.69.181 "POST /index.htm HTTP/1.1" 301 162 0.000 "-" "Mozilla/5.0 (Windows NT 10.0; WOW64) AppleWebKit/537.36 (KHTML, like Gecko) Chrome/72.0.3626.121 Safari/537.36"
185.100.87.136 - - [30/Nov/2022:01:01:44 +0000] 164.92.69.181 "POST /FD873AC4-CF86-4FED-84EC-4BD59C6F17A7 HTTP/1.1" 301 162 0.000 "-" "Mozilla/4.0 (compatible; MSIE 6.0; Windows NT 5.1)"
185.100.87.136 - - [30/Nov/2022:01:01:44 +0000] - "\x83F\x02\x00\x15\x00\x00\x00R%}gI\x5Cm\x1E\x05\x16yEFbkD}\x0E[g\x18\x00\x00\x00\x00\x00\x00\x00\x00" 400 150 0.179 "-" "-"
207.46.13.27 - - [30/Nov/2022:01:02:12 +0000] kevin.burke.dev "GET / HTTP/1.1" 200 26369 0.053 "-" "Mozilla/5.0 AppleWebKit/537.36 (KHTML, like Gecko; compatible; bingbot/2.0; +http://www.bing.com/bingbot.htm) Chrome/103.0.5060.134 Safari/537.36"
207.180.201.161 - - [30/Nov/2022:01:02:34 +0000] kev.inburke.com "GET /feed/ HTTP/1.1" 301 162 0.000 "-" "Feedpresso Content Index Bot"
207.180.201.161 - - [30/Nov/2022:01:02:35 +0000] kevin.burke.dev "GET /feed/ HTTP/1.1" 200 71734 0.076 "-" "Feedpresso Content Index Bot"
