2600:1700:1430:4818:c812:c26f:9ebe:3bf5 - - [30/Nov/2022:00:00:05 +0000] mlskickofftimes.com "GET /favicon.ico HTTP/1.1" 404 87 0.003 "-" "Mozilla/5.0 (iPhone; CPU iPhone OS 16_1 like Mac OS X) AppleWebKit/605.1.15 (KHTML, like Gecko) Version/16.1 Mobile/15E148 Safari/604.1"
2600:1700:1430:4818:c812:c26f:9ebe:3bf5 - - [30/Nov/2022:00:00:06 +0000] mlskickofftimes.com "GET /favicon.ico HTTP/1.1" 404 87 0.002 "-" "Mozilla/5.0 (iPhone; CPU iPhone OS 16_1 like Mac OS X) AppleWebKit/605.1.15 (KHTML, like Gecko) Version/16.1 Mobile/15E148 Safari/604.1"
192.185.2.101 - - [30/Nov/2022:00:00:07 +0000] burke.dev "GET /wp-content/wp-readme.php HTTP/1.1" 301 162 0.000 "http://simplesite.com" "Mozilla/5.0 (Windows; U; Windows NT 5.1; en-US) AppleWebKit/533.4 (KHTML, like Gecko) Chrome/5.0.375.99 Safari/533.4"
207.46.13.27 - - [30/Nov/2022:00:00:15 +0000] kevin.burke.dev "GET / HTTP/1.1" 200 26369 0.136 "-" "Mozilla/5.0 (compatible; bingbot/2.0; +http://www.bing.com/bingbot.htm)"
2600:1700:1430:4818:c812:c26f:9ebe:3bf5 - - [30/Nov/2022:00:00:43 +0000] mlskickofftimes.com "GET /favicon.ico HTTP/1.1" 404 87 0.006 "-" "Mozilla/5.0 (iPhone; CPU iPhone OS 16_1 like Mac OS X) AppleWebKit/605.1.15 (KHTML, like Gecko) Version/16.1 Mobile/15E148 Safari/604.1"
2600:1700:1430:4818:c812:c26f:9ebe:3bf5 - - [30/Nov/2022:00:00:44 +0000] mlskickofftimes.com "GET /favicon.ico HTTP/1.1" 404 87 0.002 "-" "Mozilla/5.0 (iPhone; CPU iPhone OS 16_1 like Mac OS X) AppleWebKit/605.1.15 (KHTML, like Gecko) Version/16.1 Mobile/15E148 Safari/604.1"
209.141.49.253 - - [30/Nov/2022:00:00:58 +0000] www.summersaquaticpt.com "GET /wp-login.php HTTP/1.1" 301 162 0.000 "-" "Mozilla/5.0 (X11; Linux x86_64) AppleWebKit/537.36 (KHTML, like Gecko) Ubuntu Chromium/36.0.1985.125 Chrome/36.0.1985.125 Safari/537.36"
143.244.140.199 - - [30/Nov/2022:00:01:02 +0000] kevin.burke.dev "POST /wp-login.php HTTP/1.1" 200 6143 0.318 "-" "Mozilla/5.0 (Windows NT 6.3; Win64; x64) AppleWebKit/537.36 (KHTML, like Gecko) Chrome/57.0.2987.133 Safari/537.36"
64.71.157.121 - - [30/Nov/2022:00:01:08 +0000] kevin.burke.dev "GET /feed/ HTTP/1.1" 200 71734 0.066 "-" "Feedbin feed-id:1938185 - 17 subscribers"
207.46.13.27 - - [30/Nov/2022:00:01:15 +0000] kevin.burke.dev "GET / HTTP/1.1" 200 26369 0.047 "-" "Mozilla/5.0 AppleWebKit/537.36 (KHTML, like Gecko; compatible; bingbot/2.0; +http://www.bing.com/bingbot.htm) Chrome/103.0.5060.134 Safari/537.36"
209.141.49.253 - - [30/Nov/2022:00:01:20 +0000] summersaquaticpt.com "GET /wp-login.php HTTP/1.1" 200 7495 0.296 "-" "Mozilla/5.0 (X11; Linux x86_64) AppleWebKit/537.36 (KHTML, like Gecko) Ubuntu Chromium/36.0.1985.125 Chrome/36.0.1985.125 Safari/537.36"
185.82.219.228 - - [30/Nov/2022:00:01:20 +0000] stage.burke.dev "POST /xmlrpc.php HTTP/1.1" 200 415 0.344 "-" "Mozilla/5.0 (Windows NT 10.0; Win64; x64; rv:96.0) Gecko/20100101 Firefox/96"
188.34.155.58 - - [30/Nov/2022:00:01:27 +0000] kevin.burke.dev "GET /feed HTTP/1.1" 301 5 0.053 "-" "Mozilla/5.0 (iPad; CPU OS 14_0_1 like Mac OS X) AppleWebKit/605.1.15 (KHTML, like Gecko) Mobile/15E148 [FBAN/FBIOS;FBDV/iPad8,12;FBMD/iPad;FBSN/iOS;FBSV/14.0.1;FBSS/2;FBID/tablet;FBLC/en_US;FBOP/5]"
188.34.155.58 - - [30/Nov/2022:00:01:27 +0000] kevin.burke.dev "GET /feed/ HTTP/1.1" 200 71734 0.059 "-" "Mozilla/5.0 (iPad; CPU OS 14_0_1 like Mac OS X) AppleWebKit/605.1.15 (KHTML, like Gecko) Mobile/15E148 [FBAN/FBIOS;FBDV/iPad8,12;FBMD/iPad;FBSN/iOS;FBSV/14.0.1;FBSS/2;FBID/tablet;FBLC/en_US;FBOP/5]"
2600:3c03::f03c:91ff:fe9d:6425 - - [30/Nov/2022:00:01:37 +0000] kev.inburke.com "GET /feed/ HTTP/1.1" 301 162 0.000 "-" "Feed Wrangler/1.0 (2 subscribers; feed-id=413041; http://feedwrangler.net; Allow like Gecko)"
2600:3c03::f03c:91ff:fe9d:6425 - - [30/Nov/2022:00:01:37 +0000] kevin.burke.dev "GET /feed/ HTTP/1.1" 304 0 0.045 "-" "Feed Wrangler/1.0 (2 subscribers; feed-id=413041; http://feedwrangler.net; Allow like Gecko)"
202.56.61.2 - - [30/Nov/2022:00:01:45 +0000] kevin.burke.dev "GET /kevin/invalid-username-or-password-useless/ HTTP/1.1" 200 85213 0.081 "https://www.google.com/" "Mozilla/5.0 (Windows NT 10.0; Win64; x64) AppleWebKit/537.36 (KHTML, like Gecko) Chrome/107.0.0.0 Safari/537.36"
202.56.61.2 - - [30/Nov/2022:00:01:45 +0000] kevin.burke.dev "GET /wp-includes/css/dist/block-library/style.min.css?ver=6.0.1 HTTP/1.1" 200 88932 0.000 "https://kevin.burke.dev/kevin/invalid-username-or-password-useless/" "Mozilla/5.0 (Windows NT 10.0; Win64; x64) AppleWebKit/537.36 (KHTML, like Gecko) Chrome/107.0.0.0 Safari/537.36"
202.56.61.2 - - [30/Nov/2022:00:01:45 +0000] kevin.burke.dev "GET /wp-content/themes/flat-ui/style.css?ver=20190507 HTTP/1.1" 200 12464 0.000 "https://kevin.burke.dev/kevin/invalid-username-or-password-useless/" "Mozilla/5.0 (Windows NT 10.0; Win64; x64) AppleWebKit/537.36 (KHTML, like Gecko) Chrome/107.0.0.0 Safari/537.36"
202.56.61.2 - - [30/Nov/2022:00:01:45 +0000] kevin.burke.dev "GET /wp-content/themes/flat-ui/css/blog.css?ver=6.0.1 HTTP/1.1" 200 7644 0.000 "https://kevin.burke.dev/kevin/invalid-username-or-password-useless/" "Mozilla/5.0 (Windows NT 10.0; Win64; x64) AppleWebKit/537.36 (KHTML, like Gecko) Chrome/107.0.0.0 Safari/537.36"
202.56.61.2 - - [30/Nov/2022:00:01:46 +0000] kevin.burke.dev "GET /wp-content/themes/twentytwelve/css/blocks.css?ver=20190406 HTTP/1.1" 200 10553 0.000 "https://kevin.burke.dev/kevin/invalid-username-or-password-useless/" "Mozilla/5.0 (Windows NT 10.0; Win64; x64) AppleWebKit/537.36 (KHTML, like Gecko) Chrome/107.0.0.0 Safari/537.36"
202.56.61.2 - - [30/Nov/2022:00:01:46 +0000] kevin.burke.dev "GET /wp-content/themes/flat-ui/js/vendor/modernizr-2.6.2.min.js?ver=1.0 HTTP/1.1" 200 15414 0.000 "https://kevin.burke.dev/kevin/invalid-username-or-password-useless/" "Mozilla/5.0 (Windows NT 10.0; Win64; x64) AppleWebKit/537.36 (KHTML, like Gecko) Chrome/107.0.0.0 Safari/537.36"
209.141.49.253 - - [30/Nov/2022:00:01:46 +0000] www.summersaquaticpt.com "POST /wp-login.php HTTP/1.1" 301 162 0.000 "-" "Mozilla/5.0 (X11; Linux x86_64) AppleWebKit/537.36 (KHTML, like Gecko) Ubuntu Chromium/36.0.1985.125 Chrome/36.0.1985.125 Safari/537.36"
202.56.61.2 - - [30/Nov/2022:00:01:46 +0000] kevin.burke.dev "GET /wp-includes/js/jquery/jquery.min.js?ver=3.6.0 HTTP/1.1" 200 89521 0.000 "https://kevin.burke.dev/kevin/invalid-username-or-password-useless/" "Mozilla/5.0 (Windows NT 10.0; Win64; x64) AppleWebKit/537.36 (KHTML, like Gecko) Chrome/107.0.0.0 Safari/537.36"
202.56.61.2 - - [30/Nov/2022:00:01:46 +0000] kevin.burke.dev "GET /wp-includes/js/jquery/jquery-migrate.min.js?ver=3.3.2 HTTP/1.1" 200 11224 0.000 "https://kevin.burke.dev/kevin/invalid-username-or-password-useless/" "Mozilla/5.0 (Windows NT 10.0; Win64; x64) AppleWebKit/537.36 (KHTML, like Gecko) Chrome/107.0.0.0 Safari/537.36"
202.56.61.2 - - [30/Nov/2022:00:01:46 +0000] kevin.burke.dev "GET /wp-content/themes/flat-ui/js/main.js?ver=1.0 HTTP/1.1" 200 1354 0.000 "https://kevin.burke.dev/kevin/invalid-username-or-password-useless/" "Mozilla/5.0 (Windows NT 10.0; Win64; x64) AppleWebKit/537.36 (KHTML, like Gecko) Chrome/107.0.0.0 Safari/537.36"
202.56.61.2 - - [30/Nov/2022:00:01:46 +0000] kevin.burke.dev "GET /wp-includes/js/comment-reply.min.js?ver=6.0.1 HTTP/1.1" 200 2981 0.000 "https://kevin.burke.dev/kevin/invalid-username-or-password-useless/" "Mozilla/5.0 (Windows NT 10.0; Win64; x64) AppleWebKit/537.36 (KHTML, like Gecko) Chrome/107.0.0.0 Safari/537.36"
202.56.61.2 - - [30/Nov/2022:00:01:46 +0000] kevin.burke.dev "GET /wp-content/themes/twentytwelve/js/navigation.js?ver=20141205 HTTP/1.1" 200 1552 0.000 "https://kevin.burke.dev/kevin/invalid-username-or-password-useless/" "Mozilla/5.0 (Windows NT 10.0; Win64; x64) AppleWebKit/537.36 (KHTML, like Gecko) Chrome/107.0.0.0 Safari/537.36"
202.56.61.2 - - [30/Nov/2022:00:01:47 +0000] kevin.burke.dev "GET /wp-includes/js/wp-emoji-release.min.js?ver=6.0.1 HTTP/1.1" 200 18617 0.000 "https://kevin.burke.dev/kevin/invalid-username-or-password-useless/" "Mozilla/5.0 (Windows NT 10.0; Win64; x64) AppleWebKit/537.36 (KHTML, like Gecko) Chrome/107.0.0.0 Safari/537.36"
202.56.61.2 - - [30/Nov/2022:00:01:47 +0000] kevin.burke.dev "GET /wp-content/themes/flat-ui/img/kevin-mask-2-small.png HTTP/1.1" 200 16868 0.000 "https://kevin.burke.dev/kevin/invalid-username-or-password-useless/" "Mozilla/5.0 (Windows NT 10.0; Win64; x64) AppleWebKit/537.36 (KHTML, like Gecko) Chrome/107.0.0.0 Safari/537.36"
202.56.61.2 - - [30/Nov/2022:00:01:47 +0000] kevin.burke.dev "GET /wp-content/themes/flat-ui/font/genericons-regular-webfont.woff HTTP/1.1" 200 9240 0.000 "https://kevin.burke.dev/wp-content/themes/flat-ui/style.css?ver=20190507" "Mozilla/5.0 (Windows NT 10.0; Win64; x64) AppleWebKit/537.36 (KHTML, like Gecko) Chrome/107.0.0.0 Safari/537.36"
202.56.61.2 - - [30/Nov/2022:00:01:47 +0000] kevin.burke.dev "GET /favicon.ico HTTP/1.1" 404 548 0.000 "https://kevin.burke.dev/kevin/invalid-username-or-password-useless/" "Mozilla/5.0 (Windows NT 10.0; Win64; x64) AppleWebKit/537.36 (KHTML, like Gecko) Chrome/107.0.0.0 Safari/537.36"
83.171.248.62 - - [30/Nov/2022:00:01:50 +0000] kevin.burke.dev "POST /xmlrpc.php HTTP/1.1" 200 415 0.185 "-" "Mozilla/5.0 (Windows NT 10.0; Win64; x64; rv:96.0) Gecko/20100101 Firefox/96"
209.141.49.253 - - [30/Nov/2022:00:02:06 +0000] summersaquaticpt.com "GET /wp-login.php HTTP/1.1" 200 7495 0.072 "-" "Mozilla/5.0 (X11; Linux x86_64) AppleWebKit/537.36 (KHTML, like Gecko) Ubuntu Chromium/36.0.1985.125 Chrome/36.0.1985.125 Safari/537.36"
207.46.13.27 - - [30/Nov/2022:00:02:16 +0000] kevin.burke.dev "GET / HTTP/1.1" 200 26369 0.066 "-" "Mozilla/5.0 AppleWebKit/537.36 (KHTML, like Gecko; compatible; bingbot/2.0; +http://www.bing.com/bingbot.htm) Chrome/103.0.5060.134 Safari/537.36"
2a03:ec00:b1a2:d80:6d93:e1cd:fa04:c70a - - [30/Nov/2022:00:02:26 +0000] kevin.burke.dev "GET /kevin/invalid-username-or-password-useless/ HTTP/1.1" 200 85214 0.076 "-" "Mozilla/5.0 (Macintosh; Intel Mac OS X 10_11_1) AppleWebKit/601.2.4 (KHTML, like Gecko) Version/9.0.1 Safari/601.2.4 facebookexternalhit/1.1 Facebot Twitterbot/1.0"
2a03:ec00:b1a2:d80:6d93:e1cd:fa04:c70a - - [30/Nov/2022:00:02:26 +0000] kevin.burke.dev "GET /apple-touch-icon-precomposed.png HTTP/1.1" 404 146 0.000 "-" "Mozilla/5.0 (Macintosh; Intel Mac OS X 10_11_1) AppleWebKit/601.2.4 (KHTML, like Gecko) Version/9.0.1 Safari/601.2.4 facebookexternalhit/1.1 Facebot Twitterbot/1.0"
2a03:ec00:b1a2:d80:6d93:e1cd:fa04:c70a - - [30/Nov/2022:00:02:26 +0000] kevin.burke.dev "GET /apple-touch-icon.png HTTP/1.1" 404 146 0.000 "-" "Mozilla/5.0 (Macintosh; Intel Mac OS X 10_11_1) AppleWebKit/601.2.4 (KHTML, like Gecko) Version/9.0.1 Safari/601.2.4 facebookexternalhit/1.1 Facebot Twitterbot/1.0"
2a03:ec00:b1a2:d80:6d93:e1cd:fa04:c70a - - [30/Nov/2022:00:02:26 +0000] kevin.burke.dev "GET /favicon.ico HTTP/1.1" 404 146 0.000 "-" "Mozilla/5.0 (Macintosh; Intel Mac OS X 10_11_1) AppleWebKit/601.2.4 (KHTML, like Gecko) Version/9.0.1 Safari/601.2.4 facebookexternalhit/1.1 Facebot Twitterbot/1.0"
46.101.134.27 - - [30/Nov/2022:00:02:29 +0000] kevin.burke.dev "GET /feed/ HTTP/1.1" 304 0 0.034 "-" "Mozilla/5.0 (compatible; Miniflux/2.0.37; +https://miniflux.app)"
207.180.201.161 - - [30/Nov/2022:00:02:30 +0000] kev.inburke.com "GET /feed/ HTTP/1.1" 301 162 0.000 "-" "Feedpresso Content Index Bot"
207.180.201.161 - - [30/Nov/2022:00:02:31 +0000] kevin.burke.dev "GET /feed/ HTTP/1.1" 200 71734 0.066 "-" "Feedpresso Content Index Bot"
209.141.49.253 - - [30/Nov/2022:00:02:35 +0000] www.summersaquaticpt.com "GET /wp-admin/ HTTP/1.1" 301 162 0.000 "-" "Mozilla/5.0 (X11; Linux x86_64) AppleWebKit/537.36 (KHTML, like Gecko) Ubuntu Chromium/36.0.1985.125 Chrome/36.0.1985.125 Safari/537.36"
64.124.8.34 - - [30/Nov/2022:00:02:38 +0000] kevin.burke.dev "GET /kevin/one-way-to-spend-your-years-in-college/ HTTP/1.1" 200 25400 0.044 "-" "Mozilla/5.0 (X11; Linux x86_64) AppleWebKit/537.36 (KHTML, like Gecko) Chrome/61.0.3163.79 Safari/537.36"
134.209.37.46 - - [30/Nov/2022:00:02:40 +0000] - "\x16\x03\x01\x00{\x01\x00\x00w\x03\x03\xE0\xF2\xE5-T\xB1\x055\xAE\x13\x84\xB6M\x8B\x82\x12\x19.aQ\x9D?'\xDA\xC3\xB3+\xE7\x8DPM]\x00\x00\x1A\xC0/\xC0+\xC0\x11\xC0\x07\xC0\x13\xC0\x09\xC0\x14\xC0" 400 150 0.215 "-" "-"
134.209.37.46 - - [30/Nov/2022:00:02:40 +0000] - "\x16\x03\x01\x00{\x01\x00\x00w\x03\x03\x5C\x10\xFB[\xEE\xA0'\xC9\x8EX\xBB\xB7\xA1\x95!\xAF\xCA6\x80\xEF\xE6 \xE5\x98\xBD\x1A\x07iV[\x96\xC7\x00\x00\x1A\xC0/\xC0+\xC0\x11\xC0\x07\xC0\x13\xC0\x09\xC0\x14\xC0" 400 150 0.071 "-" "-"
134.209.37.46 - - [30/Nov/2022:00:02:40 +0000] 164.92.69.181 "GET / HTTP/1.1" 301 162 0.000 "-" "Mozilla/5.0 zgrab/0.x"
134.209.37.46 - - [30/Nov/2022:00:02:41 +0000] buildersremedy.org "GET / HTTP/1.1" 200 4166 0.000 "http://164.92.69.181/" "Mozilla/5.0 zgrab/0.x"
2a03:b0c0:1:d0::eee:7001 - - [30/Nov/2022:00:02:45 +0000] kevin.burke.dev "POST /wp-login.php HTTP/1.1" 200 6151 0.241 "-" "Mozilla/5.0 (Windows NT 6.3; Win64; x64) AppleWebKit/537.36 (KHTML, like Gecko) Chrome/65.0.3325.181 Safari/537.36"
209.141.49.253 - - [30/Nov/2022:00:02:59 +0000] summersaquaticpt.com "GET /wp-admin/ HTTP/1.1" 302 5 0.137 "-" "Mozilla/5.0 (X11; Linux x86_64) AppleWebKit/537.36 (KHTML, like Gecko) Ubuntu Chromium/36.0.1985.125 Chrome/36.0.1985.125 Safari/537.36"
66.249.77.88 - - [30/Nov/2022:00:03:04 +0000] kevin.burke.dev "GET /kevin/node-require-is-dog-slow/ HTTP/1.1" 200 76451 0.066 "-" "Mozilla/5.0 (Linux; Android 6.0.1; Nexus 5X Build/MMB29P) AppleWebKit/537.36 (KHTML, like Gecko) Chrome/107.0.5304.110 Mobile Safari/537.36 (compatible; Googlebot/2.1; +http://www.google.com/bot.html)"
66.249.75.70 - - [30/Nov/2022:00:03:05 +0000] kev.inburke.com "GET /slides/coasters/ HTTP/1.1" 301 162 0.000 "-" "Mozilla/5.0 (Linux; Android 6.0.1; Nexus 5X Build/MMB29P) AppleWebKit/537.36 (KHTML, like Gecko) Chrome/107.0.5304.110 Mobile Safari/537.36 (compatible; Googlebot/2.1; +http://www.google.com/bot.html)"
66.249.77.88 - - [30/Nov/2022:00:03:05 +0000] kevin.burke.dev "GET /slides/coasters/ HTTP/1.1" 200 21598 0.000 "-" "Mozilla/5.0 (Linux; Android 6.0.1; Nexus 5X Build/MMB29P) AppleWebKit/537.36 (KHTML, like Gecko) Chrome/107.0.5304.110 Mobile Safari/537.36 (compatible; Googlebot/2.1; +http://www.google.com/bot.html)"
51.15.160.148 - - [30/Nov/2022:00:03:06 +0000] kevin.burke.dev "POST /xmlrpc.php HTTP/1.1" 200 415 0.177 "-" "Mozilla/5.0 (Windows NT 10.0; Win64; x64; rv:96.0) Gecko/20100101 Firefox/96"
176.31.115.13 - - [30/Nov/2022:00:03:14 +0000] kevin.burke.dev "GET /kevin/bob-geren-and-effective-management/ HTTP/1.0" 200 30236 0.052 "http://kevin.burke.dev/kevin/bob-geren-and-effective-management/" "Mozilla/5.0 (Windows NT 6.1) AppleWebKit/537.36 (KHTML, like Gecko) Chrome/90.0.4430.93 Safari/537.36"
176.31.115.13 - - [30/Nov/2022:00:03:15 +0000] kevin.burke.dev "POST /wp-comments-post.php HTTP/1.0" 302 0 0.294 "http://kevin.burke.dev/kevin/bob-geren-and-effective-management/" "Mozilla/5.0 (Windows NT 6.1) AppleWebKit/537.36 (KHTML, like Gecko) Chrome/90.0.4430.93 Safari/537.36"
176.31.115.13 - - [30/Nov/2022:00:03:15 +0000] kevin.burke.dev "GET /kevin/bob-geren-and-effective-management/ HTTP/1.0" 200 30235 0.050 "http://kevin.burke.dev/kevin/bob-geren-and-effective-management/" "Mozilla/5.0 (Windows NT 6.1) AppleWebKit/537.36 (KHTML, like Gecko) Chrome/90.0.4430.93 Safari/537.36"
176.31.115.13 - - [30/Nov/2022:00:03:15 +0000] kevin.burke.dev "GET /kevin/bob-geren-and-effective-management/ HTTP/1.0" 200 30236 0.054 "http://kevin.burke.dev/kevin/bob-geren-and-effective-management/" "Mozilla/5.0 (Windows NT 6.1) AppleWebKit/537.36 (KHTML, like Gecko) Chrome/90.0.4430.93 Safari/537.36"
207.46.13.27 - - [30/Nov/2022:00:03:16 +0000] kevin.burke.dev "GET / HTTP/1.1" 200 26369 0.035 "-" "Mozilla/5.0 AppleWebKit/537.36 (KHTML, like Gecko; compatible; bingbot/2.0; +http://www.bing.com/bingbot.htm) Chrome/103.0.5060.134 Safari/537.36"
209.141.49.253 - - [30/Nov/2022:00:03:22 +0000] summersaquaticpt.com "GET /wp-login.php?redirect_to=https%3A%2F%2Fsummersaquaticpt.com%2Fwp-admin%2F&reauth=1 HTTP/1.1" 200 7495 0.066 "-" "Mozilla/5.0 (X11; Linux x86_64) AppleWebKit/537.36 (KHTML, like Gecko) Ubuntu Chromium/36.0.1985.125 Chrome/36.0.1985.125 Safari/537.36"
35.194.233.240 - - [30/Nov/2022:00:03:24 +0000] stage.burke.dev "POST /xmlrpc.php HTTP/1.1" 200 415 0.164 "-" "Mozilla/5.0 (Windows NT 10.0; Win64; x64; rv:96.0) Gecko/20100101 Firefox/96"
64.124.8.34 - - [30/Nov/2022:00:03:24 +0000] kevin.burke.dev "GET /kevin/links-for-2011-01-13/ HTTP/1.1" 200 26526 0.048 "-" "Mozilla/5.0 (X11; Linux x86_64) AppleWebKit/537.36 (KHTML, like Gecko) Chrome/61.0.3163.79 Safari/537.36"
138.201.248.117 - - [30/Nov/2022:00:03:26 +0000] kev.inburke.com "GET /feed/ HTTP/1.1" 301 162 0.000 "-" "Tiny Tiny RSS/20.11-d7973fe1b (http://tt-rss.org/)"
138.201.248.117 - - [30/Nov/2022:00:03:27 +0000] kevin.burke.dev "GET /feed/ HTTP/1.1" 304 0 0.039 "-" "Tiny Tiny RSS/20.11-d7973fe1b (http://tt-rss.org/)"
185.191.171.3 - - [30/Nov/2022:00:03:32 +0000] kev.inburke.com "GET /old_kevin/record-numbers-of-poppies-in-afghanistan/ HTTP/1.1" 301 162 0.000 "-" "Mozilla/5.0 (compatible; SemrushBot/7~bl; +http://www.semrush.com/bot.html)"
185.191.171.5 - - [30/Nov/2022:00:03:33 +0000] kevin.burke.dev "GET /old_kevin/record-numbers-of-poppies-in-afghanistan/ HTTP/1.1" 200 25833 0.046 "-" "Mozilla/5.0 (compatible; SemrushBot/7~bl; +http://www.semrush.com/bot.html)"
40.77.167.58 - - [30/Nov/2022:00:03:35 +0000] jackpiels.com "GET /js/jquery.validate.min.js HTTP/1.1" 200 21068 0.000 "-" "Mozilla/5.0 (compatible; MSIE 9.0; Windows NT 6.1; Trident/5.0)"
159.65.58.236 - - [30/Nov/2022:00:03:53 +0000] kevin.burke.dev "GET /feed/ HTTP/1.1" 304 0 0.041 "-" "Mozilla/5.0 (compatible; Miniflux/2.0.33; +https://miniflux.app)"
159.69.184.221 - - [30/Nov/2022:00:03:54 +0000] kev.inburke.com "GET /feed/ HTTP/1.1" 301 162 0.000 "-" "Blogtrottr/2.0"
159.69.184.221 - - [30/Nov/2022:00:03:54 +0000] kevin.burke.dev "GET /feed/ HTTP/1.1" 304 0 0.043 "-" "Blogtrottr/2.0"
104.225.217.49 - - [30/Nov/2022:00:04:13 +0000] kev.inburke.com "GET /feed/ HTTP/1.1" 301 162 0.000 "-" "Java/17-ea"
104.225.217.49 - - [30/Nov/2022:00:04:14 +0000] kevin.burke.dev "GET /feed/ HTTP/1.1" 200 71734 0.067 "-" "Java/17-ea"
207.46.13.27 - - [30/Nov/2022:00:04:16 +0000] kevin.burke.dev "GET / HTTP/1.1" 200 26369 0.038 "-" "Mozilla/5.0 AppleWebKit/537.36 (KHTML, like Gecko; compatible; bingbot/2.0; +http://www.bing.com/bingbot.htm) Chrome/103.0.5060.134 Safari/537.36"
69.162.124.230 - - [30/Nov/2022:00:04:50 +0000] kevin.burke.dev "HEAD / HTTP/1.1" 200 0 0.034 "https://kevin.burke.dev" "Mozilla/5.0+(compatible; UptimeRobot/2.0; http://www.uptimerobot.com/)"
207.46.13.27 - - [30/Nov/2022:00:05:16 +0000] kevin.burke.dev "GET / HTTP/1.1" 200 26369 0.058 "-" "Mozilla/5.0 AppleWebKit/537.36 (KHTML, like Gecko; compatible; bingbot/2.0; +http://www.bing.com/bingbot.htm) Chrome/103.0.5060.134 Safari/537.36"
209.141.48.210 - - [30/Nov/2022:00:05:27 +0000] www.summersaquaticpt.com "GET /wp-login.php HTTP/1.1" 301 162 0.000 "-" "Mozilla/5.0 (Macintosh; Intel Mac OS X 10_10) AppleWebKit/538.46 (KHTML, like Gecko) Version/8.0 Safari/538.46"
209.141.48.210 - - [30/Nov/2022:00:05:27 +0000] summersaquaticpt.com "GET /wp-login.php HTTP/1.1" 200 7495 0.081 "-" "Mozilla/5.0 (Macintosh; Intel Mac OS X 10_10) AppleWebKit/538.46 (KHTML, like Gecko) Version/8.0 Safari/538.46"
209.141.48.210 - - [30/Nov/2022:00:05:27 +0000] www.summersaquaticpt.com "POST /wp-login.php HTTP/1.1" 301 162 0.000 "-" "Mozilla/5.0 (Macintosh; Intel Mac OS X 10_10) AppleWebKit/538.46 (KHTML, like Gecko) Version/8.0 Safari/538.46"
209.141.48.210 - - [30/Nov/2022:00:05:27 +0000] summersaquaticpt.com "GET /wp-login.php HTTP/1.1" 200 7495 0.069 "-" "Mozilla/5.0 (Macintosh; Intel Mac OS X 10_10) AppleWebKit/538.46 (KHTML, like Gecko) Version/8.0 Safari/538.46"
209.141.48.210 - - [30/Nov/2022:00:05:27 +0000] www.summersaquaticpt.com "GET /wp-admin/ HTTP/1.1" 301 162 0.000 "-" "Mozilla/5.0 (Macintosh; Intel Mac OS X 10_10) AppleWebKit/538.46 (KHTML, like Gecko) Version/8.0 Safari/538.46"
209.141.48.210 - - [30/Nov/2022:00:05:27 +0000] summersaquaticpt.com "GET /wp-admin/ HTTP/1.1" 302 5 0.166 "-" "Mozilla/5.0 (Macintosh; Intel Mac OS X 10_10) AppleWebKit/538.46 (KHTML, like Gecko) Version/8.0 Safari/538.46"
209.141.48.210 - - [30/Nov/2022:00:05:28 +0000] summersaquaticpt.com "GET /wp-login.php?redirect_to=https%3A%2F%2Fsummersaquaticpt.com%2Fwp-admin%2F&reauth=1 HTTP/1.1" 200 7495 0.066 "-" "Mozilla/5.0 (Macintosh; Intel Mac OS X 10_10) AppleWebKit/538.46 (KHTML, like Gecko) Version/8.0 Safari/538.46"
106.68.131.200 - - [30/Nov/2022:00:05:38 +0000] kev.inburke.com "GET /feed/ HTTP/1.1" 301 162 0.000 "-" "Mozilla/5.0 (Windows NT 10.0; Win64; x64) AppleWebKit/537.36 (KHTML, like Gecko) Chrome/107.0.0.0 Safari/537.36"
106.68.131.200 - - [30/Nov/2022:00:05:39 +0000] kevin.burke.dev "GET /feed/ HTTP/1.1" 304 0 0.053 "-" "Mozilla/5.0 (Windows NT 10.0; Win64; x64) AppleWebKit/537.36 (KHTML, like Gecko) Chrome/107.0.0.0 Safari/537.36"
2001:4860:7:30e::f1 - - [30/Nov/2022:00:05:40 +0000] kevin.burke.dev "GET /kevin/how-to-get-a-human-operator-on-the-california-edd-paid-family-leave-line/ HTTP/1.1" 200 69874 0.075 "-" "Mozilla/5.0 (Linux; Android 10; K) AppleWebKit/537.36 (KHTML, like Gecko) Chrome/107.0.0.0 Mobile Safari/537.36"
193.42.111.140 - - [30/Nov/2022:00:05:42 +0000] kevin.burke.dev "POST /xmlrpc.php HTTP/1.1" 200 415 0.184 "-" "Mozilla/5.0 (Windows NT 10.0; Win64; x64; rv:96.0) Gecko/20100101 Firefox/96"
207.46.13.27 - - [30/Nov/2022:00:06:06 +0000] kevin.burke.dev "GET / HTTP/1.1" 200 26369 0.037 "-" "Mozilla/5.0 (compatible; bingbot/2.0; +http://www.bing.com/bingbot.htm)"
64.124.8.34 - - [30/Nov/2022:00:06:21 +0000] kevin.burke.dev "GET /old_kevin/42/ HTTP/1.1" 200 24514 0.051 "-" "Mozilla/5.0 (X11; Linux x86_64) AppleWebKit/537.36 (KHTML, like Gecko) Chrome/61.0.3163.79 Safari/537.36"
207.154.247.135 - - [30/Nov/2022:00:06:51 +0000] burke.dev "GET / HTTP/1.1" 301 162 0.000 "-" "Mozilla/5.0 (Windows NT 6.1; WOW64; rv:40.0) Gecko/20100101 Firefox/40.1"
103.173.78.7 - - [30/Nov/2022:00:06:52 +0000] kevin.burke.dev "POST /wp-login.php HTTP/1.1" 200 6151 0.222 "-" "Mozilla/5.0 (Windows NT 6.1; Win64; x64) AppleWebKit/537.36 (KHTML, like Gecko) Chrome/66.0.3359.117 Safari/537.36"
207.154.247.135 - - [30/Nov/2022:00:06:52 +0000] kevin.burke.dev "GET / HTTP/1.1" 200 26369 0.042 "-" "Mozilla/5.0 (Windows NT 6.1; WOW64; rv:40.0) Gecko/20100101 Firefox/40.1"
47.74.47.11 - - [30/Nov/2022:00:07:04 +0000] - "\x15\x03\x01\x00\x02\x02P" 400 150 0.000 "-" "-"
207.46.13.27 - - [30/Nov/2022:00:07:07 +0000] kevin.burke.dev "GET / HTTP/1.1" 200 26369 0.040 "-" "Mozilla/5.0 (compatible; bingbot/2.0; +http://www.bing.com/bingbot.htm)"
37.139.53.65 - - [30/Nov/2022:00:07:37 +0000] kevin.burke.dev "GET /kevin/bob-geren-and-effective-management/comment-page-1/ HTTP/1.0" 200 30292 0.061 "https://kevin.burke.dev/kevin/bob-geren-and-effective-management/comment-page-1/#comment-218706/" "Mozilla/5.0 (Windows NT 6.3) AppleWebKit/537.36 (KHTML, like Gecko) Chrome/90.0.4430.72 Safari/537.36"
37.139.53.65 - - [30/Nov/2022:00:07:39 +0000] kevin.burke.dev "POST /wp-comments-post.php HTTP/1.0" 499 0 0.000 "https://kevin.burke.dev/kevin/bob-geren-and-effective-management/comment-page-1/#comment-218706/" "Mozilla/5.0 (Windows NT 6.3) AppleWebKit/537.36 (KHTML, like Gecko) Chrome/90.0.4430.72 Safari/537.36"
172.104.131.24 - - [30/Nov/2022:00:07:47 +0000] - "ABCDEFGHIJKLMNOPQRSTUVWXYZ9999" 400 150 0.157 "-" "-"
185.191.171.12 - - [30/Nov/2022:00:07:47 +0000] kev.inburke.com "GET /slides/reliable-http HTTP/1.1" 301 162 0.000 "-" "Mozilla/5.0 (compatible; SemrushBot/7~bl; +http://www.semrush.com/bot.html)"
185.191.171.4 - - [30/Nov/2022:00:07:48 +0000] kevin.burke.dev "GET /slides/reliable-http HTTP/1.1" 301 162 0.000 "-" "Mozilla/5.0 (compatible; SemrushBot/7~bl; +http://www.semrush.com/bot.html)"
66.249.75.88 - - [30/Nov/2022:00:08:05 +0000] kev.inburke.com "GET /robots.txt HTTP/1.1" 301 162 0.000 "-" "Mozilla/5.0 (compatible; Googlebot/2.1; +http://www.google.com/bot.html)"
66.249.77.92 - - [30/Nov/2022:00:08:05 +0000] kevin.burke.dev "GET /robots.txt HTTP/1.1" 200 124 0.092 "-" "Mozilla/5.0 (compatible; Googlebot/2.1; +http://www.google.com/bot.html)"
66.249.75.88 - - [30/Nov/2022:00:08:05 +0000] kev.inburke.com "GET /kevin/urllib3-retries/ HTTP/1.1" 301 162 0.000 "-" "Mozilla/5.0 (Linux; Android 6.0.1; Nexus 5X Build/MMB29P) AppleWebKit/537.36 (KHTML, like Gecko) Chrome/107.0.5304.110 Mobile Safari/537.36 (compatible; Googlebot/2.1; +http://www.google.com/bot.html)"
66.249.77.88 - - [30/Nov/2022:00:08:06 +0000] kevin.burke.dev "GET /kevin/urllib3-retries/ HTTP/1.1" 200 36230 0.052 "-" "Mozilla/5.0 (Linux; Android 6.0.1; Nexus 5X Build/MMB29P) AppleWebKit/537.36 (KHTML, like Gecko) Chrome/107.0.5304.110 Mobile Safari/537.36 (compatible; Googlebot/2.1; +http://www.google.com/bot.html)"
207.46.13.27 - - [30/Nov/2022:00:08:07 +0000] kevin.burke.dev "GET / HTTP/1.1" 200 26369 0.034 "-" "Mozilla/5.0 AppleWebKit/537.36 (KHTML, like Gecko; compatible; bingbot/2.0; +http://www.bing.com/bingbot.htm) Chrome/103.0.5060.134 Safari/537.36"
185.191.171.24 - - [30/Nov/2022:00:08:13 +0000] kev.inburke.com "GET /kevin/going-solo-successfully/ HTTP/1.1" 301 162 0.000 "-" "Mozilla/5.0 (compatible; SemrushBot/7~bl; +http://www.semrush.com/bot.html)"
51.222.253.11 - - [30/Nov/2022:00:08:15 +0000] kevin.burke.dev "GET /kevin/links-for-2011-08-14/ HTTP/1.1" 200 24913 0.037 "-" "Mozilla/5.0 (compatible; AhrefsBot/7.0; +http://ahrefs.com/robot/)"
2800:200:e790:ab5:c071:587e:2010:75c2 - - [30/Nov/2022:00:08:20 +0000] kevin.burke.dev "GET /kevin/invalid-username-or-password-useless/ HTTP/1.1" 200 85213 0.067 "https://hckrnews.com/" "Mozilla/5.0 (Macintosh; Intel Mac OS X 10.15; rv:107.0) Gecko/20100101 Firefox/107.0"
2800:200:e790:ab5:c071:587e:2010:75c2 - - [30/Nov/2022:00:08:21 +0000] kevin.burke.dev "GET /favicon.ico HTTP/1.1" 404 146 0.000 "https://kevin.burke.dev/kevin/invalid-username-or-password-useless/" "Mozilla/5.0 (Macintosh; Intel Mac OS X 10.15; rv:107.0) Gecko/20100101 Firefox/107.0"
47.34.161.223 - - [30/Nov/2022:00:08:29 +0000] kevin.burke.dev "GET / HTTP/1.1" 200 26369 0.044 "-" "Mozilla/5.0 (iPhone; CPU iPhone OS 16_1_1 like Mac OS X) AppleWebKit/605.1.15 (KHTML, like Gecko) Version/16.1 Mobile/15E148 Safari/604.1"
47.34.161.223 - - [30/Nov/2022:00:08:29 +0000] kevin.burke.dev "GET /wp-includes/js/wp-emoji-release.min.js?ver=6.0.1 HTTP/1.1" 200 18617 0.000 "https://kevin.burke.dev/" "Mozilla/5.0 (iPhone; CPU iPhone OS 16_1_1 like Mac OS X) AppleWebKit/605.1.15 (KHTML, like Gecko) Version/16.1 Mobile/15E148 Safari/604.1"
47.34.161.223 - - [30/Nov/2022:00:08:29 +0000] kevin.burke.dev "GET /wp-content/themes/twentytwelve/css/blocks.css?ver=20190406 HTTP/1.1" 200 10553 0.000 "https://kevin.burke.dev/" "Mozilla/5.0 (iPhone; CPU iPhone OS 16_1_1 like Mac OS X) AppleWebKit/605.1.15 (KHTML, like Gecko) Version/16.1 Mobile/15E148 Safari/604.1"
47.34.161.223 - - [30/Nov/2022:00:08:29 +0000] kevin.burke.dev "GET /wp-includes/js/comment-reply.min.js?ver=6.0.1 HTTP/1.1" 200 2981 0.000 "https://kevin.burke.dev/" "Mozilla/5.0 (iPhone; CPU iPhone OS 16_1_1 like Mac OS X) AppleWebKit/605.1.15 (KHTML, like Gecko) Version/16.1 Mobile/15E148 Safari/604.1"
47.34.161.223 - - [30/Nov/2022:00:08:29 +0000] kevin.burke.dev "GET /wp-content/themes/flat-ui/js/main.js?ver=1.0 HTTP/1.1" 200 1354 0.000 "https://kevin.burke.dev/" "Mozilla/5.0 (iPhone; CPU iPhone OS 16_1_1 like Mac OS X) AppleWebKit/605.1.15 (KHTML, like Gecko) Version/16.1 Mobile/15E148 Safari/604.1"
47.34.161.223 - - [30/Nov/2022:00:08:29 +0000] kevin.burke.dev "GET /wp-content/themes/img/toggle.png HTTP/1.1" 404 146 0.000 "https://kevin.burke.dev/" "Mozilla/5.0 (iPhone; CPU iPhone OS 16_1_1 like Mac OS X) AppleWebKit/605.1.15 (KHTML, like Gecko) Version/16.1 Mobile/15E148 Safari/604.1"
47.34.161.223 - - [30/Nov/2022:00:08:29 +0000] kevin.burke.dev "GET /wp-content/themes/flat-ui/font/genericons-regular-webfont.woff HTTP/1.1" 200 9240 0.000 "https://kevin.burke.dev/" "Mozilla/5.0 (iPhone; CPU iPhone OS 16_1_1 like Mac OS X) AppleWebKit/605.1.15 (KHTML, like Gecko) Version/16.1 Mobile/15E148 Safari/604.1"
207.46.13.27 - - [30/Nov/2022:00:09:07 +0000] kevin.burke.dev "GET / HTTP/1.1" 200 26369 0.060 "-" "Mozilla/5.0 (compatible; bingbot/2.0; +http://www.bing.com/bingbot.htm)"
100.36.95.8 - - [30/Nov/2022:00:09:10 +0000] kev.inburke.com "GET /feed/ HTTP/1.1" 301 162 0.000 "-" "Tiny Tiny RSS/22.01-b59bde7 (Unsupported) (https://tt-rss.org/)"
100.36.95.8 - - [30/Nov/2022:00:09:11 +0000] kevin.burke.dev "GET /feed/ HTTP/1.1" 304 0 0.044 "-" "Tiny Tiny RSS/22.01-b59bde7 (Unsupported) (https://tt-rss.org/)"
3.218.131.26 - - [30/Nov/2022:00:09:14 +0000] kevin.burke.dev "GET /kevin/aws-alb-validation-tls-reply/ HTTP/1.1" 200 28215 0.059 "-" "Mozilla/5.0 (Windows NT 10.0; Win64; x64) AppleWebKit/537.36 (KHTML, like Gecko) Chrome/103.0.5060.134 Safari/537.36 Edg/103.0.1264.77"
3.218.131.26 - - [30/Nov/2022:00:09:14 +0000] kevin.burke.dev "GET /wp-includes/css/dist/block-library/style.min.css?ver=6.0.1 HTTP/1.1" 200 88932 0.000 "https://kevin.burke.dev/kevin/aws-alb-validation-tls-reply/" "Mozilla/5.0 (Windows NT 10.0; Win64; x64) AppleWebKit/537.36 (KHTML, like Gecko) Chrome/103.0.5060.134 Safari/537.36 Edg/103.0.1264.77"
3.218.131.26 - - [30/Nov/2022:00:09:14 +0000] kevin.burke.dev "GET /wp-content/themes/flat-ui/css/blog.css?ver=6.0.1 HTTP/1.1" 200 7644 0.000 "https://kevin.burke.dev/kevin/aws-alb-validation-tls-reply/" "Mozilla/5.0 (Windows NT 10.0; Win64; x64) AppleWebKit/537.36 (KHTML, like Gecko) Chrome/103.0.5060.134 Safari/537.36 Edg/103.0.1264.77"
3.218.131.26 - - [30/Nov/2022:00:09:14 +0000] kevin.burke.dev "GET /wp-content/themes/flat-ui/style.css?ver=20190507 HTTP/1.1" 200 12464 0.000 "https://kevin.burke.dev/kevin/aws-alb-validation-tls-reply/" "Mozilla/5.0 (Windows NT 10.0; Win64; x64) AppleWebKit/537.36 (KHTML, like Gecko) Chrome/103.0.5060.134 Safari/537.36 Edg/103.0.1264.77"
3.218.131.26 - - [30/Nov/2022:00:09:14 +0000] kevin.burke.dev "GET /wp-content/themes/twentytwelve/css/blocks.css?ver=20190406 HTTP/1.1" 200 10553 0.000 "https://kevin.burke.dev/kevin/aws-alb-validation-tls-reply/" "Mozilla/5.0 (Windows NT 10.0; Win64; x64) AppleWebKit/537.36 (KHTML, like Gecko) Chrome/103.0.5060.134 Safari/537.36 Edg/103.0.1264.77"
3.218.131.26 - - [30/Nov/2022:00:09:14 +0000] kevin.burke.dev "GET /wp-content/themes/flat-ui/js/vendor/modernizr-2.6.2.min.js?ver=1.0 HTTP/1.1" 200 15414 0.000 "https://kevin.burke.dev/kevin/aws-alb-validation-tls-reply/" "Mozilla/5.0 (Windows NT 10.0; Win64; x64) AppleWebKit/537.36 (KHTML, like Gecko) Chrome/103.0.5060.134 Safari/537.36 Edg/103.0.1264.77"
3.218.131.26 - - [30/Nov/2022:00:09:14 +0000] kevin.burke.dev "GET /wp-includes/js/jquery/jquery-migrate.min.js?ver=3.3.2 HTTP/1.1" 200 11224 0.000 "https://kevin.burke.dev/kevin/aws-alb-validation-tls-reply/" "Mozilla/5.0 (Windows NT 10.0; Win64; x64) AppleWebKit/537.36 (KHTML, like Gecko) Chrome/103.0.5060.134 Safari/537.36 Edg/103.0.1264.77"
3.218.131.26 - - [30/Nov/2022:00:09:14 +0000] kevin.burke.dev "GET /wp-includes/js/jquery/jquery.min.js?ver=3.6.0 HTTP/1.1" 200 89521 0.071 "https://kevin.burke.dev/kevin/aws-alb-validation-tls-reply/" "Mozilla/5.0 (Windows NT 10.0; Win64; x64) AppleWebKit/537.36 (KHTML, like Gecko) Chrome/103.0.5060.134 Safari/537.36 Edg/103.0.1264.77"
3.218.131.26 - - [30/Nov/2022:00:09:14 +0000] kevin.burke.dev "GET /wp-content/themes/flat-ui/js/main.js?ver=1.0 HTTP/1.1" 200 1354 0.000 "https://kevin.burke.dev/kevin/aws-alb-validation-tls-reply/" "Mozilla/5.0 (Windows NT 10.0; Win64; x64) AppleWebKit/537.36 (KHTML, like Gecko) Chrome/103.0.5060.134 Safari/537.36 Edg/103.0.1264.77"
3.218.131.26 - - [30/Nov/2022:00:09:14 +0000] kevin.burke.dev "GET /wp-includes/js/comment-reply.min.js?ver=6.0.1 HTTP/1.1" 200 2981 0.000 "https://kevin.burke.dev/kevin/aws-alb-validation-tls-reply/" "Mozilla/5.0 (Windows NT 10.0; Win64; x64) AppleWebKit/537.36 (KHTML, like Gecko) Chrome/103.0.5060.134 Safari/537.36 Edg/103.0.1264.77"
3.218.131.26 - - [30/Nov/2022:00:09:14 +0000] kevin.burke.dev "GET /wp-content/themes/twentytwelve/js/navigation.js?ver=20141205 HTTP/1.1" 200 1552 0.000 "https://kevin.burke.dev/kevin/aws-alb-validation-tls-reply/" "Mozilla/5.0 (Windows NT 10.0; Win64; x64) AppleWebKit/537.36 (KHTML, like Gecko) Chrome/103.0.5060.134 Safari/537.36 Edg/103.0.1264.77"
3.218.131.26 - - [30/Nov/2022:00:09:14 +0000] kevin.burke.dev "GET /wp-includes/js/wp-emoji-release.min.js?ver=6.0.1 HTTP/1.1" 200 18617 0.000 "https://kevin.burke.dev/kevin/aws-alb-validation-tls-reply/" "Mozilla/5.0 (Windows NT 10.0; Win64; x64) AppleWebKit/537.36 (KHTML, like Gecko) Chrome/103.0.5060.134 Safari/537.36 Edg/103.0.1264.77"
3.218.131.26 - - [30/Nov/2022:00:09:14 +0000] kevin.burke.dev "GET /wp-content/themes/flat-ui/img/kevin-mask-2-small.png HTTP/1.1" 200 16868 0.000 "https://kevin.burke.dev/kevin/aws-alb-validation-tls-reply/" "Mozilla/5.0 (Windows NT 10.0; Win64; x64) AppleWebKit/537.36 (KHTML, like Gecko) Chrome/103.0.5060.134 Safari/537.36 Edg/103.0.1264.77"
3.218.131.26 - - [30/Nov/2022:00:09:14 +0000] kevin.burke.dev "GET /wp-content/themes/flat-ui/font/genericons-regular-webfont.woff HTTP/1.1" 200 9240 0.000 "https://kevin.burke.dev/wp-content/themes/flat-ui/style.css?ver=20190507" "Mozilla/5.0 (Windows NT 10.0; Win64; x64) AppleWebKit/537.36 (KHTML, like Gecko) Chrome/103.0.5060.134 Safari/537.36 Edg/103.0.1264.77"
3.218.131.26 - - [30/Nov/2022:00:09:20 +0000] kevin.burke.dev "GET /favicon.ico HTTP/1.1" 404 146 0.000 "-" "Mozilla/5.0 (Macintosh; Intel Mac OS X 10_15_6) AppleWebKit/605.1.15 (KHTML, like Gecko) Version/15.6,2 Safari/605.1.15"
40.77.167.101 - - [30/Nov/2022:00:09:20 +0000] mlskickofftimes.com "GET /robots.txt HTTP/1.1" 404 86 0.003 "-" "Mozilla/5.0 (compatible; bingbot/2.0; +http://www.bing.com/bingbot.htm)"
173.56.90.214 - - [30/Nov/2022:00:09:23 +0000] kevin.burke.dev "GET /feed/ HTTP/1.1" 304 0 0.034 "-" "NetNewsWire (RSS Reader; https://netnewswire.com/)"
2800:200:e790:ab5:c071:587e:2010:75c2 - - [30/Nov/2022:00:09:28 +0000] kevin.burke.dev "GET /kevin/invalid-username-or-password-useless/ HTTP/1.1" 200 85214 0.089 "-" "URL/Emacs Emacs/28.2 (nil; aarch64-apple-darwin21.6.0)"
40.77.167.73 - - [30/Nov/2022:00:09:28 +0000] mlskickofftimes.com "GET / HTTP/1.1" 200 8094 0.004 "-" "Mozilla/5.0 AppleWebKit/537.36 (KHTML, like Gecko; compatible; bingbot/2.0; +http://www.bing.com/bingbot.htm) Chrome/103.0.5060.134 Safari/537.36"
185.244.215.234 - - [30/Nov/2022:00:09:33 +0000] kevin.burke.dev "GET /kevin/aws-alb-validation-tls-reply/ HTTP/1.1" 200 28214 0.040 "-" "Mozilla/5.0 (Windows NT 10.0; Win64; x64) AppleWebKit/537.36 (KHTML, like Gecko) Chrome/104.0.0.0 Safari/537.36"
185.244.215.234 - - [30/Nov/2022:00:09:34 +0000] kevin.burke.dev "GET /wp-includes/css/dist/block-library/style.min.css?ver=6.0.1 HTTP/1.1" 200 88932 0.101 "https://kevin.burke.dev/kevin/aws-alb-validation-tls-reply/" "Mozilla/5.0 (Windows NT 10.0; Win64; x64) AppleWebKit/537.36 (KHTML, like Gecko) Chrome/104.0.0.0 Safari/537.36"
185.244.215.234 - - [30/Nov/2022:00:09:34 +0000] kevin.burke.dev "GET /wp-content/themes/flat-ui/style.css?ver=20190507 HTTP/1.1" 200 12464 0.000 "https://kevin.burke.dev/kevin/aws-alb-validation-tls-reply/" "Mozilla/5.0 (Windows NT 10.0; Win64; x64) AppleWebKit/537.36 (KHTML, like Gecko) Chrome/104.0.0.0 Safari/537.36"
185.244.215.234 - - [30/Nov/2022:00:09:34 +0000] kevin.burke.dev "GET /wp-content/themes/flat-ui/css/blog.css?ver=6.0.1 HTTP/1.1" 200 7644 0.000 "https://kevin.burke.dev/kevin/aws-alb-validation-tls-reply/" "Mozilla/5.0 (Windows NT 10.0; Win64; x64) AppleWebKit/537.36 (KHTML, like Gecko) Chrome/104.0.0.0 Safari/537.36"
185.244.215.234 - - [30/Nov/2022:00:09:34 +0000] kevin.burke.dev "GET /wp-content/themes/twentytwelve/css/blocks.css?ver=20190406 HTTP/1.1" 200 10553 0.000 "https://kevin.burke.dev/kevin/aws-alb-validation-tls-reply/" "Mozilla/5.0 (Windows NT 10.0; Win64; x64) AppleWebKit/537.36 (KHTML, like Gecko) Chrome/104.0.0.0 Safari/537.36"
185.244.215.234 - - [30/Nov/2022:00:09:34 +0000] kevin.burke.dev "GET /wp-content/themes/flat-ui/js/vendor/modernizr-2.6.2.min.js?ver=1.0 HTTP/1.1" 200 15414 0.000 "https://kevin.burke.dev/kevin/aws-alb-validation-tls-reply/" "Mozilla/5.0 (Windows NT 10.0; Win64; x64) AppleWebKit/537.36 (KHTML, like Gecko) Chrome/104.0.0.0 Safari/537.36"
185.244.215.234 - - [30/Nov/2022:00:09:34 +0000] kevin.burke.dev "GET /wp-includes/js/jquery/jquery.min.js?ver=3.6.0 HTTP/1.1" 200 89521 0.000 "https://kevin.burke.dev/kevin/aws-alb-validation-tls-reply/" "Mozilla/5.0 (Windows NT 10.0; Win64; x64) AppleWebKit/537.36 (KHTML, like Gecko) Chrome/104.0.0.0 Safari/537.36"
185.244.215.234 - - [30/Nov/2022:00:09:34 +0000] kevin.burke.dev "GET /wp-includes/js/jquery/jquery-migrate.min.js?ver=3.3.2 HTTP/1.1" 200 11224 0.000 "https://kevin.burke.dev/kevin/aws-alb-validation-tls-reply/" "Mozilla/5.0 (Windows NT 10.0; Win64; x64) AppleWebKit/537.36 (KHTML, like Gecko) Chrome/104.0.0.0 Safari/537.36"
185.244.215.234 - - [30/Nov/2022:00:09:36 +0000] kevin.burke.dev "GET /wp-content/themes/flat-ui/js/main.js?ver=1.0 HTTP/1.1" 200 1354 0.000 "https://kevin.burke.dev/kevin/aws-alb-validation-tls-reply/" "Mozilla/5.0 (Windows NT 10.0; Win64; x64) AppleWebKit/537.36 (KHTML, like Gecko) Chrome/104.0.0.0 Safari/537.36"
185.244.215.234 - - [30/Nov/2022:00:09:36 +0000] kevin.burke.dev "GET /wp-includes/js/comment-reply.min.js?ver=6.0.1 HTTP/1.1" 200 2981 0.000 "https://kevin.burke.dev/kevin/aws-alb-validation-tls-reply/" "Mozilla/5.0 (Windows NT 10.0; Win64; x64) AppleWebKit/537.36 (KHTML, like Gecko) Chrome/104.0.0.0 Safari/537.36"
185.244.215.234 - - [30/Nov/2022:00:09:36 +0000] kevin.burke.dev "GET /wp-content/themes/twentytwelve/js/navigation.js?ver=20141205 HTTP/1.1" 200 1552 0.000 "https://kevin.burke.dev/kevin/aws-alb-validation-tls-reply/" "Mozilla/5.0 (Windows NT 10.0; Win64; x64) AppleWebKit/537.36 (KHTML, like Gecko) Chrome/104.0.0.0 Safari/537.36"
185.244.215.234 - - [30/Nov/2022:00:09:36 +0000] kevin.burke.dev "GET /wp-includes/js/wp-emoji-release.min.js?ver=6.0.1 HTTP/1.1" 200 18617 0.000 "https://kevin.burke.dev/kevin/aws-alb-validation-tls-reply/" "Mozilla/5.0 (Windows NT 10.0; Win64; x64) AppleWebKit/537.36 (KHTML, like Gecko) Chrome/104.0.0.0 Safari/537.36"
185.244.215.234 - - [30/Nov/2022:00:09:36 +0000] kevin.burke.dev "GET /wp-content/themes/flat-ui/img/kevin-mask-2-small.png HTTP/1.1" 200 16868 0.000 "https://kevin.burke.dev/kevin/aws-alb-validation-tls-reply/" "Mozilla/5.0 (Windows NT 10.0; Win64; x64) AppleWebKit/537.36 (KHTML, like Gecko) Chrome/104.0.0.0 Safari/537.36"
185.244.215.234 - - [30/Nov/2022:00:09:36 +0000] kevin.burke.dev "GET /wp-content/themes/flat-ui/font/genericons-regular-webfont.woff HTTP/1.1" 200 9240 0.000 "https://kevin.burke.dev/wp-content/themes/flat-ui/style.css?ver=20190507" "Mozilla/5.0 (Windows NT 10.0; Win64; x64) AppleWebKit/537.36 (KHTML, like Gecko) Chrome/104.0.0.0 Safari/537.36"
3.85.50.167 - - [30/Nov/2022:00:09:39 +0000] kevin.burke.dev "GET /kevin/invalid-username-or-password-useless/ HTTP/1.1" 200 85213 0.106 "-" "Slackbot-LinkExpanding 1.0 (+https://api.slack.com/robots)"
3.88.222.230 - - [30/Nov/2022:00:09:39 +0000] kevin.burke.dev "GET /wp-json/oembed/1.0/embed?url=https%3A%2F%2Fkevin.burke.dev%2Fkevin%2Finvalid-username-or-password-useless%2F&maxheight=150 HTTP/1.1" 200 2629 0.042 "-" "Slackbot-LinkExpanding 1.0 (+https://api.slack.com/robots)"
44.192.99.39 - - [30/Nov/2022:00:09:39 +0000] kevin.burke.dev "GET /favicon.ico HTTP/1.1" 404 146 0.000 "-" "Slackbot 1.0 (+https://api.slack.com/robots)"
125.128.63.112 - - [30/Nov/2022:00:09:43 +0000] kevin.burke.dev "GET /kevin/invalid-username-or-password-useless/ HTTP/1.1" 200 85214 0.079 "-" "Mozilla/5.0 (Macintosh; Intel Mac OS X 10_15_7) AppleWebKit/537.36 (KHTML, like Gecko) Chrome/107.0.0.0 Safari/537.36"
125.128.63.112 - - [30/Nov/2022:00:09:43 +0000] kevin.burke.dev "GET /wp-content/themes/flat-ui/style.css?ver=20190507 HTTP/1.1" 200 12464 0.000 "https://kevin.burke.dev/kevin/invalid-username-or-password-useless/" "Mozilla/5.0 (Macintosh; Intel Mac OS X 10_15_7) AppleWebKit/537.36 (KHTML, like Gecko) Chrome/107.0.0.0 Safari/537.36"
125.128.63.112 - - [30/Nov/2022:00:09:43 +0000] kevin.burke.dev "GET /wp-includes/css/dist/block-library/style.min.css?ver=6.0.1 HTTP/1.1" 200 88932 0.141 "https://kevin.burke.dev/kevin/invalid-username-or-password-useless/" "Mozilla/5.0 (Macintosh; Intel Mac OS X 10_15_7) AppleWebKit/537.36 (KHTML, like Gecko) Chrome/107.0.0.0 Safari/537.36"
125.128.63.112 - - [30/Nov/2022:00:09:43 +0000] kevin.burke.dev "GET /wp-content/themes/flat-ui/css/blog.css?ver=6.0.1 HTTP/1.1" 200 7644 0.000 "https://kevin.burke.dev/kevin/invalid-username-or-password-useless/" "Mozilla/5.0 (Macintosh; Intel Mac OS X 10_15_7) AppleWebKit/537.36 (KHTML, like Gecko) Chrome/107.0.0.0 Safari/537.36"
125.128.63.112 - - [30/Nov/2022:00:09:43 +0000] kevin.burke.dev "GET /wp-includes/js/wp-emoji-release.min.js?ver=6.0.1 HTTP/1.1" 200 18617 0.000 "https://kevin.burke.dev/kevin/invalid-username-or-password-useless/" "Mozilla/5.0 (Macintosh; Intel Mac OS X 10_15_7) AppleWebKit/537.36 (KHTML, like Gecko) Chrome/107.0.0.0 Safari/537.36"
125.128.63.112 - - [30/Nov/2022:00:09:44 +0000] kevin.burke.dev "GET /wp-content/themes/twentytwelve/css/blocks.css?ver=20190406 HTTP/1.1" 200 10553 0.000 "https://kevin.burke.dev/kevin/invalid-username-or-password-useless/" "Mozilla/5.0 (Macintosh; Intel Mac OS X 10_15_7) AppleWebKit/537.36 (KHTML, like Gecko) Chrome/107.0.0.0 Safari/537.36"
125.128.63.112 - - [30/Nov/2022:00:09:44 +0000] kevin.burke.dev "GET /wp-content/themes/flat-ui/js/vendor/modernizr-2.6.2.min.js?ver=1.0 HTTP/1.1" 200 15414 0.000 "https://kevin.burke.dev/kevin/invalid-username-or-password-useless/" "Mozilla/5.0 (Macintosh; Intel Mac OS X 10_15_7) AppleWebKit/537.36 (KHTML, like Gecko) Chrome/107.0.0.0 Safari/537.36"
125.128.63.112 - - [30/Nov/2022:00:09:44 +0000] kevin.burke.dev "GET /wp-includes/js/jquery/jquery.min.js?ver=3.6.0 HTTP/1.1" 200 89521 0.000 "https://kevin.burke.dev/kevin/invalid-username-or-password-useless/" "Mozilla/5.0 (Macintosh; Intel Mac OS X 10_15_7) AppleWebKit/537.36 (KHTML, like Gecko) Chrome/107.0.0.0 Safari/537.36"
125.128.63.112 - - [30/Nov/2022:00:09:44 +0000] kevin.burke.dev "GET /wp-includes/js/jquery/jquery-migrate.min.js?ver=3.3.2 HTTP/1.1" 200 11224 0.000 "https://kevin.burke.dev/kevin/invalid-username-or-password-useless/" "Mozilla/5.0 (Macintosh; Intel Mac OS X 10_15_7) AppleWebKit/537.36 (KHTML, like Gecko) Chrome/107.0.0.0 Safari/537.36"
125.128.63.112 - - [30/Nov/2022:00:09:44 +0000] kevin.burke.dev "GET /wp-content/themes/flat-ui/js/main.js?ver=1.0 HTTP/1.1" 200 1354 0.000 "https://kevin.burke.dev/kevin/invalid-username-or-password-useless/" "Mozilla/5.0 (Macintosh; Intel Mac OS X 10_15_7) AppleWebKit/537.36 (KHTML, like Gecko) Chrome/107.0.0.0 Safari/537.36"
125.128.63.112 - - [30/Nov/2022:00:09:44 +0000] kevin.burke.dev "GET /wp-content/themes/flat-ui/img/kevin-mask-2-small.png HTTP/1.1" 200 16868 0.000 "https://kevin.burke.dev/kevin/invalid-username-or-password-useless/" "Mozilla/5.0 (Macintosh; Intel Mac OS X 10_15_7) AppleWebKit/537.36 (KHTML, like Gecko) Chrome/107.0.0.0 Safari/537.36"
125.128.63.112 - - [30/Nov/2022:00:09:44 +0000] kevin.burke.dev "GET /wp-includes/js/comment-reply.min.js?ver=6.0.1 HTTP/1.1" 200 2981 0.000 "https://kevin.burke.dev/kevin/invalid-username-or-password-useless/" "Mozilla/5.0 (Macintosh; Intel Mac OS X 10_15_7) AppleWebKit/537.36 (KHTML, like Gecko) Chrome/107.0.0.0 Safari/537.36"
125.128.63.112 - - [30/Nov/2022:00:09:44 +0000] kevin.burke.dev "GET /wp-content/themes/twentytwelve/js/navigation.js?ver=20141205 HTTP/1.1" 200 1552 0.000 "https://kevin.burke.dev/kevin/invalid-username-or-password-useless/" "Mozilla/5.0 (Macintosh; Intel Mac OS X 10_15_7) AppleWebKit/537.36 (KHTML, like Gecko) Chrome/107.0.0.0 Safari/537.36"
125.128.63.112 - - [30/Nov/2022:00:09:44 +0000] kevin.burke.dev "GET /wp-content/themes/flat-ui/font/genericons-regular-webfont.woff HTTP/1.1" 200 9240 0.000 "https://kevin.burke.dev/wp-content/themes/flat-ui/style.css?ver=20190507" "Mozilla/5.0 (Macintosh; Intel Mac OS X 10_15_7) AppleWebKit/537.36 (KHTML, like Gecko) Chrome/107.0.0.0 Safari/537.36"
125.128.63.112 - - [30/Nov/2022:00:09:46 +0000] kevin.burke.dev "GET /favicon.ico HTTP/1.1" 404 548 0.000 "https://kevin.burke.dev/kevin/invalid-username-or-password-useless/" "Mozilla/5.0 (Macintosh; Intel Mac OS X 10_15_7) AppleWebKit/537.36 (KHTML, like Gecko) Chrome/107.0.0.0 Safari/537.36"
69.162.124.230 - - [30/Nov/2022:00:09:48 +0000] kevin.burke.dev "HEAD / HTTP/1.1" 200 0 0.028 "https://kevin.burke.dev" "Mozilla/5.0+(compatible; UptimeRobot/2.0; http://www.uptimerobot.com/)"
2001:4860:7:30e::ff - - [30/Nov/2022:00:09:48 +0000] kevin.burke.dev "GET /kevin/how-to-get-a-human-operator-on-the-california-edd-paid-family-leave-line/ HTTP/1.1" 200 69874 0.058 "-" "Mozilla/5.0 (Linux; Android 10; K) AppleWebKit/537.36 (KHTML, like Gecko) Chrome/104.0.0.0 Mobile Safari/537.36"
89.187.180.16 - - [30/Nov/2022:00:09:49 +0000] kevin.burke.dev "GET /kevin/invalid-username-or-password-useless/ HTTP/1.1" 200 85213 0.083 "-" "Mozilla/5.0 (Macintosh; Intel Mac OS X 10_15_7) AppleWebKit/537.36 (KHTML, like Gecko) Chrome/107.0.0.0 Safari/537.36"
89.187.180.16 - - [30/Nov/2022:00:09:49 +0000] kevin.burke.dev "GET /wp-includes/css/dist/block-library/style.min.css?ver=6.0.1 HTTP/1.1" 200 88932 0.000 "https://kevin.burke.dev/kevin/invalid-username-or-password-useless/" "Mozilla/5.0 (Macintosh; Intel Mac OS X 10_15_7) AppleWebKit/537.36 (KHTML, like Gecko) Chrome/107.0.0.0 Safari/537.36"
89.187.180.16 - - [30/Nov/2022:00:09:49 +0000] kevin.burke.dev "GET /wp-content/themes/twentytwelve/css/blocks.css?ver=20190406 HTTP/1.1" 200 10553 0.000 "https://kevin.burke.dev/kevin/invalid-username-or-password-useless/" "Mozilla/5.0 (Macintosh; Intel Mac OS X 10_15_7) AppleWebKit/537.36 (KHTML, like Gecko) Chrome/107.0.0.0 Safari/537.36"
89.187.180.16 - - [30/Nov/2022:00:09:49 +0000] kevin.burke.dev "GET /wp-content/themes/flat-ui/style.css?ver=20190507 HTTP/1.1" 200 12464 0.000 "https://kevin.burke.dev/kevin/invalid-username-or-password-useless/" "Mozilla/5.0 (Macintosh; Intel Mac OS X 10_15_7) AppleWebKit/537.36 (KHTML, like Gecko) Chrome/107.0.0.0 Safari/537.36"
89.187.180.16 - - [30/Nov/2022:00:09:49 +0000] kevin.burke.dev "GET /wp-content/themes/flat-ui/css/blog.css?ver=6.0.1 HTTP/1.1" 200 7644 0.000 "https://kevin.burke.dev/kevin/invalid-username-or-password-useless/" "Mozilla/5.0 (Macintosh; Intel Mac OS X 10_15_7) AppleWebKit/537.36 (KHTML, like Gecko) Chrome/107.0.0.0 Safari/537.36"
89.187.180.16 - - [30/Nov/2022:00:09:49 +0000] kevin.burke.dev "GET /wp-content/themes/flat-ui/js/vendor/modernizr-2.6.2.min.js?ver=1.0 HTTP/1.1" 200 15414 0.000 "https://kevin.burke.dev/kevin/invalid-username-or-password-useless/" "Mozilla/5.0 (Macintosh; Intel Mac OS X 10_15_7) AppleWebKit/537.36 (KHTML, like Gecko) Chrome/107.0.0.0 Safari/537.36"
62.210.215.118 - - [30/Nov/2022:00:09:49 +0000] kevin.burke.dev "GET /kevin/how-not-to-ask-questions-at-conference/feed/ HTTP/1.1" 200 13966 0.084 "-" "Mozilla/5.0 (X11; Linux i686) AppleWebKit/537.36 (KHTML, like Gecko) Chrome/30.0.1599.66 Safari/537.36"
89.187.180.16 - - [30/Nov/2022:00:09:49 +0000] kevin.burke.dev "GET /wp-includes/js/jquery/jquery-migrate.min.js?ver=3.3.2 HTTP/1.1" 200 11224 0.000 "https://kevin.burke.dev/kevin/invalid-username-or-password-useless/" "Mozilla/5.0 (Macintosh; Intel Mac OS X 10_15_7) AppleWebKit/537.36 (KHTML, like Gecko) Chrome/107.0.0.0 Safari/537.36"
89.187.180.16 - - [30/Nov/2022:00:09:49 +0000] kevin.burke.dev "GET /wp-includes/js/jquery/jquery.min.js?ver=3.6.0 HTTP/1.1" 200 89521 0.048 "https://kevin.burke.dev/kevin/invalid-username-or-password-useless/" "Mozilla/5.0 (Macintosh; Intel Mac OS X 10_15_7) AppleWebKit/537.36 (KHTML, like Gecko) Chrome/107.0.0.0 Safari/537.36"
89.187.180.16 - - [30/Nov/2022:00:09:49 +0000] kevin.burke.dev "GET /wp-includes/js/wp-emoji-release.min.js?ver=6.0.1 HTTP/1.1" 200 18617 0.000 "https://kevin.burke.dev/kevin/invalid-username-or-password-useless/" "Mozilla/5.0 (Macintosh; Intel Mac OS X 10_15_7) AppleWebKit/537.36 (KHTML, like Gecko) Chrome/107.0.0.0 Safari/537.36"
89.187.180.16 - - [30/Nov/2022:00:09:49 +0000] kevin.burke.dev "GET /wp-content/themes/flat-ui/img/kevin-mask-2-small.png HTTP/1.1" 200 16868 0.000 "https://kevin.burke.dev/kevin/invalid-username-or-password-useless/" "Mozilla/5.0 (Macintosh; Intel Mac OS X 10_15_7) AppleWebKit/537.36 (KHTML, like Gecko) Chrome/107.0.0.0 Safari/537.36"
89.187.180.16 - - [30/Nov/2022:00:09:49 +0000] kevin.burke.dev "GET /wp-content/themes/flat-ui/font/genericons-regular-webfont.woff HTTP/1.1" 200 9240 0.000 "https://kevin.burke.dev/wp-content/themes/flat-ui/style.css?ver=20190507" "Mozilla/5.0 (Macintosh; Intel Mac OS X 10_15_7) AppleWebKit/537.36 (KHTML, like Gecko) Chrome/107.0.0.0 Safari/537.36"
185.254.196.223 - - [30/Nov/2022:00:09:55 +0000] 146.190.2.153 "GET /.env HTTP/1.1" 301 162 0.000 "-" "Mozilla/5.0 (X11; Linux x86_64) AppleWebKit/537.36 (KHTML, like Gecko) Chrome/81.0.4044.129 Safari/537.36"
185.254.196.223 - - [30/Nov/2022:00:09:57 +0000] 146.190.2.153 "POST / HTTP/1.1" 301 162 0.036 "-" "Mozilla/5.0 (X11; Linux x86_64) AppleWebKit/537.36 (KHTML, like Gecko) Chrome/81.0.4044.129 Safari/537.36"
125.128.63.112 - - [30/Nov/2022:00:09:58 +0000] kevin.burke.dev "GET /kevin/invalid-username-or-password-useless/ HTTP/1.1" 200 85213 0.307 "-" "Mozilla/5.0 (Macintosh; Intel Mac OS X 10_15_7) AppleWebKit/537.36 (KHTML, like Gecko) Chrome/107.0.0.0 Safari/537.36"
185.119.81.98 - - [30/Nov/2022:00:09:59 +0000] kevin.burke.dev "GET /wp-login.php HTTP/1.1" 200 5732 0.032 "-" "Mozilla/5.0 (Windows NT 6.1) AppleWebKit/537.36 (KHTML, like Gecko) Chrome/46.0.2490.86 Safari/537.36"
